Archive member included to satisfy reference by file (symbol)

C:/Program Files/SEGGER/SEGGER Embedded Studio for ARM 4.12/lib/libc_v7em_fpv4_sp_d16_hard_t_le_eabi.a(libc_asm.o)
                              Output/spi_pca10040 Release/Obj/bsp.o (__aeabi_uldivmod)
C:/Program Files/SEGGER/SEGGER Embedded Studio for ARM 4.12/lib/libc_v7em_fpv4_sp_d16_hard_t_le_eabi.a(libc2.o)
                              Output/spi_pca10040 Release/Obj/nrf_log_str_formatter.o (isprint)
C:/Program Files/SEGGER/SEGGER Embedded Studio for ARM 4.12/lib/libc_v7em_fpv4_sp_d16_hard_t_le_eabi.a(libc2_asm.o)
                              Output/spi_pca10040 Release/Obj/nrf_log_frontend.o (memcpy)
C:/Program Files/SEGGER/SEGGER Embedded Studio for ARM 4.12/lib/libc_v7em_fpv4_sp_d16_hard_t_le_eabi.a(libc.o)
                              C:/Program Files/SEGGER/SEGGER Embedded Studio for ARM 4.12/lib/libc_v7em_fpv4_sp_d16_hard_t_le_eabi.a(libc2.o) (__heap_lock)
C:/Program Files/SEGGER/SEGGER Embedded Studio for ARM 4.12/lib/libdebugio_v7em_fpv4_sp_d16_hard_t_le_eabi.a(libdebugio.o)
                              Output/spi_pca10040 Release/Obj/thumb_crt0.o (debug_fopen)
C:/Program Files/SEGGER/SEGGER Embedded Studio for ARM 4.12/lib/libdebugio_mempoll_v7em_fpv4_sp_d16_hard_t_le_eabi.a(mempoll_debug_operations.o)
                              C:/Program Files/SEGGER/SEGGER Embedded Studio for ARM 4.12/lib/libdebugio_v7em_fpv4_sp_d16_hard_t_le_eabi.a(libdebugio.o) (__do_debug_operation)
C:/Program Files/SEGGER/SEGGER Embedded Studio for ARM 4.12/lib/libdebugio_mempoll_v7em_fpv4_sp_d16_hard_t_le_eabi.a(do_nv_debug_operation.o)
                              C:/Program Files/SEGGER/SEGGER Embedded Studio for ARM 4.12/lib/libdebugio_v7em_fpv4_sp_d16_hard_t_le_eabi.a(libdebugio.o) (__do_nvdebug_operation)
C:/Program Files/SEGGER/SEGGER Embedded Studio for ARM 4.12/lib/libm_v7em_fpv4_sp_d16_hard_t_le_eabi.a(libm_asm.o)
                              C:/Program Files/SEGGER/SEGGER Embedded Studio for ARM 4.12/lib/libc_v7em_fpv4_sp_d16_hard_t_le_eabi.a(libc2.o) (__aeabi_i2d)
C:/Program Files/SEGGER/SEGGER Embedded Studio for ARM 4.12/lib/libm_v7em_fpv4_sp_d16_hard_t_le_eabi.a(libm2.o)
                              C:/Program Files/SEGGER/SEGGER Embedded Studio for ARM 4.12/lib/libvfprintf_v7em_fpv4_sp_d16_hard_t_le_eabi.o (frexp)
C:/Program Files/SEGGER/SEGGER Embedded Studio for ARM 4.12/lib/libm_v7em_fpv4_sp_d16_hard_t_le_eabi.a(libm2_asm.o)
                              C:/Program Files/SEGGER/SEGGER Embedded Studio for ARM 4.12/lib/libm_v7em_fpv4_sp_d16_hard_t_le_eabi.a(libm2.o) (fabs)

Discarded input sections

 .text          0x0000000000000000        0x0 Output/spi_pca10040 Release/Obj/thumb_crt0.o
 .data          0x0000000000000000        0x0 Output/spi_pca10040 Release/Obj/thumb_crt0.o
 .bss           0x0000000000000000        0x0 Output/spi_pca10040 Release/Obj/thumb_crt0.o
 .text.__aeabi_read_tp
                0x0000000000000000        0x8 Output/spi_pca10040 Release/Obj/thumb_crt0.o
 .text.abort    0x0000000000000000        0x2 Output/spi_pca10040 Release/Obj/thumb_crt0.o
 .text.__assert
                0x0000000000000000        0x2 Output/spi_pca10040 Release/Obj/thumb_crt0.o
 .text.__aeabi_assert
                0x0000000000000000        0x2 Output/spi_pca10040 Release/Obj/thumb_crt0.o
 .text.__sync_synchronize
                0x0000000000000000        0x2 Output/spi_pca10040 Release/Obj/thumb_crt0.o
 .text.__getchar
                0x0000000000000000        0x4 Output/spi_pca10040 Release/Obj/thumb_crt0.o
 .text.__putchar
                0x0000000000000000        0x4 Output/spi_pca10040 Release/Obj/thumb_crt0.o
 .text.__open   0x0000000000000000        0x4 Output/spi_pca10040 Release/Obj/thumb_crt0.o
 .text.__close  0x0000000000000000        0x4 Output/spi_pca10040 Release/Obj/thumb_crt0.o
 .text.__write  0x0000000000000000        0xa Output/spi_pca10040 Release/Obj/thumb_crt0.o
 .text.__read   0x0000000000000000        0xa Output/spi_pca10040 Release/Obj/thumb_crt0.o
 .text.__seek   0x0000000000000000       0x1a Output/spi_pca10040 Release/Obj/thumb_crt0.o
 .bss.__user_locale_name_buffer
                0x0000000000000000        0x4 Output/spi_pca10040 Release/Obj/thumb_crt0.o
 .stack         0x0000000000000000        0x0 Output/spi_pca10040 Release/Obj/thumb_crt0.o
 .stack_process
                0x0000000000000000        0x0 Output/spi_pca10040 Release/Obj/thumb_crt0.o
 .heap          0x0000000000000000        0x0 Output/spi_pca10040 Release/Obj/thumb_crt0.o
 .group         0x0000000000000000        0xc Output/spi_pca10040 Release/Obj/nrf_log_backend_rtt.o
 .group         0x0000000000000000        0xc Output/spi_pca10040 Release/Obj/nrf_log_backend_rtt.o
 .group         0x0000000000000000        0xc Output/spi_pca10040 Release/Obj/nrf_log_backend_rtt.o
 .group         0x0000000000000000        0xc Output/spi_pca10040 Release/Obj/nrf_log_backend_rtt.o
[...]
Memory Configuration

Name             Origin             Length             Attributes
UNPLACED_SECTIONS 0x0000000100000000 0x0000000000000000 xw
RAM              0x0000000020000000 0x0000000000010000 xw
FLASH            0x0000000000000000 0x0000000000080000 xw
*default*        0x0000000000000000 0xffffffffffffffff

Linker script and memory map

                0x0000000000000000                __vfprintf = __vfprintf_long
                0x0000000000000000                __vfscanf = __vfscanf_long
                0x0000000020000000                __RAM_segment_start__ = 0x20000000
                0x0000000020010000                __RAM_segment_end__ = 0x20010000
                0x0000000000010000                __RAM_segment_size__ = 0x10000
                0x0000000000000000                __FLASH_segment_start__ = 0x0
                0x0000000000080000                __FLASH_segment_end__ = 0x80000
                0x0000000000080000                __FLASH_segment_size__ = 0x80000
                0x0000000000002000                __HEAPSIZE__ = 0x2000
                0x0000000000000000                __STACKSIZE_PROCESS__ = 0x0
                0x0000000000002000                __STACKSIZE__ = 0x2000
                0x0000000020000000                __vectors_ram_load_start__ = 0x20000000

.vectors_ram    0x0000000020000000        0x0
                0x0000000020000000                __vectors_ram_start__ = .
                0x0000000020000000                __app_ram_start__ = __vectors_ram_start__
 *(.vectors_ram .vectors_ram.*)
                0x0000000020000000                __vectors_ram_end__ = (__vectors_ram_start__ + SIZEOF (.vectors_ram))
                0x0000000000000000                __vectors_ram_size__ = SIZEOF (.vectors_ram)
                0x0000000020000000                __vectors_ram_load_end__ = __vectors_ram_end__
                0x0000000000000001                . = ASSERT (((__vectors_ram_start__ == __vectors_ram_end__) || ((__vectors_ram_end__ >= __RAM_segment_start__) && (__vectors_ram_end__ <= __RAM_segment_end__))), error: .vectors_ram is too large to fit in RAM memory segment)
                0x0000000020000000                __nrf_sections_run_load_start__ = ALIGN (__vectors_ram_end__, 0x4)

.nrf_sections_run
                0x0000000020000000        0x0
                0x0000000020000000                __nrf_sections_run_start__ = .
                0x0000000020000000                __start_nrf_sections_run = __nrf_sections_run_start__
 *(.nrf_sections_run .nrf_sections_run.*)
                0x0000000020000000                __nrf_sections_run_end__ = (__nrf_sections_run_start__ + SIZEOF (.nrf_sections_run))
                0x0000000000000000                __nrf_sections_run_size__ = SIZEOF (.nrf_sections_run)
                0x0000000020000000                __nrf_sections_run_load_end__ = __nrf_sections_run_end__
                0x0000000000000001                . = ASSERT (((__nrf_sections_run_start__ == __nrf_sections_run_end__) || ((__nrf_sections_run_end__ >= __RAM_segment_start__) && (__nrf_sections_run_end__ <= __RAM_segment_end__))), error: .nrf_sections_run is too large to fit in RAM memory segment)
                0x0000000000000000                __vectors_load_start__ = 0x0

.vectors        0x0000000000000000      0x200
                0x0000000000000000                __vectors_start__ = .
 *(.vectors .vectors.*)
 .vectors       0x0000000000000000      0x200 Output/spi_pca10040 Release/Obj/ses_startup_nrf52.o
                0x0000000000000000                _vectors
                0x0000000000000200                __vectors_end__ = (__vectors_start__ + SIZEOF (.vectors))
                0x0000000000000200                __vectors_size__ = SIZEOF (.vectors)
                0x0000000000000200                __vectors_load_end__ = __vectors_end__
                0x0000000000000001                . = ASSERT (((__vectors_start__ == __vectors_end__) || ((__vectors_end__ >= __FLASH_segment_start__) && (__vectors_end__ <= __FLASH_segment_end__))), error: .vectors is too large to fit in FLASH memory segment)
                0x0000000000000200                __init_load_start__ = ALIGN (__vectors_end__, 0x4)

.init           0x0000000000000200      0x1d8
                0x0000000000000200                __init_start__ = .
 *(.init .init.*)
 .init          0x0000000000000200      0x160 Output/spi_pca10040 Release/Obj/thumb_crt0.o
                0x0000000000000200                _start
                0x00000000000002b6                exit
 .init          0x0000000000000360       0x18 Output/spi_pca10040 Release/Obj/ses_startup_nrf52.o
                0x0000000000000360                NMI_Handler
                0x0000000000000362                HardFault_Handler
                0x0000000000000364                MemoryManagement_Handler
                0x0000000000000366                BusFault_Handler
                0x0000000000000368                UsageFault_Handler
                0x000000000000036a                SVC_Handler
                0x000000000000036c                DebugMon_Handler
                0x000000000000036e                PendSV_Handler
                0x0000000000000370                SysTick_Handler
                0x0000000000000372                SWI2_EGU2_IRQHandler
                0x0000000000000372                POWER_CLOCK_IRQHandler
                0x0000000000000372                RADIO_IRQHandler
                0x0000000000000372                PWM1_IRQHandler
                0x0000000000000372                TEMP_IRQHandler
                0x0000000000000372                QDEC_IRQHandler
                0x0000000000000372                RTC0_IRQHandler
                0x0000000000000372                FPU_IRQHandler
                0x0000000000000372                PDM_IRQHandler
                0x0000000000000372                TIMER4_IRQHandler
                0x0000000000000372                I2S_IRQHandler
                0x0000000000000372                SWI4_EGU4_IRQHandler
                0x0000000000000372                TIMER0_IRQHandler
                0x0000000000000372                Dummy_Handler
                0x0000000000000372                TIMER1_IRQHandler
                0x0000000000000372                PWM2_IRQHandler
                0x0000000000000372                ECB_IRQHandler
                0x0000000000000372                SPIM1_SPIS1_TWIM1_TWIS1_SPI1_TWI1_IRQHandler
                0x0000000000000372                SAADC_IRQHandler
                0x0000000000000372                CCM_AAR_IRQHandler
                0x0000000000000372                WDT_IRQHandler
                0x0000000000000372                TIMER3_IRQHandler
                0x0000000000000372                SWI5_EGU5_IRQHandler
                0x0000000000000372                RNG_IRQHandler
                0x0000000000000372                RTC2_IRQHandler
                0x0000000000000372                PWM0_IRQHandler
                0x0000000000000372                SWI3_EGU3_IRQHandler
                0x0000000000000372                SWI1_EGU1_IRQHandler
                0x0000000000000372                SPIM2_SPIS2_SPI2_IRQHandler
                0x0000000000000372                NFCT_IRQHandler
                0x0000000000000372                TIMER2_IRQHandler
                0x0000000000000372                MWU_IRQHandler
                0x0000000000000372                COMP_LPCOMP_IRQHandler
                0x0000000000000374                nRFInitialize
 .init          0x0000000000000378       0x60 Output/spi_pca10040 Release/Obj/ses_startup_nrf_common.o
                0x0000000000000378                Reset_Handler
                0x00000000000003a0                InitializeUserMemorySections
                0x00000000000003d8                __init_end__ = (__init_start__ + SIZEOF (.init))
                0x00000000000001d8                __init_size__ = SIZEOF (.init)
                0x00000000000003d8                __init_load_end__ = __init_end__
                0x0000000000000001                . = ASSERT (((__init_start__ == __init_end__) || ((__init_end__ >= __FLASH_segment_start__) && (__init_end__ <= __FLASH_segment_end__))), error: .init is too large to fit in FLASH memory segment)
                0x00000000000003d8                __init_rodata_load_start__ = ALIGN (__init_end__, 0x4)

.init_rodata    0x00000000000003d8        0x0
                0x00000000000003d8                __init_rodata_start__ = .
 *(.init_rodata .init_rodata.*)
                0x00000000000003d8                __init_rodata_end__ = (__init_rodata_start__ + SIZEOF (.init_rodata))
                0x0000000000000000                __init_rodata_size__ = SIZEOF (.init_rodata)
                0x00000000000003d8                __init_rodata_load_end__ = __init_rodata_end__
                0x0000000000000001                . = ASSERT (((__init_rodata_start__ == __init_rodata_end__) || ((__init_rodata_end__ >= __FLASH_segment_start__) && (__init_rodata_end__ <= __FLASH_segment_end__))), error: .init_rodata is too large to fit in FLASH memory segment)
                0x00000000000003d8                __text_load_start__ = ALIGN (__init_rodata_end__, 0x4)

.text           0x00000000000003d8     0x390a
                0x00000000000003d8                __text_start__ = .
 *(.text .text.* .glue_7t .glue_7 .gnu.linkonce.t.* .gcc_except_table .ARM.extab* .gnu.linkonce.armextab.*)
 .glue_7        0x00000000000003d8        0x0 linker stubs
 .glue_7t       0x00000000000003d8        0x0 linker stubs
 .text.nrf_log_backend_rtt_flush
                0x00000000000003d8        0x2 Output/spi_pca10040 Release/Obj/nrf_log_backend_rtt.o
 *fill*         0x00000000000003da        0x2 
 .text.nrf_log_backend_rtt_put
                0x00000000000003dc       0x1c Output/spi_pca10040 Release/Obj/nrf_log_backend_rtt.o
 .text.serial_tx
                0x00000000000003f8       0x50 Output/spi_pca10040 Release/Obj/nrf_log_backend_rtt.o
 .text.nrf_log_backend_rtt_panic_set
                0x0000000000000448        0x2 Output/spi_pca10040 Release/Obj/nrf_log_backend_rtt.o
 .text.nrf_log_backend_rtt_init
                0x000000000000044a        0x4 Output/spi_pca10040 Release/Obj/nrf_log_backend_rtt.o
                0x000000000000044a                nrf_log_backend_rtt_init
 .text.nrf_log_backend_serial_put
                0x000000000000044e       0xcc Output/spi_pca10040 Release/Obj/nrf_log_backend_serial.o
                0x000000000000044e                nrf_log_backend_serial_put
 *fill*         0x000000000000051a        0x2 
 .text.nrf_log_default_backends_init
                0x000000000000051c       0x20 Output/spi_pca10040 Release/Obj/nrf_log_default_backends.o
                0x000000000000051c                nrf_log_default_backends_init
 .text.invalid_packets_omit
                0x000000000000053c       0x3a Output/spi_pca10040 Release/Obj/nrf_log_frontend.o
 *fill*         0x0000000000000576        0x2 
 .text.buf_prealloc
                0x0000000000000578      0x12c Output/spi_pca10040 Release/Obj/nrf_log_frontend.o
 .text.nrf_log_init
                0x00000000000006a4       0x3c Output/spi_pca10040 Release/Obj/nrf_log_frontend.o
                0x00000000000006a4                nrf_log_init
 .text.nrf_log_module_name_get
                0x00000000000006e0       0x38 Output/spi_pca10040 Release/Obj/nrf_log_frontend.o
                0x00000000000006e0                nrf_log_module_name_get
 .text.nrf_log_color_id_get
                0x0000000000000718       0x2c Output/spi_pca10040 Release/Obj/nrf_log_frontend.o
                0x0000000000000718                nrf_log_color_id_get
 .text.buffer_is_empty
                0x0000000000000744       0x14 Output/spi_pca10040 Release/Obj/nrf_log_frontend.o
                0x0000000000000744                buffer_is_empty
 .text.nrf_log_frontend_dequeue
                0x0000000000000758      0x220 Output/spi_pca10040 Release/Obj/nrf_log_frontend.o
                0x0000000000000758                nrf_log_frontend_dequeue
 .text.std_n    0x0000000000000978       0xb0 Output/spi_pca10040 Release/Obj/nrf_log_frontend.o
 .text.nrf_log_frontend_std_0
                0x0000000000000a28        0x8 Output/spi_pca10040 Release/Obj/nrf_log_frontend.o
                0x0000000000000a28                nrf_log_frontend_std_0
 .text.nrf_log_frontend_std_1
                0x0000000000000a30       0x14 Output/spi_pca10040 Release/Obj/nrf_log_frontend.o
                0x0000000000000a30                nrf_log_frontend_std_1
 .text.nrf_log_frontend_std_4
                0x0000000000000a44       0x1c Output/spi_pca10040 Release/Obj/nrf_log_frontend.o
                0x0000000000000a44                nrf_log_frontend_std_4
 .text.nrf_log_backend_add
                0x0000000000000a60       0x44 Output/spi_pca10040 Release/Obj/nrf_log_frontend.o
                0x0000000000000a60                nrf_log_backend_add
 .text.nrf_log_panic
                0x0000000000000aa4       0x2c Output/spi_pca10040 Release/Obj/nrf_log_frontend.o
                0x0000000000000aa4                nrf_log_panic
 .text.postfix_process
                0x0000000000000ad0       0x3c Output/spi_pca10040 Release/Obj/nrf_log_str_formatter.o
 .text.prefix_process
                0x0000000000000b0c       0x78 Output/spi_pca10040 Release/Obj/nrf_log_str_formatter.o
 .text.nrf_log_std_entry_process
                0x0000000000000b84       0xc8 Output/spi_pca10040 Release/Obj/nrf_log_str_formatter.o
                0x0000000000000b84                nrf_log_std_entry_process
 .text.nrf_log_hexdump_entry_process
                0x0000000000000c4c       0xb4 Output/spi_pca10040 Release/Obj/nrf_log_str_formatter.o
                0x0000000000000c4c                nrf_log_hexdump_entry_process
 .text.bsp_board_led_off
                0x0000000000000d00       0x18 Output/spi_pca10040 Release/Obj/boards.o
                0x0000000000000d00                bsp_board_led_off
 .text.bsp_board_leds_off
                0x0000000000000d18       0x1e Output/spi_pca10040 Release/Obj/boards.o
                0x0000000000000d18                bsp_board_leds_off
 .text.bsp_board_init
                0x0000000000000d36       0x3e Output/spi_pca10040 Release/Obj/boards.o
                0x0000000000000d36                bsp_board_init
 .text.app_error_handler_bare
                0x0000000000000d74       0x1a Output/spi_pca10040 Release/Obj/app_error.o
                0x0000000000000d74                app_error_handler_bare
 *fill*         0x0000000000000d8e        0x2 
 .text.app_error_fault_handler
                0x0000000000000d90       0x70 Output/spi_pca10040 Release/Obj/app_error_weak.o
                0x0000000000000d90                app_error_fault_handler
 .text.nrfx_coredep_delay_us.constprop.3
                0x0000000000000e00       0x10 Output/spi_pca10040 Release/Obj/app_timer.o
 .text.rtc1_stop
                0x0000000000000e10       0x44 Output/spi_pca10040 Release/Obj/app_timer.o
 .text.RTC1_IRQHandler
                0x0000000000000e54       0x9c Output/spi_pca10040 Release/Obj/app_timer.o
                0x0000000000000e54                RTC1_IRQHandler
 .text.SWI0_EGU0_IRQHandler
                0x0000000000000ef0      0x2ac Output/spi_pca10040 Release/Obj/app_timer.o
                0x0000000000000ef0                SWI0_EGU0_IRQHandler
 .text.app_util_disable_irq
                0x000000000000119c       0x10 Output/spi_pca10040 Release/Obj/app_util_platform.o
                0x000000000000119c                app_util_disable_irq
 .text.app_util_enable_irq
                0x00000000000011ac       0x14 Output/spi_pca10040 Release/Obj/app_util_platform.o
                0x00000000000011ac                app_util_enable_irq
 .text.app_util_critical_region_enter
                0x00000000000011c0        0x4 Output/spi_pca10040 Release/Obj/app_util_platform.o
                0x00000000000011c0                app_util_critical_region_enter
 .text.app_util_critical_region_exit
                0x00000000000011c4        0x4 Output/spi_pca10040 Release/Obj/app_util_platform.o
                0x00000000000011c4                app_util_critical_region_exit
 .text.nrf_atomic_u32_fetch_store
                0x00000000000011c8       0x14 Output/spi_pca10040 Release/Obj/nrf_atomic.o
                0x00000000000011c8                nrf_atomic_u32_fetch_store
 .text.nrf_atomic_u32_or
                0x00000000000011dc       0x16 Output/spi_pca10040 Release/Obj/nrf_atomic.o
                0x00000000000011dc                nrf_atomic_u32_or
 .text.nrf_atomic_u32_fetch_and
                0x00000000000011f2       0x16 Output/spi_pca10040 Release/Obj/nrf_atomic.o
                0x00000000000011f2                nrf_atomic_u32_fetch_and
 .text.nrf_atomic_u32_add
                0x0000000000001208       0x16 Output/spi_pca10040 Release/Obj/nrf_atomic.o
                0x0000000000001208                nrf_atomic_u32_add
 .text.nrf_atomic_u32_sub
                0x000000000000121e       0x16 Output/spi_pca10040 Release/Obj/nrf_atomic.o
                0x000000000000121e                nrf_atomic_u32_sub
 .text.nrf_atomic_flag_set
                0x0000000000001234        0x6 Output/spi_pca10040 Release/Obj/nrf_atomic.o
                0x0000000000001234                nrf_atomic_flag_set
 .text.nrf_atomic_flag_clear_fetch
                0x000000000000123a        0x6 Output/spi_pca10040 Release/Obj/nrf_atomic.o
                0x000000000000123a                nrf_atomic_flag_clear_fetch
 .text.nrf_balloc_init
                0x0000000000001240       0x2e Output/spi_pca10040 Release/Obj/nrf_balloc.o
                0x0000000000001240                nrf_balloc_init
 .text.nrf_balloc_alloc
                0x000000000000126e       0x40 Output/spi_pca10040 Release/Obj/nrf_balloc.o
                0x000000000000126e                nrf_balloc_alloc
 .text.nrf_balloc_free
                0x00000000000012ae       0x2a Output/spi_pca10040 Release/Obj/nrf_balloc.o
                0x00000000000012ae                nrf_balloc_free
 .text.nrf_fprintf_buffer_flush
                0x00000000000012d8       0x16 Output/spi_pca10040 Release/Obj/nrf_fprintf.o
                0x00000000000012d8                nrf_fprintf_buffer_flush
 .text.nrf_fprintf
                0x00000000000012ee       0x1e Output/spi_pca10040 Release/Obj/nrf_fprintf.o
                0x00000000000012ee                nrf_fprintf
 .text.buffer_add
                0x000000000000130c       0x2e Output/spi_pca10040 Release/Obj/nrf_fprintf_format.o
 *fill*         0x000000000000133a        0x2 
 .text.unsigned_print
                0x000000000000133c       0xac Output/spi_pca10040 Release/Obj/nrf_fprintf_format.o
 .text.nrf_fprintf_fmt
                0x00000000000013e8      0x28a Output/spi_pca10040 Release/Obj/nrf_fprintf_format.o
                0x00000000000013e8                nrf_fprintf_fmt
 .text.memobj_op
                0x0000000000001672       0x82 Output/spi_pca10040 Release/Obj/nrf_memobj.o
 .text.nrf_memobj_pool_init
                0x00000000000016f4        0x4 Output/spi_pca10040 Release/Obj/nrf_memobj.o
                0x00000000000016f4                nrf_memobj_pool_init
 .text.nrf_memobj_free
                0x00000000000016f8       0x2c Output/spi_pca10040 Release/Obj/nrf_memobj.o
                0x00000000000016f8                nrf_memobj_free
 .text.nrf_memobj_alloc
                0x0000000000001724       0x5e Output/spi_pca10040 Release/Obj/nrf_memobj.o
                0x0000000000001724                nrf_memobj_alloc
 .text.nrf_memobj_get
                0x0000000000001782        0x8 Output/spi_pca10040 Release/Obj/nrf_memobj.o
                0x0000000000001782                nrf_memobj_get
 .text.nrf_memobj_put
                0x000000000000178a       0x1e Output/spi_pca10040 Release/Obj/nrf_memobj.o
                0x000000000000178a                nrf_memobj_put
 .text.nrf_memobj_write
                0x00000000000017a8       0x16 Output/spi_pca10040 Release/Obj/nrf_memobj.o
                0x00000000000017a8                nrf_memobj_write
 .text.nrf_memobj_read
                0x00000000000017be       0x16 Output/spi_pca10040 Release/Obj/nrf_memobj.o
                0x00000000000017be                nrf_memobj_read
 .text.nrf_ringbuf_init
                0x00000000000017d4       0x12 Output/spi_pca10040 Release/Obj/nrf_ringbuf.o
                0x00000000000017d4                nrf_ringbuf_init
 *fill*         0x00000000000017e6        0x2 
 .text.spim_evt_handler
                0x00000000000017e8       0x3c Output/spi_pca10040 Release/Obj/nrf_drv_spi.o
 .text.nrf_drv_spi_init
                0x0000000000001824       0x80 Output/spi_pca10040 Release/Obj/nrf_drv_spi.o
                0x0000000000001824                nrf_drv_spi_init
 .text.nrf_gpiote_event_clear
                0x00000000000018a4       0x18 Output/spi_pca10040 Release/Obj/nrfx_gpiote.o
 .text.nrf_gpio_cfg_sense_set
                0x00000000000018bc       0x20 Output/spi_pca10040 Release/Obj/nrfx_gpiote.o
 .text.channel_free
                0x00000000000018dc       0x1c Output/spi_pca10040 Release/Obj/nrfx_gpiote.o
 .text.nrfx_gpiote_init
                0x00000000000018f8       0x6c Output/spi_pca10040 Release/Obj/nrfx_gpiote.o
                0x00000000000018f8                nrfx_gpiote_init
 .text.nrfx_gpiote_in_init
                0x0000000000001964       0xf0 Output/spi_pca10040 Release/Obj/nrfx_gpiote.o
                0x0000000000001964                nrfx_gpiote_in_init
 .text.nrfx_gpiote_in_event_enable
                0x0000000000001a54       0x8c Output/spi_pca10040 Release/Obj/nrfx_gpiote.o
                0x0000000000001a54                nrfx_gpiote_in_event_enable
 .text.GPIOTE_IRQHandler
                0x0000000000001ae0      0x17c Output/spi_pca10040 Release/Obj/nrfx_gpiote.o
                0x0000000000001ae0                GPIOTE_IRQHandler
 .text.UARTE0_UART0_IRQHandler
                0x0000000000001c5c        0xc Output/spi_pca10040 Release/Obj/nrfx_prs.o
                0x0000000000001c5c                UARTE0_UART0_IRQHandler
 .text.nrfx_prs_acquire
                0x0000000000001c68       0x34 Output/spi_pca10040 Release/Obj/nrfx_prs.o
                0x0000000000001c68                nrfx_prs_acquire
 .text.SPIM0_SPIS0_TWIM0_TWIS0_SPI0_TWI0_IRQHandler
                0x0000000000001c9c       0x58 Output/spi_pca10040 Release/Obj/nrfx_spim.o
                0x0000000000001c9c                SPIM0_SPIS0_TWIM0_TWIS0_SPI0_TWI0_IRQHandler
 .text.nrfx_spim_init
                0x0000000000001cf4      0x1cc Output/spi_pca10040 Release/Obj/nrfx_spim.o
                0x0000000000001cf4                nrfx_spim_init
 .text.nrfx_spim_xfer
                0x0000000000001ec0      0x128 Output/spi_pca10040 Release/Obj/nrfx_spim.o
                0x0000000000001ec0                nrfx_spim_xfer
 .text.in_pin_handler
                0x0000000000001fe8        0xc Output/spi_pca10040 Release/Obj/main.o
                0x0000000000001fe8                in_pin_handler
 .text.user_spi_read
                0x0000000000001ff4       0x80 Output/spi_pca10040 Release/Obj/main.o
                0x0000000000001ff4                user_spi_read
 .text.nrf_delay_ms
                0x0000000000002074       0x1c Output/spi_pca10040 Release/Obj/main.o
 .text.user_spi_write
                0x0000000000002090       0x7c Output/spi_pca10040 Release/Obj/main.o
                0x0000000000002090                user_spi_write
 .text.spi_init
                0x000000000000210c       0x38 Output/spi_pca10040 Release/Obj/main.o
                0x000000000000210c                spi_init
 .text.sensor_init
                0x0000000000002144       0x94 Output/spi_pca10040 Release/Obj/main.o
                0x0000000000002144                sensor_init
 .text.sensor_config
                0x00000000000021d8       0x74 Output/spi_pca10040 Release/Obj/main.o
                0x00000000000021d8                sensor_config
 .text.sensor_read
                0x000000000000224c       0xa8 Output/spi_pca10040 Release/Obj/main.o
                0x000000000000224c                sensor_read
 .text.sensor_config_interrupt
                0x00000000000022f4       0x84 Output/spi_pca10040 Release/Obj/main.o
                0x00000000000022f4                sensor_config_interrupt
 .text.startup.main
                0x0000000000002378      0x120 Output/spi_pca10040 Release/Obj/main.o
                0x0000000000002378                main
 .text.null_ptr_check
                0x0000000000002498       0x1c Output/spi_pca10040 Release/Obj/bmi160.o
 .text.bmi160_get_regs
                0x00000000000024b4       0x2e Output/spi_pca10040 Release/Obj/bmi160.o
                0x00000000000024b4                bmi160_get_regs
 .text.bmi160_set_regs
                0x00000000000024e2       0x7a Output/spi_pca10040 Release/Obj/bmi160.o
                0x00000000000024e2                bmi160_set_regs
 .text.map_feature_interrupt
                0x000000000000255c       0x80 Output/spi_pca10040 Release/Obj/bmi160.o
 .text.map_hardware_interrupt
                0x00000000000025dc       0x6c Output/spi_pca10040 Release/Obj/bmi160.o
 .text.set_intr_pin_config
                0x0000000000002648       0xea Output/spi_pca10040 Release/Obj/bmi160.o
 *fill*         0x0000000000002732        0x2 
 .text.bmi160_soft_reset
                0x0000000000002734       0x64 Output/spi_pca10040 Release/Obj/bmi160.o
                0x0000000000002734                bmi160_soft_reset
 .text.bmi160_init
                0x0000000000002798       0x6c Output/spi_pca10040 Release/Obj/bmi160.o
                0x0000000000002798                bmi160_init
 .text.bmi160_set_power_mode
                0x0000000000002804      0x104 Output/spi_pca10040 Release/Obj/bmi160.o
                0x0000000000002804                bmi160_set_power_mode
 .text.bmi160_set_sens_conf
                0x0000000000002908      0x19c Output/spi_pca10040 Release/Obj/bmi160.o
                0x0000000000002908                bmi160_set_sens_conf
 .text.bmi160_get_sensor_data
                0x0000000000002aa4      0x1e2 Output/spi_pca10040 Release/Obj/bmi160.o
                0x0000000000002aa4                bmi160_get_sensor_data
 .text.bmi160_set_int_config
                0x0000000000002c86      0xa02 Output/spi_pca10040 Release/Obj/bmi160.o
                0x0000000000002c86                bmi160_set_int_config
 .text._GetAvailWriteSpace
                0x0000000000003688       0x1c Output/spi_pca10040 Release/Obj/SEGGER_RTT.o
 .text._WriteNoCheck
                0x00000000000036a4       0x3a Output/spi_pca10040 Release/Obj/SEGGER_RTT.o
 .text._WriteBlocking
                0x00000000000036de       0x52 Output/spi_pca10040 Release/Obj/SEGGER_RTT.o
 .text._DoInit  0x0000000000003730       0x60 Output/spi_pca10040 Release/Obj/SEGGER_RTT.o
 .text.SEGGER_RTT_WriteNoLock
                0x0000000000003790       0x68 Output/spi_pca10040 Release/Obj/SEGGER_RTT.o
                0x0000000000003790                SEGGER_RTT_WriteNoLock
 .text.SEGGER_RTT_Init
                0x00000000000037f8        0x4 Output/spi_pca10040 Release/Obj/SEGGER_RTT.o
                0x00000000000037f8                SEGGER_RTT_Init
 .text.errata_12
                0x00000000000037fc       0x40 Output/spi_pca10040 Release/Obj/system_nrf52.o
 .text.errata_16
                0x000000000000383c       0x34 Output/spi_pca10040 Release/Obj/system_nrf52.o
 .text.SystemInit
                0x0000000000003870      0x25c Output/spi_pca10040 Release/Obj/system_nrf52.o
                0x0000000000003870                SystemInit
 .text.libc.__RAL_ascii_isctype
                0x0000000000003acc       0x1c C:/Program Files/SEGGER/SEGGER Embedded Studio for ARM 4.12/lib/libc_v7em_fpv4_sp_d16_hard_t_le_eabi.a(libc2.o)
 .text.libc.__RAL_ascii_toupper
                0x0000000000003ae8        0xc C:/Program Files/SEGGER/SEGGER Embedded Studio for ARM 4.12/lib/libc_v7em_fpv4_sp_d16_hard_t_le_eabi.a(libc2.o)
 .text.libc.__RAL_ascii_tolower
                0x0000000000003af4        0xc C:/Program Files/SEGGER/SEGGER Embedded Studio for ARM 4.12/lib/libc_v7em_fpv4_sp_d16_hard_t_le_eabi.a(libc2.o)
 .text.libc.__RAL_ascii_iswctype
                0x0000000000003b00       0x1c C:/Program Files/SEGGER/SEGGER Embedded Studio for ARM 4.12/lib/libc_v7em_fpv4_sp_d16_hard_t_le_eabi.a(libc2.o)
 .text.libc.__RAL_ascii_towupper
                0x0000000000003b1c        0xc C:/Program Files/SEGGER/SEGGER Embedded Studio for ARM 4.12/lib/libc_v7em_fpv4_sp_d16_hard_t_le_eabi.a(libc2.o)
 .text.libc.__RAL_ascii_towlower
                0x0000000000003b28        0xc C:/Program Files/SEGGER/SEGGER Embedded Studio for ARM 4.12/lib/libc_v7em_fpv4_sp_d16_hard_t_le_eabi.a(libc2.o)
 .text.libc.__RAL_ascii_wctomb
                0x0000000000003b34        0xe C:/Program Files/SEGGER/SEGGER Embedded Studio for ARM 4.12/lib/libc_v7em_fpv4_sp_d16_hard_t_le_eabi.a(libc2.o)
                0x0000000000003b34                __RAL_ascii_wctomb
 .text.libc.__RAL_ascii_mbtowc
                0x0000000000003b42       0x24 C:/Program Files/SEGGER/SEGGER Embedded Studio for ARM 4.12/lib/libc_v7em_fpv4_sp_d16_hard_t_le_eabi.a(libc2.o)
                0x0000000000003b42                __RAL_ascii_mbtowc
 *fill*         0x0000000000003b66        0x2 
 .text.libc.__RAL_isctype
                0x0000000000003b68       0x14 C:/Program Files/SEGGER/SEGGER Embedded Studio for ARM 4.12/lib/libc_v7em_fpv4_sp_d16_hard_t_le_eabi.a(libc2.o)
                0x0000000000003b68                __RAL_isctype
 .text.libc.isprint
                0x0000000000003b7c        0xa C:/Program Files/SEGGER/SEGGER Embedded Studio for ARM 4.12/lib/libc_v7em_fpv4_sp_d16_hard_t_le_eabi.a(libc2.o)
                0x0000000000003b7c                isprint
 .text.libc.memcpy
                0x0000000000003b86       0x52 C:/Program Files/SEGGER/SEGGER Embedded Studio for ARM 4.12/lib/libc_v7em_fpv4_sp_d16_hard_t_le_eabi.a(libc2_asm.o)
                0x0000000000003b86                __aeabi_memcpy
                0x0000000000003b86                memcpy
                0x0000000000003b92                __aeabi_memcpy8
                0x0000000000003b92                __aeabi_memcpy4
 .text.libc.memset
                0x0000000000003bd8       0x66 C:/Program Files/SEGGER/SEGGER Embedded Studio for ARM 4.12/lib/libc_v7em_fpv4_sp_d16_hard_t_le_eabi.a(libc2_asm.o)
                0x0000000000003bd8                memset
 .text.libc.strcpy
                0x0000000000003c3e       0x44 C:/Program Files/SEGGER/SEGGER Embedded Studio for ARM 4.12/lib/libc_v7em_fpv4_sp_d16_hard_t_le_eabi.a(libc2_asm.o)
                0x0000000000003c3e                strcpy
 .text.libc.strlen
                0x0000000000003c82       0x60 C:/Program Files/SEGGER/SEGGER Embedded Studio for ARM 4.12/lib/libc_v7em_fpv4_sp_d16_hard_t_le_eabi.a(libc2_asm.o)
                0x0000000000003c82                strlen
                0x0000000000003ce2                __text_end__ = (__text_start__ + SIZEOF (.text))
                0x000000000000390a                __text_size__ = SIZEOF (.text)
                0x0000000000003ce2                __text_load_end__ = __text_end__

.vfp11_veneer   0x0000000100000000        0x0
 .vfp11_veneer  0x0000000100000000        0x0 linker stubs

.v4_bx          0x0000000100000000        0x0
 .v4_bx         0x0000000100000000        0x0 linker stubs

.iplt           0x0000000100000000        0x0
 .iplt          0x0000000100000000        0x0 Output/spi_pca10040 Release/Obj/thumb_crt0.o
                0x0000000000000001                . = ASSERT (((__text_start__ == __text_end__) || ((__text_end__ >= __FLASH_segment_start__) && (__text_end__ <= __FLASH_segment_end__))), error: .text is too large to fit in FLASH memory segment)
                0x0000000000003ce4                __log_const_data_load_start__ = ALIGN (__text_end__, 0x4)

.log_const_data
                0x0000000000003ce4       0x30
                0x0000000000003ce4                __log_const_data_start__ = .
                0x0000000000003ce4                __start_log_const_data = __log_const_data_start__
 *(SORT_BY_NAME(.log_const_data*))
 .log_const_data_GPIOTE
                0x0000000000003ce4        0x8 Output/spi_pca10040 Release/Obj/nrfx_gpiote.o
                0x0000000000003ce4                m_nrf_log_GPIOTE_logs_data_const
 .log_const_data_PRS
                0x0000000000003cec        0x8 Output/spi_pca10040 Release/Obj/nrfx_prs.o
                0x0000000000003cec                m_nrf_log_PRS_logs_data_const
 .log_const_data_SPIM
                0x0000000000003cf4        0x8 Output/spi_pca10040 Release/Obj/nrfx_spim.o
                0x0000000000003cf4                m_nrf_log_SPIM_logs_data_const
 .log_const_data_UART
                0x0000000000003cfc        0x8 Output/spi_pca10040 Release/Obj/nrfx_uart.o
                0x0000000000003cfc                m_nrf_log_UART_logs_data_const
 .log_const_data_UARTE
                0x0000000000003d04        0x8 Output/spi_pca10040 Release/Obj/nrfx_uarte.o
                0x0000000000003d04                m_nrf_log_UARTE_logs_data_const
 .log_const_data_app
                0x0000000000003d0c        0x8 Output/spi_pca10040 Release/Obj/nrf_log_frontend.o
                0x0000000000003d0c                m_nrf_log_app_logs_data_const
                0x0000000000003d14                __log_const_data_end__ = (__log_const_data_start__ + SIZEOF (.log_const_data))
                0x0000000000000030                __log_const_data_size__ = SIZEOF (.log_const_data)
                0x0000000000003d14                __stop_log_const_data = __log_const_data_end__
                0x0000000000003d14                __log_const_data_load_end__ = __log_const_data_end__
                0x0000000000000001                . = ASSERT (((__log_const_data_start__ == __log_const_data_end__) || ((__log_const_data_end__ >= __FLASH_segment_start__) && (__log_const_data_end__ <= __FLASH_segment_end__))), error: .log_const_data is too large to fit in FLASH memory segment)
                0x0000000000003d14                __log_backends_load_start__ = ALIGN (__log_const_data_end__, 0x4)

.log_backends   0x0000000000003d14       0x10
                0x0000000000003d14                __log_backends_start__ = .
                0x0000000000003d14                __start_log_backends = __log_backends_start__
 *(SORT_BY_NAME(.log_backends*))
 .log_backends  0x0000000000003d14       0x10 Output/spi_pca10040 Release/Obj/nrf_log_default_backends.o
                0x0000000000003d24                __log_backends_end__ = (__log_backends_start__ + SIZEOF (.log_backends))
                0x0000000000000010                __log_backends_size__ = SIZEOF (.log_backends)
                0x0000000000003d24                __stop_log_backends = __log_backends_end__
                0x0000000000003d24                __log_backends_load_end__ = __log_backends_end__
                0x0000000000000001                . = ASSERT (((__log_backends_start__ == __log_backends_end__) || ((__log_backends_end__ >= __FLASH_segment_start__) && (__log_backends_end__ <= __FLASH_segment_end__))), error: .log_backends is too large to fit in FLASH memory segment)
                0x0000000000003d24                __nrf_balloc_load_start__ = ALIGN (__log_backends_end__, 0x4)

.nrf_balloc     0x0000000000003d24       0x14
                0x0000000000003d24                __nrf_balloc_start__ = .
                0x0000000000003d24                __start_nrf_balloc = __nrf_balloc_start__
 *(.nrf_balloc*)
 .nrf_balloc    0x0000000000003d24       0x14 Output/spi_pca10040 Release/Obj/nrf_log_frontend.o
                0x0000000000003d24                log_mempool
                0x0000000000003d38                __nrf_balloc_end__ = (__nrf_balloc_start__ + SIZEOF (.nrf_balloc))
                0x0000000000000014                __nrf_balloc_size__ = SIZEOF (.nrf_balloc)
                0x0000000000003d38                __stop_nrf_balloc = __nrf_balloc_end__
                0x0000000000003d38                __nrf_balloc_load_end__ = __nrf_balloc_end__
                0x0000000000000001                . = ASSERT (((__nrf_balloc_start__ == __nrf_balloc_end__) || ((__nrf_balloc_end__ >= __FLASH_segment_start__) && (__nrf_balloc_end__ <= __FLASH_segment_end__))), error: .nrf_balloc is too large to fit in FLASH memory segment)
                0x0000000000003d38                __nrf_sections_load_start__ = ALIGN (__nrf_balloc_end__, 0x4)

.nrf_sections   0x0000000000003d38        0x0
                0x0000000000003d38                __nrf_sections_start__ = .
                0x0000000000003d38                __start_nrf_sections = __nrf_sections_start__
 *(.nrf_sections .nrf_sections.*)
                0x0000000000003d38                __nrf_sections_end__ = (__nrf_sections_start__ + SIZEOF (.nrf_sections))
                0x0000000000000000                __nrf_sections_size__ = SIZEOF (.nrf_sections)
                0x0000000000003d38                __nrf_sections_load_end__ = __nrf_sections_end__
                0x0000000000000001                . = ASSERT (((__nrf_sections_start__ == __nrf_sections_end__) || ((__nrf_sections_end__ >= __FLASH_segment_start__) && (__nrf_sections_end__ <= __FLASH_segment_end__))), error: .nrf_sections is too large to fit in FLASH memory segment)
                0x0000000000003d38                __log_dynamic_data_load_start__ = ALIGN (__nrf_sections_end__, 0x4)

.log_dynamic_data
                0x0000000020000000        0x0 load address 0x0000000000003d38
                0x0000000020000000                __log_dynamic_data_start__ = .
 *(SORT_BY_NAME(.log_dynamic_data*))
                0x0000000020000000                __log_dynamic_data_end__ = (__log_dynamic_data_start__ + SIZEOF (.log_dynamic_data))
                0x0000000000000000                __log_dynamic_data_size__ = SIZEOF (.log_dynamic_data)
                0x0000000000003d38                __log_dynamic_data_load_end__ = (__log_dynamic_data_load_start__ + SIZEOF (.log_dynamic_data))
                0x0000000000000001                . = ASSERT (((__log_dynamic_data_load_start__ == __log_dynamic_data_load_end__) || ((__log_dynamic_data_load_end__ >= __FLASH_segment_start__) && (__log_dynamic_data_load_end__ <= __FLASH_segment_end__))), error: .log_dynamic_data is too large to fit in FLASH memory segment)

.log_dynamic_data_run
                0x0000000020000000        0x0
                0x0000000020000000                __log_dynamic_data_run_start__ = .
                0x0000000020000000                __start_log_dynamic_data = __log_dynamic_data_run_start__
                0x0000000020000000                . = MAX ((__log_dynamic_data_run_start__ + SIZEOF (.log_dynamic_data)), .)
                0x0000000020000000                __log_dynamic_data_run_end__ = (__log_dynamic_data_run_start__ + SIZEOF (.log_dynamic_data_run))
                0x0000000000000000                __log_dynamic_data_run_size__ = SIZEOF (.log_dynamic_data_run)
                0x0000000020000000                __stop_log_dynamic_data = __log_dynamic_data_run_end__
                0x0000000020000000                __log_dynamic_data_run_load_end__ = __log_dynamic_data_run_end__
                0x0000000000000001                . = ASSERT (((__log_dynamic_data_run_start__ == __log_dynamic_data_run_end__) || ((__log_dynamic_data_run_end__ >= __RAM_segment_start__) && (__log_dynamic_data_run_end__ <= __RAM_segment_end__))), error: .log_dynamic_data_run is too large to fit in RAM memory segment)
                0x0000000000003d38                __log_filter_data_load_start__ = ALIGN ((__log_dynamic_data_load_start__ + SIZEOF (.log_dynamic_data)), 0x4)

.log_filter_data
                0x0000000020000000        0x0 load address 0x0000000000003d38
                0x0000000020000000                __log_filter_data_start__ = .
 *(SORT_BY_NAME(.log_filter_data*))
                0x0000000020000000                __log_filter_data_end__ = (__log_filter_data_start__ + SIZEOF (.log_filter_data))
                0x0000000000000000                __log_filter_data_size__ = SIZEOF (.log_filter_data)
                0x0000000000003d38                __log_filter_data_load_end__ = (__log_filter_data_load_start__ + SIZEOF (.log_filter_data))
                0x0000000000000001                . = ASSERT (((__log_filter_data_load_start__ == __log_filter_data_load_end__) || ((__log_filter_data_load_end__ >= __FLASH_segment_start__) && (__log_filter_data_load_end__ <= __FLASH_segment_end__))), error: .log_filter_data is too large to fit in FLASH memory segment)

.log_filter_data_run
                0x0000000020000000        0x0
                0x0000000020000000                __log_filter_data_run_start__ = .
                0x0000000020000000                __start_log_filter_data = __log_filter_data_run_start__
                0x0000000020000000                . = MAX ((__log_filter_data_run_start__ + SIZEOF (.log_filter_data)), .)
                0x0000000020000000                __log_filter_data_run_end__ = (__log_filter_data_run_start__ + SIZEOF (.log_filter_data_run))
                0x0000000000000000                __log_filter_data_run_size__ = SIZEOF (.log_filter_data_run)
                0x0000000020000000                __stop_log_filter_data = __log_filter_data_run_end__
                0x0000000020000000                __log_filter_data_run_load_end__ = __log_filter_data_run_end__
                0x0000000000000001                . = ASSERT (((__log_filter_data_run_start__ == __log_filter_data_run_end__) || ((__log_filter_data_run_end__ >= __RAM_segment_start__) && (__log_filter_data_run_end__ <= __RAM_segment_end__))), error: .log_filter_data_run is too large to fit in RAM memory segment)
                0x0000000020000000                __nrf_sections_run_end_load_start__ = ALIGN (__log_filter_data_run_end__, 0x4)

.nrf_sections_run_end
                0x0000000020000000        0x0
                0x0000000020000000                __nrf_sections_run_end_start__ = .
                0x0000000020000000                __end_nrf_sections_run = __nrf_sections_run_end_start__
 *(.nrf_sections_run_end .nrf_sections_run_end.*)
                0x0000000020000000                __nrf_sections_run_end_end__ = (__nrf_sections_run_end_start__ + SIZEOF (.nrf_sections_run_end))
                0x0000000000000000                __nrf_sections_run_end_size__ = SIZEOF (.nrf_sections_run_end)
                0x0000000020000000                __nrf_sections_run_end_load_end__ = __nrf_sections_run_end_end__
                0x0000000000000001                . = ASSERT (((__nrf_sections_run_end_start__ == __nrf_sections_run_end_end__) || ((__nrf_sections_run_end_end__ >= __RAM_segment_start__) && (__nrf_sections_run_end_end__ <= __RAM_segment_end__))), error: .nrf_sections_run_end is too large to fit in RAM memory segment)
                0x0000000000003d38                __dtors_load_start__ = ALIGN ((__log_filter_data_load_start__ + SIZEOF (.log_filter_data)), 0x4)

.dtors          0x0000000000003d38        0x0
                0x0000000000003d38                __dtors_start__ = .
 *(SORT_BY_NAME(.dtors.*))
 *(.dtors)
 *(.fini_array)
 *(SORT_BY_NAME(.fini_array.*))
                0x0000000000003d38                __dtors_end__ = (__dtors_start__ + SIZEOF (.dtors))
                0x0000000000000000                __dtors_size__ = SIZEOF (.dtors)
                0x0000000000003d38                __dtors_load_end__ = __dtors_end__
                0x0000000000000001                . = ASSERT (((__dtors_start__ == __dtors_end__) || ((__dtors_end__ >= __FLASH_segment_start__) && (__dtors_end__ <= __FLASH_segment_end__))), error: .dtors is too large to fit in FLASH memory segment)
                0x0000000000003d38                __ctors_load_start__ = ALIGN (__dtors_end__, 0x4)

.ctors          0x0000000000003d38        0x0
                0x0000000000003d38                __ctors_start__ = .
 *(SORT_BY_NAME(.ctors.*))
 *(.ctors)
 *(.init_array)
 *(SORT_BY_NAME(.init_array.*))
                0x0000000000003d38                __ctors_end__ = (__ctors_start__ + SIZEOF (.ctors))
                0x0000000000000000                __ctors_size__ = SIZEOF (.ctors)
                0x0000000000003d38                __ctors_load_end__ = __ctors_end__
                0x0000000000000001                . = ASSERT (((__ctors_start__ == __ctors_end__) || ((__ctors_end__ >= __FLASH_segment_start__) && (__ctors_end__ <= __FLASH_segment_end__))), error: .ctors is too large to fit in FLASH memory segment)
                0x0000000000003d38                __rodata_load_start__ = ALIGN (__ctors_end__, 0x4)

.rodata         0x0000000000003d38      0x504
                0x0000000000003d38                __rodata_start__ = .
 *(.rodata .rodata.* .gnu.linkonce.r.*)
 *fill*         0x0000000000003d38        0x8 
 .rodata.delay_machine_code.8106
                0x0000000000003d40        0x6 Output/spi_pca10040 Release/Obj/nrf_log_backend_rtt.o
 *fill*         0x0000000000003d46        0x2 
 .rodata.nrf_log_backend_rtt_api
                0x0000000000003d48        0xc Output/spi_pca10040 Release/Obj/nrf_log_backend_rtt.o
                0x0000000000003d48                nrf_log_backend_rtt_api
 .rodata.str1.1
                0x0000000000003d54       0x10 Output/spi_pca10040 Release/Obj/nrf_log_default_backends.o
 .rodata.m_log_push_ringbuf
                0x0000000000003d64        0xc Output/spi_pca10040 Release/Obj/nrf_log_frontend.o
 .rodata.nrf_log_frontend_dequeue.str1.1
                0x0000000000003d70       0x11 Output/spi_pca10040 Release/Obj/nrf_log_frontend.o
 .rodata.str1.1
                0x0000000000003d81        0x4 Output/spi_pca10040 Release/Obj/nrf_log_frontend.o
 *fill*         0x0000000000003d85        0x3 
 .rodata.m_colors
                0x0000000000003d88       0x24 Output/spi_pca10040 Release/Obj/nrf_log_str_formatter.o
 .rodata.nrf_log_hexdump_entry_process.str1.1
                0x0000000000003dac        0xf Output/spi_pca10040 Release/Obj/nrf_log_str_formatter.o
                                         0x11 (size before relaxing)
 .rodata.postfix_process.str1.1
                0x0000000000003dbb        0x8 Output/spi_pca10040 Release/Obj/nrf_log_str_formatter.o
                                          0xb (size before relaxing)
 .rodata.prefix_process.str1.1
                0x0000000000003dc3       0x2a Output/spi_pca10040 Release/Obj/nrf_log_str_formatter.o
 *fill*         0x0000000000003ded        0x3 
 .rodata.severity_names
                0x0000000000003df0       0x14 Output/spi_pca10040 Release/Obj/nrf_log_str_formatter.o
 .rodata.str1.1
                0x0000000000003e04       0x4b Output/spi_pca10040 Release/Obj/nrf_log_str_formatter.o
                                         0x51 (size before relaxing)
 .rodata.m_board_led_list
                0x0000000000003e4f        0x4 Output/spi_pca10040 Release/Obj/boards.o
 .rodata.app_error_fault_handler.str1.1
                0x0000000000003e53       0x19 Output/spi_pca10040 Release/Obj/app_error_weak.o
 *fill*         0x0000000000003e6c        0x4 
 .rodata.delay_machine_code.7832
                0x0000000000003e70        0x6 Output/spi_pca10040 Release/Obj/app_timer.o
 .rodata._aV2C.7427
                0x0000000000003e76       0x10 Output/spi_pca10040 Release/Obj/nrf_fprintf_format.o
 *fill*         0x0000000000003e86        0x2 
 .rodata        0x0000000000003e88       0x10 Output/spi_pca10040 Release/Obj/nrf_drv_spi.o
 .rodata.str1.1
                0x0000000000003e98        0x7 Output/spi_pca10040 Release/Obj/nrfx_gpiote.o
 .rodata.str1.1
                0x0000000000003e9f        0x4 Output/spi_pca10040 Release/Obj/nrfx_prs.o
 .rodata.str1.1
                0x0000000000003ea3        0x5 Output/spi_pca10040 Release/Obj/nrfx_spim.o
 .rodata.str1.1
                0x0000000000003ea8        0x5 Output/spi_pca10040 Release/Obj/nrfx_uart.o
 .rodata.str1.1
                0x0000000000003ead        0x6 Output/spi_pca10040 Release/Obj/nrfx_uarte.o
 *fill*         0x0000000000003eb3        0x1 
 .rodata        0x0000000000003eb4       0x13 Output/spi_pca10040 Release/Obj/main.o
 *fill*         0x0000000000003ec7        0x9 
 .rodata.delay_machine_code.8436
                0x0000000000003ed0        0x6 Output/spi_pca10040 Release/Obj/main.o
 .rodata.main.str1.1
                0x0000000000003ed6       0x15 Output/spi_pca10040 Release/Obj/main.o
 .rodata.sensor_config.str1.1
                0x0000000000003eeb       0x2c Output/spi_pca10040 Release/Obj/main.o
 .rodata.sensor_config_interrupt.str1.1
                0x0000000000003f17       0x22 Output/spi_pca10040 Release/Obj/main.o
 .rodata.sensor_init.str1.1
                0x0000000000003f39       0x28 Output/spi_pca10040 Release/Obj/main.o
 .rodata.sensor_read.str1.1
                0x0000000000003f61       0x4e Output/spi_pca10040 Release/Obj/main.o
 *fill*         0x0000000000003faf        0x1 
 .rodata.spi    0x0000000000003fb0       0x10 Output/spi_pca10040 Release/Obj/main.o
 .rodata.user_spi_read.str1.1
                0x0000000000003fc0        0xd Output/spi_pca10040 Release/Obj/main.o
 .rodata.user_spi_write.str1.1
                0x0000000000003fcd        0xe Output/spi_pca10040 Release/Obj/main.o
 .rodata.int_mask_lookup_table
                0x0000000000003fdb        0xd Output/spi_pca10040 Release/Obj/bmi160.o
                0x0000000000003fdb                int_mask_lookup_table
 .rodata._DoInit.str1.1
                0x0000000000003fe8       0x14 Output/spi_pca10040 Release/Obj/SEGGER_RTT.o
 .rodata.libc.__RAL_ascii_ctype_map
                0x0000000000003ffc       0x80 C:/Program Files/SEGGER/SEGGER Embedded Studio for ARM 4.12/lib/libc_v7em_fpv4_sp_d16_hard_t_le_eabi.a(libc2.o)
                0x0000000000003ffc                __RAL_ascii_ctype_map
 .rodata.libc.__RAL_ascii_ctype_mask
                0x000000000000407c        0xd C:/Program Files/SEGGER/SEGGER Embedded Studio for ARM 4.12/lib/libc_v7em_fpv4_sp_d16_hard_t_le_eabi.a(libc2.o)
 *fill*         0x0000000000004089        0x3 
 .rodata.libc.__RAL_c_locale
                0x000000000000408c        0xc C:/Program Files/SEGGER/SEGGER Embedded Studio for ARM 4.12/lib/libc_v7em_fpv4_sp_d16_hard_t_le_eabi.a(libc2.o)
                0x000000000000408c                __RAL_c_locale
 .rodata.libc.__RAL_c_locale_abbrev_day_names
                0x0000000000004098       0x1d C:/Program Files/SEGGER/SEGGER Embedded Studio for ARM 4.12/lib/libc_v7em_fpv4_sp_d16_hard_t_le_eabi.a(libc2.o)
                0x0000000000004098                __RAL_c_locale_abbrev_day_names
 *fill*         0x00000000000040b5        0x3 
 .rodata.libc.__RAL_c_locale_abbrev_month_names
                0x00000000000040b8       0x31 C:/Program Files/SEGGER/SEGGER Embedded Studio for ARM 4.12/lib/libc_v7em_fpv4_sp_d16_hard_t_le_eabi.a(libc2.o)
                0x00000000000040b8                __RAL_c_locale_abbrev_month_names
 *fill*         0x00000000000040e9        0x3 
 .rodata.libc.__RAL_c_locale_am_pm_indicator
                0x00000000000040ec        0x7 C:/Program Files/SEGGER/SEGGER Embedded Studio for ARM 4.12/lib/libc_v7em_fpv4_sp_d16_hard_t_le_eabi.a(libc2.o)
                0x00000000000040ec                __RAL_c_locale_am_pm_indicator
 *fill*         0x00000000000040f3        0x1 
 .rodata.libc.__RAL_c_locale_data
                0x00000000000040f4       0x58 C:/Program Files/SEGGER/SEGGER Embedded Studio for ARM 4.12/lib/libc_v7em_fpv4_sp_d16_hard_t_le_eabi.a(libc2.o)
                0x00000000000040f4                __RAL_c_locale_data
 .rodata.libc.__RAL_c_locale_date_format
                0x000000000000414c        0x9 C:/Program Files/SEGGER/SEGGER Embedded Studio for ARM 4.12/lib/libc_v7em_fpv4_sp_d16_hard_t_le_eabi.a(libc2.o)
                0x000000000000414c                __RAL_c_locale_date_format
 *fill*         0x0000000000004155        0x3 
 .rodata.libc.__RAL_c_locale_date_time_format
                0x0000000000004158        0xf C:/Program Files/SEGGER/SEGGER Embedded Studio for ARM 4.12/lib/libc_v7em_fpv4_sp_d16_hard_t_le_eabi.a(libc2.o)
                0x0000000000004158                __RAL_c_locale_date_time_format
 *fill*         0x0000000000004167        0x1 
 .rodata.libc.__RAL_c_locale_day_names
                0x0000000000004168       0x3a C:/Program Files/SEGGER/SEGGER Embedded Studio for ARM 4.12/lib/libc_v7em_fpv4_sp_d16_hard_t_le_eabi.a(libc2.o)
                0x0000000000004168                __RAL_c_locale_day_names
 *fill*         0x00000000000041a2        0x2 
 .rodata.libc.__RAL_c_locale_month_names
                0x00000000000041a4       0x57 C:/Program Files/SEGGER/SEGGER Embedded Studio for ARM 4.12/lib/libc_v7em_fpv4_sp_d16_hard_t_le_eabi.a(libc2.o)
                0x00000000000041a4                __RAL_c_locale_month_names
 *fill*         0x00000000000041fb        0x1 
 .rodata.libc.__RAL_c_locale_time_format
                0x00000000000041fc        0x9 C:/Program Files/SEGGER/SEGGER Embedded Studio for ARM 4.12/lib/libc_v7em_fpv4_sp_d16_hard_t_le_eabi.a(libc2.o)
                0x00000000000041fc                __RAL_c_locale_time_format
 *fill*         0x0000000000004205        0x3 
 .rodata.libc.__RAL_codeset_ascii
                0x0000000000004208       0x20 C:/Program Files/SEGGER/SEGGER Embedded Studio for ARM 4.12/lib/libc_v7em_fpv4_sp_d16_hard_t_le_eabi.a(libc2.o)
                0x0000000000004208                __RAL_codeset_ascii
 .rodata.libc.__RAL_data_empty_string
                0x0000000000004228        0x1 C:/Program Files/SEGGER/SEGGER Embedded Studio for ARM 4.12/lib/libc_v7em_fpv4_sp_d16_hard_t_le_eabi.a(libc2.o)
                0x0000000000004228                __RAL_data_empty_string
 *fill*         0x0000000000004229        0x3 
 .rodata.libc.__RAL_data_utf8_period
                0x000000000000422c        0x2 C:/Program Files/SEGGER/SEGGER Embedded Studio for ARM 4.12/lib/libc_v7em_fpv4_sp_d16_hard_t_le_eabi.a(libc2.o)
                0x000000000000422c                __RAL_data_utf8_period
 *fill*         0x000000000000422e        0x2 
 .rodata.libc.__RAL_find_locale.str1.4
                0x0000000000004230        0xc C:/Program Files/SEGGER/SEGGER Embedded Studio for ARM 4.12/lib/libc_v7em_fpv4_sp_d16_hard_t_le_eabi.a(libc2.o)
                                          0xa (size before relaxing)
                0x000000000000423c                __rodata_end__ = (__rodata_start__ + SIZEOF (.rodata))
                0x0000000000000504                __rodata_size__ = SIZEOF (.rodata)
                0x000000000000423c                __rodata_load_end__ = __rodata_end__

.rel.dyn        0x000000000000423c        0x0
 .rel.iplt      0x000000000000423c        0x0 Output/spi_pca10040 Release/Obj/thumb_crt0.o
                0x0000000000000001                . = ASSERT (((__rodata_start__ == __rodata_end__) || ((__rodata_end__ >= __FLASH_segment_start__) && (__rodata_end__ <= __FLASH_segment_end__))), error: .rodata is too large to fit in FLASH memory segment)
                0x000000000000423c                __ARM.exidx_load_start__ = ALIGN (__rodata_end__, 0x4)

.ARM.exidx      0x000000000000423c        0x0
                0x000000000000423c                __ARM.exidx_start__ = .
                0x000000000000423c                __exidx_start = __ARM.exidx_start__
 *(.ARM.exidx .ARM.exidx.*)
                0x000000000000423c                __ARM.exidx_end__ = (__ARM.exidx_start__ + SIZEOF (.ARM.exidx))
                0x0000000000000000                __ARM.exidx_size__ = SIZEOF (.ARM.exidx)
                0x000000000000423c                __exidx_end = __ARM.exidx_end__
                0x000000000000423c                __ARM.exidx_load_end__ = __ARM.exidx_end__
                0x0000000000000001                . = ASSERT (((__ARM.exidx_start__ == __ARM.exidx_end__) || ((__ARM.exidx_end__ >= __FLASH_segment_start__) && (__ARM.exidx_end__ <= __FLASH_segment_end__))), error: .ARM.exidx is too large to fit in FLASH memory segment)
                0x000000000000423c                __fast_load_start__ = ALIGN (__ARM.exidx_end__, 0x4)

.fast           0x0000000020000000        0x0 load address 0x000000000000423c
                0x0000000020000000                __fast_start__ = .
 *(.fast .fast.*)
                0x0000000020000000                __fast_end__ = (__fast_start__ + SIZEOF (.fast))
                0x0000000000000000                __fast_size__ = SIZEOF (.fast)
                0x000000000000423c                __fast_load_end__ = (__fast_load_start__ + SIZEOF (.fast))
                0x0000000000000001                . = ASSERT (((__fast_load_start__ == __fast_load_end__) || ((__fast_load_end__ >= __FLASH_segment_start__) && (__fast_load_end__ <= __FLASH_segment_end__))), error: .fast is too large to fit in FLASH memory segment)

.fast_run       0x0000000020000000        0x0
                0x0000000020000000                __fast_run_start__ = .
                0x0000000020000000                . = MAX ((__fast_run_start__ + SIZEOF (.fast)), .)
                0x0000000020000000                __fast_run_end__ = (__fast_run_start__ + SIZEOF (.fast_run))
                0x0000000000000000                __fast_run_size__ = SIZEOF (.fast_run)
                0x0000000020000000                __fast_run_load_end__ = __fast_run_end__
                0x0000000000000001                . = ASSERT (((__fast_run_start__ == __fast_run_end__) || ((__fast_run_end__ >= __RAM_segment_start__) && (__fast_run_end__ <= __RAM_segment_end__))), error: .fast_run is too large to fit in RAM memory segment)
                0x000000000000423c                __data_load_start__ = ALIGN ((__fast_load_start__ + SIZEOF (.fast)), 0x4)

.data           0x0000000020000000       0x20 load address 0x000000000000423c
                0x0000000020000000                __data_start__ = .
 *(.data .data.* .gnu.linkonce.d.*)
 .data.log_backend_cb_rtt_log_backend
                0x0000000020000000        0x8 Output/spi_pca10040 Release/Obj/nrf_log_default_backends.o
 .data.SystemCoreClock
                0x0000000020000008        0x4 Output/spi_pca10040 Release/Obj/system_nrf52.o
                0x0000000020000008                SystemCoreClock
 .data.libc.__RAL_global_locale
                0x000000002000000c       0x14 C:/Program Files/SEGGER/SEGGER Embedded Studio for ARM 4.12/lib/libc_v7em_fpv4_sp_d16_hard_t_le_eabi.a(libc2.o)
                0x000000002000000c                __RAL_global_locale
                0x0000000020000020                __data_end__ = (__data_start__ + SIZEOF (.data))
                0x0000000000000020                __data_size__ = SIZEOF (.data)
                0x000000000000425c                __data_load_end__ = (__data_load_start__ + SIZEOF (.data))

.igot.plt       0x0000000100000000        0x0
 .igot.plt      0x0000000100000000        0x0 Output/spi_pca10040 Release/Obj/thumb_crt0.o
                0x0000000000000001                . = ASSERT (((__data_load_start__ == __data_load_end__) || ((__data_load_end__ >= __FLASH_segment_start__) && (__data_load_end__ <= __FLASH_segment_end__))), error: .data is too large to fit in FLASH memory segment)

.data_run       0x0000000020000000       0x20 load address 0x000000000000423c
                0x0000000020000000                __data_run_start__ = .
                0x0000000020000020                . = MAX ((__data_run_start__ + SIZEOF (.data)), .)
 *fill*         0x0000000020000000       0x20 
                0x0000000020000020                __data_run_end__ = (__data_run_start__ + SIZEOF (.data_run))
                0x0000000000000020                __data_run_size__ = SIZEOF (.data_run)
                0x0000000020000020                __data_run_load_end__ = __data_run_end__
                0x0000000000000001                . = ASSERT (((__data_run_start__ == __data_run_end__) || ((__data_run_end__ >= __RAM_segment_start__) && (__data_run_end__ <= __RAM_segment_end__))), error: .data_run is too large to fit in RAM memory segment)
                0x000000000000425c                __tdata_load_start__ = ALIGN ((__data_load_start__ + SIZEOF (.data)), 0x4)

.tdata          0x0000000020000020        0x0 load address 0x000000000000425c
                0x0000000020000020                __tdata_start__ = .
 *(.tdata .tdata.*)
                0x0000000020000020                __tdata_end__ = (__tdata_start__ + SIZEOF (.tdata))
                0x0000000000000000                __tdata_size__ = SIZEOF (.tdata)
                0x000000000000425c                __tdata_load_end__ = (__tdata_load_start__ + SIZEOF (.tdata))
                0x000000000000425c                __FLASH_segment_used_end__ = (ALIGN ((__data_load_start__ + SIZEOF (.data)), 0x4) + SIZEOF (.tdata))
                0x000000000000425c                __FLASH_segment_used_size__ = (__FLASH_segment_used_end__ - __FLASH_segment_start__)
                0x0000000000000001                . = ASSERT (((__tdata_load_start__ == __tdata_load_end__) || ((__tdata_load_end__ >= __FLASH_segment_start__) && (__tdata_load_end__ <= __FLASH_segment_end__))), error: .tdata is too large to fit in FLASH memory segment)

.tdata_run      0x0000000020000020        0x0
                0x0000000020000020                __tdata_run_start__ = .
                0x0000000020000020                . = MAX ((__tdata_run_start__ + SIZEOF (.tdata)), .)
                0x0000000020000020                __tdata_run_end__ = (__tdata_run_start__ + SIZEOF (.tdata_run))
                0x0000000000000000                __tdata_run_size__ = SIZEOF (.tdata_run)
                0x0000000020000020                __tdata_run_load_end__ = __tdata_run_end__
                0x0000000000000001                . = ASSERT (((__tdata_run_start__ == __tdata_run_end__) || ((__tdata_run_end__ >= __RAM_segment_start__) && (__tdata_run_end__ <= __RAM_segment_end__))), error: .tdata_run is too large to fit in RAM memory segment)
                0x0000000020000020                __bss_load_start__ = ALIGN (__tdata_run_end__, 0x4)

.bss            0x0000000020000020      0xa4c
                0x0000000020000020                __bss_start__ = .
 *(.bss .bss.* .gnu.linkonce.b.*)
 .bss.m_host_present
                0x0000000020000020        0x1 Output/spi_pca10040 Release/Obj/nrf_log_backend_rtt.o
 .bss.m_string_buff
                0x0000000020000021       0x40 Output/spi_pca10040 Release/Obj/nrf_log_backend_rtt.o
 *fill*         0x0000000020000061        0x3 
 .bss.log_mempool_nrf_balloc_cb
                0x0000000020000064        0x8 Output/spi_pca10040 Release/Obj/nrf_log_frontend.o
 .bss.log_mempool_nrf_balloc_pool_mem
                0x000000002000006c       0xc0 Output/spi_pca10040 Release/Obj/nrf_log_frontend.o
 .bss.log_mempool_nrf_balloc_pool_stack
                0x000000002000012c        0x8 Output/spi_pca10040 Release/Obj/nrf_log_frontend.o
 .bss.m_log_data
                0x0000000020000134      0x424 Output/spi_pca10040 Release/Obj/nrf_log_frontend.o
 .bss.m_log_push_ringbuf_buf
                0x0000000020000558       0x80 Output/spi_pca10040 Release/Obj/nrf_log_frontend.o
 .bss.m_log_push_ringbuf_cb
                0x00000000200005d8       0x18 Output/spi_pca10040 Release/Obj/nrf_log_frontend.o
 .bss.m_op_queue
                0x00000000200005f0      0x10c Output/spi_pca10040 Release/Obj/app_timer.o
 .bss.m_rtc1_reset
                0x00000000200006fc        0x1 Output/spi_pca10040 Release/Obj/app_timer.o
 .bss.m_rtc1_running
                0x00000000200006fd        0x1 Output/spi_pca10040 Release/Obj/app_timer.o
 *fill*         0x00000000200006fe        0x2 
 .bss.m_ticks_elapsed
                0x0000000020000700        0x8 Output/spi_pca10040 Release/Obj/app_timer.o
 .bss.m_ticks_elapsed_q_read_ind
                0x0000000020000708        0x1 Output/spi_pca10040 Release/Obj/app_timer.o
 .bss.m_ticks_elapsed_q_write_ind
                0x0000000020000709        0x1 Output/spi_pca10040 Release/Obj/app_timer.o
 *fill*         0x000000002000070a        0x2 
 .bss.m_ticks_latest
                0x000000002000070c        0x4 Output/spi_pca10040 Release/Obj/app_timer.o
 .bss.mp_timer_id_head
                0x0000000020000710        0x4 Output/spi_pca10040 Release/Obj/app_timer.o
 .bss.m_in_critical_region
                0x0000000020000714        0x4 Output/spi_pca10040 Release/Obj/app_util_platform.o
 .bss.m_contexts
                0x0000000020000718        0xc Output/spi_pca10040 Release/Obj/nrf_drv_spi.o
 .bss.m_handlers
                0x0000000020000724        0xc Output/spi_pca10040 Release/Obj/nrf_drv_spi.o
 .bss.m_cb      0x0000000020000730       0x5c Output/spi_pca10040 Release/Obj/nrfx_gpiote.o
 .bss.m_prs_box_4
                0x000000002000078c        0x8 Output/spi_pca10040 Release/Obj/nrfx_prs.o
 .bss.m_cb      0x0000000020000794       0x24 Output/spi_pca10040 Release/Obj/nrfx_spim.o
 .bss.bmi       0x00000000200007b8       0x28 Output/spi_pca10040 Release/Obj/main.o
                0x00000000200007b8                bmi
 .bss.newDataAvailable
                0x00000000200007e0        0x1 Output/spi_pca10040 Release/Obj/main.o
                0x00000000200007e0                newDataAvailable
 *fill*         0x00000000200007e1        0x3 
 .bss._SEGGER_RTT
                0x00000000200007e4       0x78 Output/spi_pca10040 Release/Obj/SEGGER_RTT.o
                0x00000000200007e4                _SEGGER_RTT
 .bss._acDownBuffer
                0x000000002000085c       0x10 Output/spi_pca10040 Release/Obj/SEGGER_RTT.o
 .bss._acUpBuffer
                0x000000002000086c      0x200 Output/spi_pca10040 Release/Obj/SEGGER_RTT.o
 *(COMMON)
                0x0000000020000a6c                __bss_end__ = (__bss_start__ + SIZEOF (.bss))
                0x0000000000000a4c                __bss_size__ = SIZEOF (.bss)
                0x0000000020000a6c                __bss_load_end__ = __bss_end__
                0x0000000000000001                . = ASSERT (((__bss_start__ == __bss_end__) || ((__bss_end__ >= __RAM_segment_start__) && (__bss_end__ <= __RAM_segment_end__))), error: .bss is too large to fit in RAM memory segment)
                0x0000000020000a6c                __tbss_load_start__ = ALIGN (__bss_end__, 0x4)

.tbss           0x0000000020000a6c        0x0
                0x0000000020000a6c                __tbss_start__ = .
 *(.tbss .tbss.*)
                0x0000000020000a6c                __tbss_end__ = (__tbss_start__ + SIZEOF (.tbss))
                0x0000000000000000                __tbss_size__ = SIZEOF (.tbss)
                0x0000000020000a6c                __tbss_load_end__ = __tbss_end__
                0x0000000000000001                . = ASSERT (((__tbss_start__ == __tbss_end__) || ((__tbss_end__ >= __RAM_segment_start__) && (__tbss_end__ <= __RAM_segment_end__))), error: .tbss is too large to fit in RAM memory segment)
                0x0000000020000a6c                __non_init_load_start__ = ALIGN (__tbss_end__, 0x4)

.non_init       0x0000000020000a6c        0x0
                0x0000000020000a6c                __non_init_start__ = .
 *(.non_init .non_init.*)
                0x0000000020000a6c                __non_init_end__ = (__non_init_start__ + SIZEOF (.non_init))
                0x0000000000000000                __non_init_size__ = SIZEOF (.non_init)
                0x0000000020000a6c                __non_init_load_end__ = __non_init_end__
                0x0000000000000001                . = ASSERT (((__non_init_start__ == __non_init_end__) || ((__non_init_end__ >= __RAM_segment_start__) && (__non_init_end__ <= __RAM_segment_end__))), error: .non_init is too large to fit in RAM memory segment)
                0x0000000020000a6c                __heap_load_start__ = ALIGN (__non_init_end__, 0x4)

.heap           0x0000000020000a6c     0x2000
                0x0000000020000a6c                __heap_start__ = .
 *(.heap .heap.*)
                0x0000000020002a6c                . = ALIGN (MAX ((__heap_start__ + __HEAPSIZE__), .), 0x4)
 *fill*         0x0000000020000a6c     0x2000 
                0x0000000020002a6c                __heap_end__ = (__heap_start__ + SIZEOF (.heap))
                0x0000000000002000                __heap_size__ = SIZEOF (.heap)
                0x0000000020002a6c                __heap_load_end__ = __heap_end__
                0x0000000000000001                . = ASSERT (((__heap_start__ == __heap_end__) || ((__heap_end__ >= __RAM_segment_start__) && (__heap_end__ <= __RAM_segment_end__))), error: .heap is too large to fit in RAM memory segment)
                0x000000002000e000                __stack_load_start__ = (__RAM_segment_end__ - 0x2000)

.stack          0x000000002000e000     0x2000
                0x000000002000e000                __stack_start__ = .
                0x000000002000e000                __StackLimit = __stack_start__
 *(.stack .stack.*)
                0x0000000020010000                . = ALIGN (MAX ((__stack_start__ + __STACKSIZE__), .), 0x8)
 *fill*         0x000000002000e000     0x2000 
                0x0000000020010000                __stack_end__ = (__stack_start__ + SIZEOF (.stack))
                0x0000000000002000                __stack_size__ = SIZEOF (.stack)
                0x0000000020010000                __StackTop = __stack_end__
                0x0000000020010000                __stack_load_end__ = __stack_end__
                0x0000000000000001                . = ASSERT (((__stack_start__ == __stack_end__) || ((__stack_end__ >= __RAM_segment_start__) && (__stack_end__ <= __RAM_segment_end__))), error: .stack is too large to fit in RAM memory segment)
                0x0000000000000001                . = ASSERT ((__heap_end__ <= __stack_start__), error: section .heap overlaps absolute placed section .stack)
                0x0000000020010000                __stack_process_load_start__ = ALIGN (__stack_end__, 0x8)

.stack_process  0x0000000020010000        0x0
                0x0000000020010000                __stack_process_start__ = .
 *(.stack_process .stack_process.*)
                0x0000000020010000                . = ALIGN (MAX ((__stack_process_start__ + __STACKSIZE_PROCESS__), .), 0x8)
                0x0000000020010000                __stack_process_end__ = (__stack_process_start__ + SIZEOF (.stack_process))
                0x0000000000000000                __stack_process_size__ = SIZEOF (.stack_process)
                0x0000000020010000                __stack_process_load_end__ = __stack_process_end__
                0x0000000020010000                __RAM_segment_used_end__ = (ALIGN (__stack_end__, 0x8) + SIZEOF (.stack_process))
                0x0000000000010000                __RAM_segment_used_size__ = (__RAM_segment_used_end__ - __RAM_segment_start__)
                0x0000000000000001                . = ASSERT (((__stack_process_start__ == __stack_process_end__) || ((__stack_process_end__ >= __RAM_segment_start__) && (__stack_process_end__ <= __RAM_segment_end__))), error: .stack_process is too large to fit in RAM memory segment)
START GROUP
LOAD Output/spi_pca10040 Release/Obj/thumb_crt0.o
LOAD Output/spi_pca10040 Release/Obj/nrf_log_backend_rtt.o
LOAD Output/spi_pca10040 Release/Obj/nrf_log_backend_serial.o
LOAD Output/spi_pca10040 Release/Obj/nrf_log_backend_uart.o
LOAD Output/spi_pca10040 Release/Obj/nrf_log_default_backends.o
LOAD Output/spi_pca10040 Release/Obj/nrf_log_frontend.o
LOAD Output/spi_pca10040 Release/Obj/nrf_log_str_formatter.o
LOAD Output/spi_pca10040 Release/Obj/boards.o
LOAD Output/spi_pca10040 Release/Obj/app_button.o
LOAD Output/spi_pca10040 Release/Obj/app_error.o
LOAD Output/spi_pca10040 Release/Obj/app_error_handler_gcc.o
LOAD Output/spi_pca10040 Release/Obj/app_error_weak.o
LOAD Output/spi_pca10040 Release/Obj/app_scheduler.o
LOAD Output/spi_pca10040 Release/Obj/app_timer.o
LOAD Output/spi_pca10040 Release/Obj/app_util_platform.o
LOAD Output/spi_pca10040 Release/Obj/nrf_assert.o
LOAD Output/spi_pca10040 Release/Obj/nrf_atomic.o
LOAD Output/spi_pca10040 Release/Obj/nrf_balloc.o
LOAD Output/spi_pca10040 Release/Obj/nrf_fprintf.o
LOAD Output/spi_pca10040 Release/Obj/nrf_fprintf_format.o
LOAD Output/spi_pca10040 Release/Obj/nrf_memobj.o
LOAD Output/spi_pca10040 Release/Obj/nrf_ringbuf.o
LOAD Output/spi_pca10040 Release/Obj/nrf_strerror.o
LOAD Output/spi_pca10040 Release/Obj/nrf_drv_spi.o
LOAD Output/spi_pca10040 Release/Obj/nrf_drv_uart.o
LOAD Output/spi_pca10040 Release/Obj/nrfx_atomic.o
LOAD Output/spi_pca10040 Release/Obj/nrfx_gpiote.o
LOAD Output/spi_pca10040 Release/Obj/nrfx_prs.o
LOAD Output/spi_pca10040 Release/Obj/nrfx_spi.o
LOAD Output/spi_pca10040 Release/Obj/nrfx_spim.o
LOAD Output/spi_pca10040 Release/Obj/nrfx_uart.o
LOAD Output/spi_pca10040 Release/Obj/nrfx_uarte.o
LOAD Output/spi_pca10040 Release/Obj/bsp.o
LOAD Output/spi_pca10040 Release/Obj/main.o
LOAD Output/spi_pca10040 Release/Obj/bmi160.o
LOAD Output/spi_pca10040 Release/Obj/SEGGER_RTT.o
LOAD Output/spi_pca10040 Release/Obj/SEGGER_RTT_Syscalls_SES.o
LOAD Output/spi_pca10040 Release/Obj/SEGGER_RTT_printf.o
LOAD Output/spi_pca10040 Release/Obj/ses_startup_nrf52.o
LOAD Output/spi_pca10040 Release/Obj/ses_startup_nrf_common.o
LOAD Output/spi_pca10040 Release/Obj/system_nrf52.o
LOAD C:/Program Files/SEGGER/SEGGER Embedded Studio for ARM 4.12/lib/libdebugio_mempoll_v7em_fpv4_sp_d16_hard_t_le_eabi.a
LOAD C:/Program Files/SEGGER/SEGGER Embedded Studio for ARM 4.12/lib/libm_v7em_fpv4_sp_d16_hard_t_le_eabi.a
LOAD C:/Program Files/SEGGER/SEGGER Embedded Studio for ARM 4.12/lib/libc_v7em_fpv4_sp_d16_hard_t_le_eabi.a
LOAD C:/Program Files/SEGGER/SEGGER Embedded Studio for ARM 4.12/lib/libcpp_v7em_fpv4_sp_d16_hard_t_le_eabi.a
LOAD C:/Program Files/SEGGER/SEGGER Embedded Studio for ARM 4.12/lib/libdebugio_v7em_fpv4_sp_d16_hard_t_le_eabi.a
LOAD C:/Program Files/SEGGER/SEGGER Embedded Studio for ARM 4.12/lib/libvfprintf_v7em_fpv4_sp_d16_hard_t_le_eabi.o
LOAD C:/Program Files/SEGGER/SEGGER Embedded Studio for ARM 4.12/lib/libvfscanf_v7em_fpv4_sp_d16_hard_t_le_eabi.o
END GROUP
OUTPUT(Output/Release/Exe/spi_pca10040.elf elf32-littlearm)

.ARM.attributes
                0x0000000000000000       0x35
 .ARM.attributes
                0x0000000000000000       0x25 Output/spi_pca10040 Release/Obj/thumb_crt0.o
 .ARM.attributes
                0x0000000000000025       0x39 Output/spi_pca10040 Release/Obj/nrf_log_backend_rtt.o
 .ARM.attributes
                0x000000000000005e       0x39 Output/spi_pca10040 Release/Obj/nrf_log_backend_serial.o
 .ARM.attributes
                0x0000000000000097       0x39 Output/spi_pca10040 Release/Obj/nrf_log_default_backends.o
 .ARM.attributes
                0x00000000000000d0       0x39 Output/spi_pca10040 Release/Obj/nrf_log_frontend.o
 .ARM.attributes
                0x0000000000000109       0x39 Output/spi_pca10040 Release/Obj/nrf_log_str_formatter.o
 .ARM.attributes
                0x0000000000000142       0x39 Output/spi_pca10040 Release/Obj/boards.o
 .ARM.attributes
                0x000000000000017b       0x39 Output/spi_pca10040 Release/Obj/app_error.o
 .ARM.attributes
                0x00000000000001b4       0x39 Output/spi_pca10040 Release/Obj/app_error_weak.o
 .ARM.attributes
                0x00000000000001ed       0x39 Output/spi_pca10040 Release/Obj/app_timer.o
 .ARM.attributes
                0x0000000000000226       0x39 Output/spi_pca10040 Release/Obj/app_util_platform.o
 .ARM.attributes
                0x000000000000025f       0x39 Output/spi_pca10040 Release/Obj/nrf_atomic.o
 .ARM.attributes
                0x0000000000000298       0x39 Output/spi_pca10040 Release/Obj/nrf_balloc.o
 .ARM.attributes
                0x00000000000002d1       0x39 Output/spi_pca10040 Release/Obj/nrf_fprintf.o
 .ARM.attributes
                0x000000000000030a       0x39 Output/spi_pca10040 Release/Obj/nrf_fprintf_format.o
 .ARM.attributes
                0x0000000000000343       0x39 Output/spi_pca10040 Release/Obj/nrf_memobj.o
 .ARM.attributes
                0x000000000000037c       0x39 Output/spi_pca10040 Release/Obj/nrf_ringbuf.o
 .ARM.attributes
                0x00000000000003b5       0x39 Output/spi_pca10040 Release/Obj/nrf_drv_spi.o
 .ARM.attributes
                0x00000000000003ee       0x39 Output/spi_pca10040 Release/Obj/nrfx_gpiote.o
 .ARM.attributes
                0x0000000000000427       0x39 Output/spi_pca10040 Release/Obj/nrfx_prs.o
 .ARM.attributes
                0x0000000000000460       0x39 Output/spi_pca10040 Release/Obj/nrfx_spim.o
 .ARM.attributes
                0x0000000000000499       0x39 Output/spi_pca10040 Release/Obj/nrfx_uart.o
 .ARM.attributes
                0x00000000000004d2       0x39 Output/spi_pca10040 Release/Obj/nrfx_uarte.o
 .ARM.attributes
                0x000000000000050b       0x39 Output/spi_pca10040 Release/Obj/main.o
 .ARM.attributes
                0x0000000000000544       0x39 Output/spi_pca10040 Release/Obj/bmi160.o
 .ARM.attributes
                0x000000000000057d       0x39 Output/spi_pca10040 Release/Obj/SEGGER_RTT.o
 .ARM.attributes
                0x00000000000005b6       0x25 Output/spi_pca10040 Release/Obj/ses_startup_nrf52.o
 .ARM.attributes
                0x00000000000005db       0x25 Output/spi_pca10040 Release/Obj/ses_startup_nrf_common.o
 .ARM.attributes
                0x0000000000000600       0x39 Output/spi_pca10040 Release/Obj/system_nrf52.o
 .ARM.attributes
                0x0000000000000639       0x34 C:/Program Files/SEGGER/SEGGER Embedded Studio for ARM 4.12/lib/libc_v7em_fpv4_sp_d16_hard_t_le_eabi.a(libc2.o)
 .ARM.attributes
                0x000000000000066d       0x20 C:/Program Files/SEGGER/SEGGER Embedded Studio for ARM 4.12/lib/libc_v7em_fpv4_sp_d16_hard_t_le_eabi.a(libc2_asm.o)

.comment        0x0000000000000000       0x4c
 .comment       0x0000000000000000       0x4c Output/spi_pca10040 Release/Obj/nrf_log_backend_rtt.o
                                         0x4d (size before relaxing)
 .comment       0x000000000000004c       0x4d Output/spi_pca10040 Release/Obj/nrf_log_backend_serial.o
 .comment       0x000000000000004c       0x4d Output/spi_pca10040 Release/Obj/nrf_log_default_backends.o
 .comment       0x000000000000004c       0x4d Output/spi_pca10040 Release/Obj/nrf_log_frontend.o
 .comment       0x000000000000004c       0x4d Output/spi_pca10040 Release/Obj/nrf_log_str_formatter.o
 .comment       0x000000000000004c       0x4d Output/spi_pca10040 Release/Obj/boards.o
 .comment       0x000000000000004c       0x4d Output/spi_pca10040 Release/Obj/app_error.o
 .comment       0x000000000000004c       0x4d Output/spi_pca10040 Release/Obj/app_error_weak.o
 .comment       0x000000000000004c       0x4d Output/spi_pca10040 Release/Obj/app_timer.o
 .comment       0x000000000000004c       0x4d Output/spi_pca10040 Release/Obj/app_util_platform.o
 .comment       0x000000000000004c       0x4d Output/spi_pca10040 Release/Obj/nrf_atomic.o
 .comment       0x000000000000004c       0x4d Output/spi_pca10040 Release/Obj/nrf_balloc.o
 .comment       0x000000000000004c       0x4d Output/spi_pca10040 Release/Obj/nrf_fprintf.o
 .comment       0x000000000000004c       0x4d Output/spi_pca10040 Release/Obj/nrf_fprintf_format.o
 .comment       0x000000000000004c       0x4d Output/spi_pca10040 Release/Obj/nrf_memobj.o
 .comment       0x000000000000004c       0x4d Output/spi_pca10040 Release/Obj/nrf_ringbuf.o
 .comment       0x000000000000004c       0x4d Output/spi_pca10040 Release/Obj/nrf_drv_spi.o
 .comment       0x000000000000004c       0x4d Output/spi_pca10040 Release/Obj/nrfx_gpiote.o
 .comment       0x000000000000004c       0x4d Output/spi_pca10040 Release/Obj/nrfx_prs.o
 .comment       0x000000000000004c       0x4d Output/spi_pca10040 Release/Obj/nrfx_spim.o
 .comment       0x000000000000004c       0x4d Output/spi_pca10040 Release/Obj/nrfx_uart.o
 .comment       0x000000000000004c       0x4d Output/spi_pca10040 Release/Obj/nrfx_uarte.o
 .comment       0x000000000000004c       0x4d Output/spi_pca10040 Release/Obj/main.o
 .comment       0x000000000000004c       0x4d Output/spi_pca10040 Release/Obj/bmi160.o
 .comment       0x000000000000004c       0x4d Output/spi_pca10040 Release/Obj/SEGGER_RTT.o
 .comment       0x000000000000004c       0x4d Output/spi_pca10040 Release/Obj/system_nrf52.o
 .comment       0x000000000000004c       0x4d C:/Program Files/SEGGER/SEGGER Embedded Studio for ARM 4.12/lib/libc_v7em_fpv4_sp_d16_hard_t_le_eabi.a(libc2.o)

.debug_line     0x0000000000000000     0xb416
 .debug_line    0x0000000000000000      0x1ec Output/spi_pca10040 Release/Obj/thumb_crt0.o
 .debug_line    0x00000000000001ec      0x7af Output/spi_pca10040 Release/Obj/nrf_log_backend_rtt.o
 .debug_line    0x000000000000099b      0x57c Output/spi_pca10040 Release/Obj/nrf_log_backend_serial.o
 .debug_line    0x0000000000000f17      0x50e Output/spi_pca10040 Release/Obj/nrf_log_default_backends.o
 .debug_line    0x0000000000001425      0x95f Output/spi_pca10040 Release/Obj/nrf_log_frontend.o
 .debug_line    0x0000000000001d84      0x5d4 Output/spi_pca10040 Release/Obj/nrf_log_str_formatter.o
 .debug_line    0x0000000000002358      0x629 Output/spi_pca10040 Release/Obj/boards.o
 .debug_line    0x0000000000002981      0x2c5 Output/spi_pca10040 Release/Obj/app_error.o
 .debug_line    0x0000000000002c46      0x557 Output/spi_pca10040 Release/Obj/app_error_weak.o
 .debug_line    0x000000000000319d      0x8c6 Output/spi_pca10040 Release/Obj/app_timer.o
 .debug_line    0x0000000000003a63      0x34d Output/spi_pca10040 Release/Obj/app_util_platform.o
 .debug_line    0x0000000000003db0      0x497 Output/spi_pca10040 Release/Obj/nrf_atomic.o
 .debug_line    0x0000000000004247      0x4d7 Output/spi_pca10040 Release/Obj/nrf_balloc.o
 .debug_line    0x000000000000471e      0x34e Output/spi_pca10040 Release/Obj/nrf_fprintf.o
 .debug_line    0x0000000000004a6c      0x496 Output/spi_pca10040 Release/Obj/nrf_fprintf_format.o
 .debug_line    0x0000000000004f02      0x57e Output/spi_pca10040 Release/Obj/nrf_memobj.o
 .debug_line    0x0000000000005480      0x485 Output/spi_pca10040 Release/Obj/nrf_ringbuf.o
 .debug_line    0x0000000000005905      0x52f Output/spi_pca10040 Release/Obj/nrf_drv_spi.o
 .debug_line    0x0000000000005e34      0xcec Output/spi_pca10040 Release/Obj/nrfx_gpiote.o
 .debug_line    0x0000000000006b20      0x64d Output/spi_pca10040 Release/Obj/nrfx_prs.o
 .debug_line    0x000000000000716d      0x983 Output/spi_pca10040 Release/Obj/nrfx_spim.o
 .debug_line    0x0000000000007af0      0xb86 Output/spi_pca10040 Release/Obj/nrfx_uart.o
 .debug_line    0x0000000000008676      0xa88 Output/spi_pca10040 Release/Obj/nrfx_uarte.o
 .debug_line    0x00000000000090fe      0xa15 Output/spi_pca10040 Release/Obj/main.o
 .debug_line    0x0000000000009b13      0xd91 Output/spi_pca10040 Release/Obj/bmi160.o
 .debug_line    0x000000000000a8a4      0x7d8 Output/spi_pca10040 Release/Obj/SEGGER_RTT.o
 .debug_line    0x000000000000b07c       0x6f Output/spi_pca10040 Release/Obj/ses_startup_nrf52.o
 .debug_line    0x000000000000b0eb       0x93 Output/spi_pca10040 Release/Obj/ses_startup_nrf_common.o
 .debug_line    0x000000000000b17e      0x298 Output/spi_pca10040 Release/Obj/system_nrf52.o

.debug_info     0x0000000000000000    0x289a3
 .debug_info    0x0000000000000000       0x22 Output/spi_pca10040 Release/Obj/thumb_crt0.o
 .debug_info    0x0000000000000022      0xd1c Output/spi_pca10040 Release/Obj/nrf_log_backend_rtt.o
 .debug_info    0x0000000000000d3e      0xdad Output/spi_pca10040 Release/Obj/nrf_log_backend_serial.o
 .debug_info    0x0000000000001aeb      0x980 Output/spi_pca10040 Release/Obj/nrf_log_default_backends.o
 .debug_info    0x000000000000246b     0x2509 Output/spi_pca10040 Release/Obj/nrf_log_frontend.o
 .debug_info    0x0000000000004974      0xf1d Output/spi_pca10040 Release/Obj/nrf_log_str_formatter.o
 .debug_info    0x0000000000005891     0x1060 Output/spi_pca10040 Release/Obj/boards.o
 .debug_info    0x00000000000068f1      0x7e8 Output/spi_pca10040 Release/Obj/app_error.o
 .debug_info    0x00000000000070d9      0xbd2 Output/spi_pca10040 Release/Obj/app_error_weak.o
 .debug_info    0x0000000000007cab     0x1d76 Output/spi_pca10040 Release/Obj/app_timer.o
 .debug_info    0x0000000000009a21      0xc6f Output/spi_pca10040 Release/Obj/app_util_platform.o
 .debug_info    0x000000000000a690      0xd9e Output/spi_pca10040 Release/Obj/nrf_atomic.o
 .debug_info    0x000000000000b42e      0xa0f Output/spi_pca10040 Release/Obj/nrf_balloc.o
 .debug_info    0x000000000000be3d      0x772 Output/spi_pca10040 Release/Obj/nrf_fprintf.o
 .debug_info    0x000000000000c5af      0xbaa Output/spi_pca10040 Release/Obj/nrf_fprintf_format.o
 .debug_info    0x000000000000d159      0xe67 Output/spi_pca10040 Release/Obj/nrf_memobj.o
 .debug_info    0x000000000000dfc0      0xaf5 Output/spi_pca10040 Release/Obj/nrf_ringbuf.o
 .debug_info    0x000000000000eab5     0x12de Output/spi_pca10040 Release/Obj/nrf_drv_spi.o
 .debug_info    0x000000000000fd93     0x30ce Output/spi_pca10040 Release/Obj/nrfx_gpiote.o
 .debug_info    0x0000000000012e61      0xd78 Output/spi_pca10040 Release/Obj/nrfx_prs.o
 .debug_info    0x0000000000013bd9     0x298d Output/spi_pca10040 Release/Obj/nrfx_spim.o
 .debug_info    0x0000000000016566     0x30be Output/spi_pca10040 Release/Obj/nrfx_uart.o
 .debug_info    0x0000000000019624     0x3045 Output/spi_pca10040 Release/Obj/nrfx_uarte.o
 .debug_info    0x000000000001c669     0x26ce Output/spi_pca10040 Release/Obj/main.o
 .debug_info    0x000000000001ed37     0x725c Output/spi_pca10040 Release/Obj/bmi160.o
 .debug_info    0x0000000000025f93     0x18e1 Output/spi_pca10040 Release/Obj/SEGGER_RTT.o
 .debug_info    0x0000000000027874       0x26 Output/spi_pca10040 Release/Obj/ses_startup_nrf52.o
 .debug_info    0x000000000002789a       0x26 Output/spi_pca10040 Release/Obj/ses_startup_nrf_common.o
 .debug_info    0x00000000000278c0     0x10e3 Output/spi_pca10040 Release/Obj/system_nrf52.o

.debug_abbrev   0x0000000000000000     0x4f42
 .debug_abbrev  0x0000000000000000       0x12 Output/spi_pca10040 Release/Obj/thumb_crt0.o
 .debug_abbrev  0x0000000000000012      0x2a7 Output/spi_pca10040 Release/Obj/nrf_log_backend_rtt.o
 .debug_abbrev  0x00000000000002b9      0x237 Output/spi_pca10040 Release/Obj/nrf_log_backend_serial.o
 .debug_abbrev  0x00000000000004f0      0x1da Output/spi_pca10040 Release/Obj/nrf_log_default_backends.o
 .debug_abbrev  0x00000000000006ca      0x549 Output/spi_pca10040 Release/Obj/nrf_log_frontend.o
 .debug_abbrev  0x0000000000000c13      0x264 Output/spi_pca10040 Release/Obj/nrf_log_str_formatter.o
 .debug_abbrev  0x0000000000000e77      0x319 Output/spi_pca10040 Release/Obj/boards.o
 .debug_abbrev  0x0000000000001190      0x1a9 Output/spi_pca10040 Release/Obj/app_error.o
 .debug_abbrev  0x0000000000001339      0x229 Output/spi_pca10040 Release/Obj/app_error_weak.o
 .debug_abbrev  0x0000000000001562      0x4cf Output/spi_pca10040 Release/Obj/app_timer.o
 .debug_abbrev  0x0000000000001a31      0x273 Output/spi_pca10040 Release/Obj/app_util_platform.o
 .debug_abbrev  0x0000000000001ca4      0x220 Output/spi_pca10040 Release/Obj/nrf_atomic.o
 .debug_abbrev  0x0000000000001ec4      0x25d Output/spi_pca10040 Release/Obj/nrf_balloc.o
 .debug_abbrev  0x0000000000002121      0x1ae Output/spi_pca10040 Release/Obj/nrf_fprintf.o
 .debug_abbrev  0x00000000000022cf      0x2da Output/spi_pca10040 Release/Obj/nrf_fprintf_format.o
 .debug_abbrev  0x00000000000025a9      0x247 Output/spi_pca10040 Release/Obj/nrf_memobj.o
 .debug_abbrev  0x00000000000027f0      0x1bf Output/spi_pca10040 Release/Obj/nrf_ringbuf.o
 .debug_abbrev  0x00000000000029af      0x27b Output/spi_pca10040 Release/Obj/nrf_drv_spi.o
 .debug_abbrev  0x0000000000002c2a      0x4dd Output/spi_pca10040 Release/Obj/nrfx_gpiote.o
 .debug_abbrev  0x0000000000003107      0x2a3 Output/spi_pca10040 Release/Obj/nrfx_prs.o
 .debug_abbrev  0x00000000000033aa      0x404 Output/spi_pca10040 Release/Obj/nrfx_spim.o
 .debug_abbrev  0x00000000000037ae      0x50e Output/spi_pca10040 Release/Obj/nrfx_uart.o
 .debug_abbrev  0x0000000000003cbc      0x484 Output/spi_pca10040 Release/Obj/nrfx_uarte.o
 .debug_abbrev  0x0000000000004140      0x4cf Output/spi_pca10040 Release/Obj/main.o
 .debug_abbrev  0x000000000000460f      0x420 Output/spi_pca10040 Release/Obj/bmi160.o
 .debug_abbrev  0x0000000000004a2f      0x2e3 Output/spi_pca10040 Release/Obj/SEGGER_RTT.o
 .debug_abbrev  0x0000000000004d12       0x14 Output/spi_pca10040 Release/Obj/ses_startup_nrf52.o
 .debug_abbrev  0x0000000000004d26       0x14 Output/spi_pca10040 Release/Obj/ses_startup_nrf_common.o
 .debug_abbrev  0x0000000000004d3a      0x208 Output/spi_pca10040 Release/Obj/system_nrf52.o

.debug_aranges  0x0000000000000000      0xba0
 .debug_aranges
                0x0000000000000000       0x80 Output/spi_pca10040 Release/Obj/thumb_crt0.o
 .debug_aranges
                0x0000000000000080       0x38 Output/spi_pca10040 Release/Obj/nrf_log_backend_rtt.o
 .debug_aranges
                0x00000000000000b8       0x20 Output/spi_pca10040 Release/Obj/nrf_log_backend_serial.o
 .debug_aranges
                0x00000000000000d8       0x20 Output/spi_pca10040 Release/Obj/nrf_log_default_backends.o
 .debug_aranges
                0x00000000000000f8       0xd0 Output/spi_pca10040 Release/Obj/nrf_log_frontend.o
 .debug_aranges
                0x00000000000001c8       0x40 Output/spi_pca10040 Release/Obj/nrf_log_str_formatter.o
 .debug_aranges
                0x0000000000000208       0x78 Output/spi_pca10040 Release/Obj/boards.o
 .debug_aranges
                0x0000000000000280       0x28 Output/spi_pca10040 Release/Obj/app_error.o
 .debug_aranges
                0x00000000000002a8       0x20 Output/spi_pca10040 Release/Obj/app_error_weak.o
 .debug_aranges
                0x00000000000002c8       0x90 Output/spi_pca10040 Release/Obj/app_timer.o
 .debug_aranges
                0x0000000000000358       0x48 Output/spi_pca10040 Release/Obj/app_util_platform.o
 .debug_aranges
                0x00000000000003a0       0xb0 Output/spi_pca10040 Release/Obj/nrf_atomic.o
 .debug_aranges
                0x0000000000000450       0x30 Output/spi_pca10040 Release/Obj/nrf_balloc.o
 .debug_aranges
                0x0000000000000480       0x28 Output/spi_pca10040 Release/Obj/nrf_fprintf.o
 .debug_aranges
                0x00000000000004a8       0x30 Output/spi_pca10040 Release/Obj/nrf_fprintf_format.o
 .debug_aranges
                0x00000000000004d8       0x58 Output/spi_pca10040 Release/Obj/nrf_memobj.o
 .debug_aranges
                0x0000000000000530       0x50 Output/spi_pca10040 Release/Obj/nrf_ringbuf.o
 .debug_aranges
                0x0000000000000580       0x28 Output/spi_pca10040 Release/Obj/nrf_drv_spi.o
 .debug_aranges
                0x00000000000005a8       0xf8 Output/spi_pca10040 Release/Obj/nrfx_gpiote.o
 .debug_aranges
                0x00000000000006a0       0x30 Output/spi_pca10040 Release/Obj/nrfx_prs.o
 .debug_aranges
                0x00000000000006d0       0x50 Output/spi_pca10040 Release/Obj/nrfx_spim.o
 .debug_aranges
                0x0000000000000720       0xa0 Output/spi_pca10040 Release/Obj/nrfx_uart.o
 .debug_aranges
                0x00000000000007c0       0x78 Output/spi_pca10040 Release/Obj/nrfx_uarte.o
 .debug_aranges
                0x0000000000000838       0x68 Output/spi_pca10040 Release/Obj/main.o
 .debug_aranges
                0x00000000000008a0      0x180 Output/spi_pca10040 Release/Obj/bmi160.o
 .debug_aranges
                0x0000000000000a20      0x108 Output/spi_pca10040 Release/Obj/SEGGER_RTT.o
 .debug_aranges
                0x0000000000000b28       0x20 Output/spi_pca10040 Release/Obj/ses_startup_nrf52.o
 .debug_aranges
                0x0000000000000b48       0x20 Output/spi_pca10040 Release/Obj/ses_startup_nrf_common.o
 .debug_aranges
                0x0000000000000b68       0x38 Output/spi_pca10040 Release/Obj/system_nrf52.o

.debug_str      0x0000000000000000    0x7fae5
 .debug_str     0x0000000000000000       0xa0 Output/spi_pca10040 Release/Obj/thumb_crt0.o
 .debug_str     0x00000000000000a0    0x6e19d Output/spi_pca10040 Release/Obj/nrf_log_backend_rtt.o
                                      0x6f039 (size before relaxing)
 .debug_str     0x000000000006e23d      0x221 Output/spi_pca10040 Release/Obj/nrf_log_backend_serial.o
                                      0x6b596 (size before relaxing)
 .debug_str     0x000000000006e45e      0x116 Output/spi_pca10040 Release/Obj/nrf_log_default_backends.o
                                      0x6b34b (size before relaxing)
 .debug_str     0x000000000006e574     0x1375 Output/spi_pca10040 Release/Obj/nrf_log_frontend.o
                                      0x6c7f8 (size before relaxing)
 .debug_str     0x000000000006f8e9      0x2d4 Output/spi_pca10040 Release/Obj/nrf_log_str_formatter.o
                                      0x6b6e8 (size before relaxing)
 .debug_str     0x000000000006fbbd     0x1568 Output/spi_pca10040 Release/Obj/boards.o
                                      0x6bed3 (size before relaxing)
 .debug_str     0x0000000000071125      0x106 Output/spi_pca10040 Release/Obj/app_error.o
                                      0x5d12b (size before relaxing)
 .debug_str     0x000000000007122b       0xd4 Output/spi_pca10040 Release/Obj/app_error_weak.o
                                      0x6ba1b (size before relaxing)
 .debug_str     0x00000000000712ff      0xdb4 Output/spi_pca10040 Release/Obj/app_timer.o
                                      0x6bead (size before relaxing)
 .debug_str     0x00000000000720b3      0x1b5 Output/spi_pca10040 Release/Obj/app_util_platform.o
                                      0x5d91d (size before relaxing)
 .debug_str     0x0000000000072268      0x6b4 Output/spi_pca10040 Release/Obj/nrf_atomic.o
                                      0x67a34 (size before relaxing)
 .debug_str     0x000000000007291c      0x15f Output/spi_pca10040 Release/Obj/nrf_balloc.o
                                      0x6b36f (size before relaxing)
 .debug_str     0x0000000000072a7b       0xfd Output/spi_pca10040 Release/Obj/nrf_fprintf.o
                                      0x675ce (size before relaxing)
 .debug_str     0x0000000000072b78      0x118 Output/spi_pca10040 Release/Obj/nrf_fprintf_format.o
                                      0x676c3 (size before relaxing)
 .debug_str     0x0000000000072c90      0x1a0 Output/spi_pca10040 Release/Obj/nrf_memobj.o
                                      0x696ff (size before relaxing)