Archive member included to satisfy reference by file (symbol)

C:/Program Files/SEGGER/SEGGER Embedded Studio for ARM 4.12/lib/libc_v7em_fpv4_sp_d16_hard_t_le_eabi.a(libc2.o)
                              Output/ble_app_blinky_pca10040_s132 Release/Obj/nrf_log_str_formatter.o (isprint)
C:/Program Files/SEGGER/SEGGER Embedded Studio for ARM 4.12/lib/libc_v7em_fpv4_sp_d16_hard_t_le_eabi.a(libc2_asm.o)
                              Output/ble_app_blinky_pca10040_s132 Release/Obj/nrf_log_frontend.o (memcpy)
C:/Program Files/SEGGER/SEGGER Embedded Studio for ARM 4.12/lib/libc_v7em_fpv4_sp_d16_hard_t_le_eabi.a(libc.o)
                              C:/Program Files/SEGGER/SEGGER Embedded Studio for ARM 4.12/lib/libc_v7em_fpv4_sp_d16_hard_t_le_eabi.a(libc2.o) (__heap_lock)
C:/Program Files/SEGGER/SEGGER Embedded Studio for ARM 4.12/lib/libc_v7em_fpv4_sp_d16_hard_t_le_eabi.a(libc_asm.o)
                              C:/Program Files/SEGGER/SEGGER Embedded Studio for ARM 4.12/lib/libc_v7em_fpv4_sp_d16_hard_t_le_eabi.a(libc2.o) (__aeabi_uldivmod)
C:/Program Files/SEGGER/SEGGER Embedded Studio for ARM 4.12/lib/libdebugio_v7em_fpv4_sp_d16_hard_t_le_eabi.a(libdebugio.o)
                              Output/ble_app_blinky_pca10040_s132 Release/Obj/thumb_crt0.o (debug_fopen)
C:/Program Files/SEGGER/SEGGER Embedded Studio for ARM 4.12/lib/libdebugio_mempoll_v7em_fpv4_sp_d16_hard_t_le_eabi.a(mempoll_debug_operations.o)
                              C:/Program Files/SEGGER/SEGGER Embedded Studio for ARM 4.12/lib/libdebugio_v7em_fpv4_sp_d16_hard_t_le_eabi.a(libdebugio.o) (__do_debug_operation)
C:/Program Files/SEGGER/SEGGER Embedded Studio for ARM 4.12/lib/libdebugio_mempoll_v7em_fpv4_sp_d16_hard_t_le_eabi.a(do_nv_debug_operation.o)
                              C:/Program Files/SEGGER/SEGGER Embedded Studio for ARM 4.12/lib/libdebugio_v7em_fpv4_sp_d16_hard_t_le_eabi.a(libdebugio.o) (__do_nvdebug_operation)
C:/Program Files/SEGGER/SEGGER Embedded Studio for ARM 4.12/lib/libm_v7em_fpv4_sp_d16_hard_t_le_eabi.a(libm_asm.o)
                              C:/Program Files/SEGGER/SEGGER Embedded Studio for ARM 4.12/lib/libc_v7em_fpv4_sp_d16_hard_t_le_eabi.a(libc2.o) (__aeabi_i2d)
C:/Program Files/SEGGER/SEGGER Embedded Studio for ARM 4.12/lib/libm_v7em_fpv4_sp_d16_hard_t_le_eabi.a(libm2.o)
                              C:/Program Files/SEGGER/SEGGER Embedded Studio for ARM 4.12/lib/libvfprintf_v7em_fpv4_sp_d16_hard_t_le_eabi.o (frexp)
C:/Program Files/SEGGER/SEGGER Embedded Studio for ARM 4.12/lib/libm_v7em_fpv4_sp_d16_hard_t_le_eabi.a(libm2_asm.o)
                              C:/Program Files/SEGGER/SEGGER Embedded Studio for ARM 4.12/lib/libm_v7em_fpv4_sp_d16_hard_t_le_eabi.a(libm2.o) (fabs)

Discarded input sections

 .text          0x0000000000000000        0x0 Output/ble_app_blinky_pca10040_s132 Release/Obj/thumb_crt0.o
 .data          0x0000000000000000        0x0 Output/ble_app_blinky_pca10040_s132 Release/Obj/thumb_crt0.o
 .bss           0x0000000000000000        0x0 Output/ble_app_blinky_pca10040_s132 Release/Obj/thumb_crt0.o
 .text.__aeabi_read_tp
                0x0000000000000000        0x8 Output/ble_app_blinky_pca10040_s132 Release/Obj/thumb_crt0.o
 .text.abort    0x0000000000000000        0x2 Output/ble_app_blinky_pca10040_s132 Release/Obj/thumb_crt0.o
 .text.__assert
                0x0000000000000000        0x2 Output/ble_app_blinky_pca10040_s132 Release/Obj/thumb_crt0.o
 .text.__aeabi_assert
                0x0000000000000000        0x2 Output/ble_app_blinky_pca10040_s132 Release/Obj/thumb_crt0.o
 .text.__sync_synchronize
                0x0000000000000000        0x2 Output/ble_app_blinky_pca10040_s132 Release/Obj/thumb_crt0.o
 .text.__getchar
                0x0000000000000000        0x4 Output/ble_app_blinky_pca10040_s132 Release/Obj/thumb_crt0.o
 .text.__putchar
                0x0000000000000000        0x4 Output/ble_app_blinky_pca10040_s132 Release/Obj/thumb_crt0.o
 .text.__open   0x0000000000000000        0x4 Output/ble_app_blinky_pca10040_s132 Release/Obj/thumb_crt0.o
 .text.__close  0x0000000000000000        0x4 Output/ble_app_blinky_pca10040_s132 Release/Obj/thumb_crt0.o
 .text.__write  0x0000000000000000        0xa Output/ble_app_blinky_pca10040_s132 Release/Obj/thumb_crt0.o
 .text.__read   0x0000000000000000        0xa Output/ble_app_blinky_pca10040_s132 Release/Obj/thumb_crt0.o
 .text.__seek   0x0000000000000000       0x1a Output/ble_app_blinky_pca10040_s132 Release/Obj/thumb_crt0.o
 .bss.__user_locale_name_buffer
                0x0000000000000000        0x4 Output/ble_app_blinky_pca10040_s132 Release/Obj/thumb_crt0.o
 .stack         0x0000000000000000        0x0 Output/ble_app_blinky_pca10040_s132 Release/Obj/thumb_crt0.o
 .stack_process
                0x0000000000000000        0x0 Output/ble_app_blinky_pca10040_s132 Release/Obj/thumb_crt0.o
 .heap          0x0000000000000000        0x0 Output/ble_app_blinky_pca10040_s132 Release/Obj/thumb_crt0.o
[...]
Memory Configuration

Name             Origin             Length             Attributes
UNPLACED_SECTIONS 0x0000000100000000 0x0000000000000000 xw
RAM              0x0000000020000000 0x0000000000010000 xw
FLASH            0x0000000000000000 0x0000000000080000 xw
*default*        0x0000000000000000 0xffffffffffffffff

Linker script and memory map

                0x0000000000000000                __vfprintf = __vfprintf_long
                0x0000000000000000                __vfscanf = __vfscanf_long
                0x0000000020000000                __RAM_segment_start__ = 0x20000000
                0x0000000020010000                __RAM_segment_end__ = 0x20010000
                0x0000000000010000                __RAM_segment_size__ = 0x10000
                0x0000000000000000                __FLASH_segment_start__ = 0x0
                0x0000000000080000                __FLASH_segment_end__ = 0x80000
                0x0000000000080000                __FLASH_segment_size__ = 0x80000
                0x0000000000002000                __HEAPSIZE__ = 0x2000
                0x0000000000000000                __STACKSIZE_PROCESS__ = 0x0
                0x0000000000002000                __STACKSIZE__ = 0x2000
                0x0000000020000000                __reserved_ram_load_start__ = 0x20000000

.reserved_ram   0x0000000020000000     0x22b8
                0x0000000020000000                __reserved_ram_start__ = .
 *(.reserved_ram .reserved_ram.*)
                0x00000000200022b8                . = MAX (((__reserved_ram_start__ + 0x200022b8) - 0x20000000), .)
 *fill*         0x0000000020000000     0x22b8 
                0x00000000200022b8                __reserved_ram_end__ = (__reserved_ram_start__ + SIZEOF (.reserved_ram))
                0x00000000000022b8                __reserved_ram_size__ = SIZEOF (.reserved_ram)
                0x00000000200022b8                __reserved_ram_load_end__ = __reserved_ram_end__
                0x0000000000000001                . = ASSERT (((__reserved_ram_start__ == __reserved_ram_end__) || ((__reserved_ram_end__ >= __RAM_segment_start__) && (__reserved_ram_end__ <= __RAM_segment_end__))), error: .reserved_ram is too large to fit in RAM memory segment)
                0x00000000200022b8                __vectors_ram_load_start__ = 0x200022b8

.vectors_ram    0x00000000200022b8        0x0
                0x00000000200022b8                __vectors_ram_start__ = .
                0x00000000200022b8                __app_ram_start__ = __vectors_ram_start__
 *(.vectors_ram .vectors_ram.*)
                0x00000000200022b8                __vectors_ram_end__ = (__vectors_ram_start__ + SIZEOF (.vectors_ram))
                0x0000000000000000                __vectors_ram_size__ = SIZEOF (.vectors_ram)
                0x00000000200022b8                __vectors_ram_load_end__ = __vectors_ram_end__
                0x0000000000000001                . = ASSERT (((__vectors_ram_start__ == __vectors_ram_end__) || ((__vectors_ram_end__ >= __RAM_segment_start__) && (__vectors_ram_end__ <= __RAM_segment_end__))), error: .vectors_ram is too large to fit in RAM memory segment)
                0x0000000000000001                . = ASSERT ((__reserved_ram_end__ <= __vectors_ram_start__), error: section .reserved_ram overlaps absolute placed section .vectors_ram)
                0x00000000200022b8                __nrf_sections_run_load_start__ = ALIGN (__vectors_ram_end__, 0x4)

.nrf_sections_run
                0x00000000200022b8        0x0
                0x00000000200022b8                __nrf_sections_run_start__ = .
                0x00000000200022b8                __start_nrf_sections_run = __nrf_sections_run_start__
 *(.nrf_sections_run .nrf_sections_run.*)
                0x00000000200022b8                __nrf_sections_run_end__ = (__nrf_sections_run_start__ + SIZEOF (.nrf_sections_run))
                0x0000000000000000                __nrf_sections_run_size__ = SIZEOF (.nrf_sections_run)
                0x00000000200022b8                __nrf_sections_run_load_end__ = __nrf_sections_run_end__
                0x0000000000000001                . = ASSERT (((__nrf_sections_run_start__ == __nrf_sections_run_end__) || ((__nrf_sections_run_end__ >= __RAM_segment_start__) && (__nrf_sections_run_end__ <= __RAM_segment_end__))), error: .nrf_sections_run is too large to fit in RAM memory segment)
                0x0000000000000000                __reserved_flash_load_start__ = 0x0

.reserved_flash
                0x0000000000000000    0x26000
                0x0000000000000000                __reserved_flash_start__ = .
 *(.reserved_flash .reserved_flash.*)
                0x0000000000026000                . = MAX (((__reserved_flash_start__ + 0x26000) - 0x0), .)
 *fill*         0x0000000000000000    0x26000 
                0x0000000000026000                __reserved_flash_end__ = (__reserved_flash_start__ + SIZEOF (.reserved_flash))
                0x0000000000026000                __reserved_flash_size__ = SIZEOF (.reserved_flash)
                0x0000000000026000                __reserved_flash_load_end__ = __reserved_flash_end__
                0x0000000000000001                . = ASSERT (((__reserved_flash_start__ == __reserved_flash_end__) || ((__reserved_flash_end__ >= __FLASH_segment_start__) && (__reserved_flash_end__ <= __FLASH_segment_end__))), error: .reserved_flash is too large to fit in FLASH memory segment)
                0x0000000000026000                __vectors_load_start__ = 0x26000

.vectors        0x0000000000026000      0x200
                0x0000000000026000                __vectors_start__ = .
 *(.vectors .vectors.*)
 .vectors       0x0000000000026000      0x200 Output/ble_app_blinky_pca10040_s132 Release/Obj/ses_startup_nrf52.o
                0x0000000000026000                _vectors
                0x0000000000026200                __vectors_end__ = (__vectors_start__ + SIZEOF (.vectors))
                0x0000000000000200                __vectors_size__ = SIZEOF (.vectors)
                0x0000000000026200                __vectors_load_end__ = __vectors_end__
                0x0000000000000001                . = ASSERT (((__vectors_start__ == __vectors_end__) || ((__vectors_end__ >= __FLASH_segment_start__) && (__vectors_end__ <= __FLASH_segment_end__))), error: .vectors is too large to fit in FLASH memory segment)
                0x0000000000000001                . = ASSERT ((__reserved_flash_end__ <= __vectors_start__), error: section .reserved_flash overlaps absolute placed section .vectors)
                0x0000000000026200                __init_load_start__ = ALIGN (__vectors_end__, 0x4)

.init           0x0000000000026200      0x1d8
                0x0000000000026200                __init_start__ = .
 *(.init .init.*)
 .init          0x0000000000026200      0x160 Output/ble_app_blinky_pca10040_s132 Release/Obj/thumb_crt0.o
                0x0000000000026200                _start
                0x00000000000262b6                exit
 .init          0x0000000000026360       0x18 Output/ble_app_blinky_pca10040_s132 Release/Obj/ses_startup_nrf52.o
                0x0000000000026360                NMI_Handler
                0x0000000000026362                HardFault_Handler
                0x0000000000026364                MemoryManagement_Handler
                0x0000000000026366                BusFault_Handler
                0x0000000000026368                UsageFault_Handler
                0x000000000002636a                SVC_Handler
                0x000000000002636c                DebugMon_Handler
                0x000000000002636e                PendSV_Handler
                0x0000000000026370                SysTick_Handler
                0x0000000000026372                RADIO_IRQHandler
                0x0000000000026372                PDM_IRQHandler
                0x0000000000026372                TEMP_IRQHandler
                0x0000000000026372                QDEC_IRQHandler
                0x0000000000026372                TIMER3_IRQHandler
                0x0000000000026372                FPU_IRQHandler
                0x0000000000026372                RTC0_IRQHandler
                0x0000000000026372                PWM1_IRQHandler
                0x0000000000026372                TIMER4_IRQHandler
                0x0000000000026372                I2S_IRQHandler
                0x0000000000026372                SWI4_EGU4_IRQHandler
                0x0000000000026372                TIMER0_IRQHandler
                0x0000000000026372                Dummy_Handler
                0x0000000000026372                TIMER1_IRQHandler
                0x0000000000026372                PWM2_IRQHandler
                0x0000000000026372                ECB_IRQHandler
                0x0000000000026372                SPIM1_SPIS1_TWIM1_TWIS1_SPI1_TWI1_IRQHandler
                0x0000000000026372                SAADC_IRQHandler
                0x0000000000026372                CCM_AAR_IRQHandler
                0x0000000000026372                WDT_IRQHandler
                0x0000000000026372                SPIM0_SPIS0_TWIM0_TWIS0_SPI0_TWI0_IRQHandler
                0x0000000000026372                SWI5_EGU5_IRQHandler
                0x0000000000026372                RNG_IRQHandler
                0x0000000000026372                RTC2_IRQHandler
                0x0000000000026372                PWM0_IRQHandler
                0x0000000000026372                SWI3_EGU3_IRQHandler
                0x0000000000026372                SWI1_EGU1_IRQHandler
                0x0000000000026372                SPIM2_SPIS2_SPI2_IRQHandler
                0x0000000000026372                NFCT_IRQHandler
                0x0000000000026372                TIMER2_IRQHandler
                0x0000000000026372                MWU_IRQHandler
                0x0000000000026372                COMP_LPCOMP_IRQHandler
                0x0000000000026374                nRFInitialize
 .init          0x0000000000026378       0x60 Output/ble_app_blinky_pca10040_s132 Release/Obj/ses_startup_nrf_common.o
                0x0000000000026378                Reset_Handler
                0x00000000000263a0                InitializeUserMemorySections
                0x00000000000263d8                __init_end__ = (__init_start__ + SIZEOF (.init))
                0x00000000000001d8                __init_size__ = SIZEOF (.init)
                0x00000000000263d8                __init_load_end__ = __init_end__
                0x0000000000000001                . = ASSERT (((__init_start__ == __init_end__) || ((__init_end__ >= __FLASH_segment_start__) && (__init_end__ <= __FLASH_segment_end__))), error: .init is too large to fit in FLASH memory segment)
                0x00000000000263d8                __init_rodata_load_start__ = ALIGN (__init_end__, 0x4)

.init_rodata    0x00000000000263d8        0x0
                0x00000000000263d8                __init_rodata_start__ = .
 *(.init_rodata .init_rodata.*)
                0x00000000000263d8                __init_rodata_end__ = (__init_rodata_start__ + SIZEOF (.init_rodata))
                0x0000000000000000                __init_rodata_size__ = SIZEOF (.init_rodata)
                0x00000000000263d8                __init_rodata_load_end__ = __init_rodata_end__
                0x0000000000000001                . = ASSERT (((__init_rodata_start__ == __init_rodata_end__) || ((__init_rodata_end__ >= __FLASH_segment_start__) && (__init_rodata_end__ <= __FLASH_segment_end__))), error: .init_rodata is too large to fit in FLASH memory segment)
                0x00000000000263d8                __text_load_start__ = ALIGN (__init_rodata_end__, 0x4)

.text           0x00000000000263d8     0x4784
                0x00000000000263d8                __text_start__ = .
 *(.text .text.* .glue_7t .glue_7 .gnu.linkonce.t.* .gcc_except_table .ARM.extab* .gnu.linkonce.armextab.*)
 .glue_7        0x00000000000263d8        0x0 linker stubs
 .glue_7t       0x00000000000263d8        0x0 linker stubs
 .text.nrf_log_backend_rtt_flush
                0x00000000000263d8        0x2 Output/ble_app_blinky_pca10040_s132 Release/Obj/nrf_log_backend_rtt.o
 *fill*         0x00000000000263da        0x2 
 .text.nrf_log_backend_rtt_put
                0x00000000000263dc       0x1c Output/ble_app_blinky_pca10040_s132 Release/Obj/nrf_log_backend_rtt.o
 .text.serial_tx
                0x00000000000263f8       0x50 Output/ble_app_blinky_pca10040_s132 Release/Obj/nrf_log_backend_rtt.o
 .text.nrf_log_backend_rtt_panic_set
                0x0000000000026448        0x2 Output/ble_app_blinky_pca10040_s132 Release/Obj/nrf_log_backend_rtt.o
 .text.nrf_log_backend_rtt_init
                0x000000000002644a        0x4 Output/ble_app_blinky_pca10040_s132 Release/Obj/nrf_log_backend_rtt.o
                0x000000000002644a                nrf_log_backend_rtt_init
 .text.nrf_log_backend_serial_put
                0x000000000002644e       0xcc Output/ble_app_blinky_pca10040_s132 Release/Obj/nrf_log_backend_serial.o
                0x000000000002644e                nrf_log_backend_serial_put
 *fill*         0x000000000002651a        0x2 
 .text.uart_evt_handler
                0x000000000002651c        0xc Output/ble_app_blinky_pca10040_s132 Release/Obj/nrf_log_backend_uart.o
 .text.nrf_log_backend_uart_flush
                0x0000000000026528        0x2 Output/ble_app_blinky_pca10040_s132 Release/Obj/nrf_log_backend_uart.o
 *fill*         0x000000000002652a        0x2 
 .text.uart_init
                0x000000000002652c       0x4c Output/ble_app_blinky_pca10040_s132 Release/Obj/nrf_log_backend_uart.o
 .text.nrf_log_backend_uart_put
                0x0000000000026578       0x1c Output/ble_app_blinky_pca10040_s132 Release/Obj/nrf_log_backend_uart.o
 .text.serial_tx
                0x0000000000026594       0x48 Output/ble_app_blinky_pca10040_s132 Release/Obj/nrf_log_backend_uart.o
 .text.nrf_log_backend_uart_panic_set
                0x00000000000265dc       0x2c Output/ble_app_blinky_pca10040_s132 Release/Obj/nrf_log_backend_uart.o
 .text.nrf_log_backend_uart_init
                0x0000000000026608        0x6 Output/ble_app_blinky_pca10040_s132 Release/Obj/nrf_log_backend_uart.o
                0x0000000000026608                nrf_log_backend_uart_init
 *fill*         0x000000000002660e        0x2 
 .text.nrf_log_default_backends_init
                0x0000000000026610       0x38 Output/ble_app_blinky_pca10040_s132 Release/Obj/nrf_log_default_backends.o
                0x0000000000026610                nrf_log_default_backends_init
 .text.invalid_packets_omit
                0x0000000000026648       0x3a Output/ble_app_blinky_pca10040_s132 Release/Obj/nrf_log_frontend.o
 *fill*         0x0000000000026682        0x2 
 .text.buf_prealloc
                0x0000000000026684      0x134 Output/ble_app_blinky_pca10040_s132 Release/Obj/nrf_log_frontend.o
 .text.nrf_log_init
                0x00000000000267b8       0x3c Output/ble_app_blinky_pca10040_s132 Release/Obj/nrf_log_frontend.o
                0x00000000000267b8                nrf_log_init
 .text.nrf_log_module_name_get
                0x00000000000267f4       0x38 Output/ble_app_blinky_pca10040_s132 Release/Obj/nrf_log_frontend.o
                0x00000000000267f4                nrf_log_module_name_get
 .text.nrf_log_color_id_get
                0x000000000002682c       0x2c Output/ble_app_blinky_pca10040_s132 Release/Obj/nrf_log_frontend.o
                0x000000000002682c                nrf_log_color_id_get
 .text.buffer_is_empty
                0x0000000000026858       0x14 Output/ble_app_blinky_pca10040_s132 Release/Obj/nrf_log_frontend.o
                0x0000000000026858                buffer_is_empty
 .text.nrf_log_frontend_dequeue
                0x000000000002686c      0x228 Output/ble_app_blinky_pca10040_s132 Release/Obj/nrf_log_frontend.o
                0x000000000002686c                nrf_log_frontend_dequeue
 .text.std_n    0x0000000000026a94       0xb0 Output/ble_app_blinky_pca10040_s132 Release/Obj/nrf_log_frontend.o
 .text.nrf_log_frontend_std_0
                0x0000000000026b44        0x8 Output/ble_app_blinky_pca10040_s132 Release/Obj/nrf_log_frontend.o
                0x0000000000026b44                nrf_log_frontend_std_0
 .text.nrf_log_frontend_std_1
                0x0000000000026b4c       0x14 Output/ble_app_blinky_pca10040_s132 Release/Obj/nrf_log_frontend.o
                0x0000000000026b4c                nrf_log_frontend_std_1
 .text.nrf_log_frontend_std_2
                0x0000000000026b60       0x14 Output/ble_app_blinky_pca10040_s132 Release/Obj/nrf_log_frontend.o
                0x0000000000026b60                nrf_log_frontend_std_2
 .text.nrf_log_backend_add
                0x0000000000026b74       0x44 Output/ble_app_blinky_pca10040_s132 Release/Obj/nrf_log_frontend.o
                0x0000000000026b74                nrf_log_backend_add
 .text.nrf_log_panic
                0x0000000000026bb8       0x2c Output/ble_app_blinky_pca10040_s132 Release/Obj/nrf_log_frontend.o
                0x0000000000026bb8                nrf_log_panic
 .text.postfix_process
                0x0000000000026be4       0x3c Output/ble_app_blinky_pca10040_s132 Release/Obj/nrf_log_str_formatter.o
 .text.prefix_process
                0x0000000000026c20       0x78 Output/ble_app_blinky_pca10040_s132 Release/Obj/nrf_log_str_formatter.o
 .text.nrf_log_std_entry_process
                0x0000000000026c98       0xc8 Output/ble_app_blinky_pca10040_s132 Release/Obj/nrf_log_str_formatter.o
                0x0000000000026c98                nrf_log_std_entry_process
 .text.nrf_log_hexdump_entry_process
                0x0000000000026d60       0xb4 Output/ble_app_blinky_pca10040_s132 Release/Obj/nrf_log_str_formatter.o
                0x0000000000026d60                nrf_log_hexdump_entry_process
 .text.detection_delay_timeout_handler
                0x0000000000026e14      0x104 Output/ble_app_blinky_pca10040_s132 Release/Obj/app_button.o
 .text.gpiote_event_handler
                0x0000000000026f18       0xa8 Output/ble_app_blinky_pca10040_s132 Release/Obj/app_button.o
 .text.app_button_init
                0x0000000000026fc0       0xa8 Output/ble_app_blinky_pca10040_s132 Release/Obj/app_button.o
                0x0000000000026fc0                app_button_init
 .text.app_button_enable
                0x0000000000027068       0x2c Output/ble_app_blinky_pca10040_s132 Release/Obj/app_button.o
                0x0000000000027068                app_button_enable
 .text.app_button_disable
                0x0000000000027094       0x34 Output/ble_app_blinky_pca10040_s132 Release/Obj/app_button.o
                0x0000000000027094                app_button_disable
 .text.app_error_handler_bare
                0x00000000000270c8       0x1a Output/ble_app_blinky_pca10040_s132 Release/Obj/app_error.o
                0x00000000000270c8                app_error_handler_bare
 *fill*         0x00000000000270e2        0x2 
 .text.app_error_fault_handler
                0x00000000000270e4       0x70 Output/ble_app_blinky_pca10040_s132 Release/Obj/app_error_weak.o
                0x00000000000270e4                app_error_fault_handler
 .text.user_op_alloc
                0x0000000000027154       0x2c Output/ble_app_blinky_pca10040_s132 Release/Obj/app_timer.o
 .text.timer_stop_op_schedule
                0x0000000000027180       0x50 Output/ble_app_blinky_pca10040_s132 Release/Obj/app_timer.o
 .text.nrfx_coredep_delay_us.constprop.3
                0x00000000000271d0       0x10 Output/ble_app_blinky_pca10040_s132 Release/Obj/app_timer.o
 .text.rtc1_stop
                0x00000000000271e0       0x44 Output/ble_app_blinky_pca10040_s132 Release/Obj/app_timer.o
 .text.RTC1_IRQHandler
                0x0000000000027224       0x9c Output/ble_app_blinky_pca10040_s132 Release/Obj/app_timer.o
                0x0000000000027224                RTC1_IRQHandler
 .text.SWI0_EGU0_IRQHandler
                0x00000000000272c0      0x2ac Output/ble_app_blinky_pca10040_s132 Release/Obj/app_timer.o
                0x00000000000272c0                SWI0_EGU0_IRQHandler
 .text.app_timer_init
                0x000000000002756c       0x60 Output/ble_app_blinky_pca10040_s132 Release/Obj/app_timer.o
                0x000000000002756c                app_timer_init
 .text.app_timer_create
                0x00000000000275cc       0x24 Output/ble_app_blinky_pca10040_s132 Release/Obj/app_timer.o
                0x00000000000275cc                app_timer_create
 .text.app_timer_start
                0x00000000000275f0       0x88 Output/ble_app_blinky_pca10040_s132 Release/Obj/app_timer.o
                0x00000000000275f0                app_timer_start
 .text.app_timer_stop
                0x0000000000027678       0x20 Output/ble_app_blinky_pca10040_s132 Release/Obj/app_timer.o
                0x0000000000027678                app_timer_stop
 .text.app_util_critical_region_enter
                0x0000000000027698       0x48 Output/ble_app_blinky_pca10040_s132 Release/Obj/app_util_platform.o
                0x0000000000027698                app_util_critical_region_enter
 .text.app_util_critical_region_exit
                0x00000000000276e0       0x2c Output/ble_app_blinky_pca10040_s132 Release/Obj/app_util_platform.o
                0x00000000000276e0                app_util_critical_region_exit
 .text.nrf_atflags_set
                0x000000000002770c       0x12 Output/ble_app_blinky_pca10040_s132 Release/Obj/nrf_atflags.o
                0x000000000002770c                nrf_atflags_set
 .text.nrf_atflags_clear
                0x000000000002771e       0x14 Output/ble_app_blinky_pca10040_s132 Release/Obj/nrf_atflags.o
                0x000000000002771e                nrf_atflags_clear
 .text.nrf_atflags_get
                0x0000000000027732       0x12 Output/ble_app_blinky_pca10040_s132 Release/Obj/nrf_atflags.o
                0x0000000000027732                nrf_atflags_get
 .text.nrf_atomic_u32_fetch_store
                0x0000000000027744       0x14 Output/ble_app_blinky_pca10040_s132 Release/Obj/nrf_atomic.o
                0x0000000000027744                nrf_atomic_u32_fetch_store
 .text.nrf_atomic_u32_or
                0x0000000000027758       0x16 Output/ble_app_blinky_pca10040_s132 Release/Obj/nrf_atomic.o
                0x0000000000027758                nrf_atomic_u32_or
 .text.nrf_atomic_u32_fetch_and
                0x000000000002776e       0x16 Output/ble_app_blinky_pca10040_s132 Release/Obj/nrf_atomic.o
                0x000000000002776e                nrf_atomic_u32_fetch_and
 .text.nrf_atomic_u32_and
                0x0000000000027784       0x16 Output/ble_app_blinky_pca10040_s132 Release/Obj/nrf_atomic.o
                0x0000000000027784                nrf_atomic_u32_and
 .text.nrf_atomic_u32_add
                0x000000000002779a       0x16 Output/ble_app_blinky_pca10040_s132 Release/Obj/nrf_atomic.o
                0x000000000002779a                nrf_atomic_u32_add
 .text.nrf_atomic_u32_sub
                0x00000000000277b0       0x16 Output/ble_app_blinky_pca10040_s132 Release/Obj/nrf_atomic.o
                0x00000000000277b0                nrf_atomic_u32_sub
 .text.nrf_atomic_flag_set
                0x00000000000277c6        0x6 Output/ble_app_blinky_pca10040_s132 Release/Obj/nrf_atomic.o
                0x00000000000277c6                nrf_atomic_flag_set
 .text.nrf_atomic_flag_clear_fetch
                0x00000000000277cc        0x6 Output/ble_app_blinky_pca10040_s132 Release/Obj/nrf_atomic.o
                0x00000000000277cc                nrf_atomic_flag_clear_fetch
 .text.nrf_balloc_init
                0x00000000000277d2       0x2e Output/ble_app_blinky_pca10040_s132 Release/Obj/nrf_balloc.o
                0x00000000000277d2                nrf_balloc_init
 .text.nrf_balloc_alloc
                0x0000000000027800       0x46 Output/ble_app_blinky_pca10040_s132 Release/Obj/nrf_balloc.o
                0x0000000000027800                nrf_balloc_alloc
 .text.nrf_balloc_free
                0x0000000000027846       0x32 Output/ble_app_blinky_pca10040_s132 Release/Obj/nrf_balloc.o
                0x0000000000027846                nrf_balloc_free
 .text.nrf_fprintf_buffer_flush
                0x0000000000027878       0x16 Output/ble_app_blinky_pca10040_s132 Release/Obj/nrf_fprintf.o
                0x0000000000027878                nrf_fprintf_buffer_flush
 .text.nrf_fprintf
                0x000000000002788e       0x1e Output/ble_app_blinky_pca10040_s132 Release/Obj/nrf_fprintf.o
                0x000000000002788e                nrf_fprintf
 .text.buffer_add
                0x00000000000278ac       0x2e Output/ble_app_blinky_pca10040_s132 Release/Obj/nrf_fprintf_format.o
 *fill*         0x00000000000278da        0x2 
 .text.unsigned_print
                0x00000000000278dc       0xac Output/ble_app_blinky_pca10040_s132 Release/Obj/nrf_fprintf_format.o
 .text.nrf_fprintf_fmt
                0x0000000000027988      0x28a Output/ble_app_blinky_pca10040_s132 Release/Obj/nrf_fprintf_format.o
                0x0000000000027988                nrf_fprintf_fmt
 .text.memobj_op
                0x0000000000027c12       0x82 Output/ble_app_blinky_pca10040_s132 Release/Obj/nrf_memobj.o
 .text.nrf_memobj_pool_init
                0x0000000000027c94        0x4 Output/ble_app_blinky_pca10040_s132 Release/Obj/nrf_memobj.o
                0x0000000000027c94                nrf_memobj_pool_init
 .text.nrf_memobj_free
                0x0000000000027c98       0x2c Output/ble_app_blinky_pca10040_s132 Release/Obj/nrf_memobj.o
                0x0000000000027c98                nrf_memobj_free
 .text.nrf_memobj_alloc
                0x0000000000027cc4       0x5e Output/ble_app_blinky_pca10040_s132 Release/Obj/nrf_memobj.o
                0x0000000000027cc4                nrf_memobj_alloc
 .text.nrf_memobj_get
                0x0000000000027d22        0x8 Output/ble_app_blinky_pca10040_s132 Release/Obj/nrf_memobj.o
                0x0000000000027d22                nrf_memobj_get
 .text.nrf_memobj_put
                0x0000000000027d2a       0x1e Output/ble_app_blinky_pca10040_s132 Release/Obj/nrf_memobj.o
                0x0000000000027d2a                nrf_memobj_put
 .text.nrf_memobj_write
                0x0000000000027d48       0x16 Output/ble_app_blinky_pca10040_s132 Release/Obj/nrf_memobj.o
                0x0000000000027d48                nrf_memobj_write
 .text.nrf_memobj_read
                0x0000000000027d5e       0x16 Output/ble_app_blinky_pca10040_s132 Release/Obj/nrf_memobj.o
                0x0000000000027d5e                nrf_memobj_read
 .text.sd_app_evt_wait
                0x0000000000027d74        0x4 Output/ble_app_blinky_pca10040_s132 Release/Obj/nrf_pwr_mgmt.o
 .text.nrf_pwr_mgmt_init
                0x0000000000027d78       0x2c Output/ble_app_blinky_pca10040_s132 Release/Obj/nrf_pwr_mgmt.o
                0x0000000000027d78                nrf_pwr_mgmt_init
 .text.nrf_pwr_mgmt_run
                0x0000000000027da4       0x4c Output/ble_app_blinky_pca10040_s132 Release/Obj/nrf_pwr_mgmt.o
                0x0000000000027da4                nrf_pwr_mgmt_run
 .text.nrf_ringbuf_init
                0x0000000000027df0       0x12 Output/ble_app_blinky_pca10040_s132 Release/Obj/nrf_ringbuf.o
                0x0000000000027df0                nrf_ringbuf_init
 .text.nrf_section_iter_init
                0x0000000000027e02       0x14 Output/ble_app_blinky_pca10040_s132 Release/Obj/nrf_section_iter.o
                0x0000000000027e02                nrf_section_iter_init
 .text.nrf_section_iter_next
                0x0000000000027e16       0x18 Output/ble_app_blinky_pca10040_s132 Release/Obj/nrf_section_iter.o
                0x0000000000027e16                nrf_section_iter_next
 *fill*         0x0000000000027e2e        0x2 
 .text.nrf_strerror_find
                0x0000000000027e30       0x3c Output/ble_app_blinky_pca10040_s132 Release/Obj/nrf_strerror.o
                0x0000000000027e30                nrf_strerror_find
 .text.nrf_strerror_get
                0x0000000000027e6c       0x14 Output/ble_app_blinky_pca10040_s132 Release/Obj/nrf_strerror.o
                0x0000000000027e6c                nrf_strerror_get
 .text.errata_12
                0x0000000000027e80       0x40 Output/ble_app_blinky_pca10040_s132 Release/Obj/system_nrf52.o
 .text.errata_16
                0x0000000000027ec0       0x34 Output/ble_app_blinky_pca10040_s132 Release/Obj/system_nrf52.o
 .text.SystemInit
                0x0000000000027ef4      0x25c Output/ble_app_blinky_pca10040_s132 Release/Obj/system_nrf52.o
                0x0000000000027ef4                SystemInit
 .text.bsp_board_led_on
                0x0000000000028150       0x18 Output/ble_app_blinky_pca10040_s132 Release/Obj/boards.o
                0x0000000000028150                bsp_board_led_on
 .text.bsp_board_led_off
                0x0000000000028168       0x18 Output/ble_app_blinky_pca10040_s132 Release/Obj/boards.o
                0x0000000000028168                bsp_board_led_off
 .text.bsp_board_leds_off
                0x0000000000028180       0x1e Output/ble_app_blinky_pca10040_s132 Release/Obj/boards.o
                0x0000000000028180                bsp_board_leds_off
 .text.bsp_board_init
                0x000000000002819e       0x3e Output/ble_app_blinky_pca10040_s132 Release/Obj/boards.o
                0x000000000002819e                bsp_board_init
 .text.clock_clk_started_notify
                0x00000000000281dc       0x28 Output/ble_app_blinky_pca10040_s132 Release/Obj/nrf_drv_clock.o
 .text.clock_irq_handler
                0x0000000000028204       0x1c Output/ble_app_blinky_pca10040_s132 Release/Obj/nrf_drv_clock.o
 .text.soc_evt_handler
                0x0000000000028220       0x14 Output/ble_app_blinky_pca10040_s132 Release/Obj/nrf_drv_clock.o
 .text.nrf_drv_clock_init
                0x0000000000028234       0x38 Output/ble_app_blinky_pca10040_s132 Release/Obj/nrf_drv_clock.o
                0x0000000000028234                nrf_drv_clock_init
 .text.nrf_drv_clock_lfclk_release
                0x000000000002826c       0x30 Output/ble_app_blinky_pca10040_s132 Release/Obj/nrf_drv_clock.o
                0x000000000002826c                nrf_drv_clock_lfclk_release
 .text.sd_state_evt_handler
                0x000000000002829c       0x58 Output/ble_app_blinky_pca10040_s132 Release/Obj/nrf_drv_clock.o
 .text.uarte_evt_handler
                0x00000000000282f4       0x34 Output/ble_app_blinky_pca10040_s132 Release/Obj/nrf_drv_uart.o
 .text.uart_evt_handler
                0x0000000000028328       0x34 Output/ble_app_blinky_pca10040_s132 Release/Obj/nrf_drv_uart.o
 .text.nrf_drv_uart_init
                0x000000000002835c       0x7c Output/ble_app_blinky_pca10040_s132 Release/Obj/nrf_drv_uart.o
                0x000000000002835c                nrf_drv_uart_init
 .text.nrfx_clock_init
                0x00000000000283d8       0x1c Output/ble_app_blinky_pca10040_s132 Release/Obj/nrfx_clock.o
                0x00000000000283d8                nrfx_clock_init
 .text.nrfx_clock_enable
                0x00000000000283f4       0x24 Output/ble_app_blinky_pca10040_s132 Release/Obj/nrfx_clock.o
                0x00000000000283f4                nrfx_clock_enable
 .text.nrfx_clock_lfclk_stop
                0x0000000000028418       0x18 Output/ble_app_blinky_pca10040_s132 Release/Obj/nrfx_clock.o
                0x0000000000028418                nrfx_clock_lfclk_stop
 .text.POWER_CLOCK_IRQHandler
                0x0000000000028430       0x64 Output/ble_app_blinky_pca10040_s132 Release/Obj/nrfx_clock.o
                0x0000000000028430                POWER_CLOCK_IRQHandler
 .text.nrf_gpiote_event_clear
                0x0000000000028494       0x18 Output/ble_app_blinky_pca10040_s132 Release/Obj/nrfx_gpiote.o
 .text.nrf_gpio_cfg_sense_set
                0x00000000000284ac       0x20 Output/ble_app_blinky_pca10040_s132 Release/Obj/nrfx_gpiote.o
 .text.channel_free
                0x00000000000284cc       0x1c Output/ble_app_blinky_pca10040_s132 Release/Obj/nrfx_gpiote.o
 .text.nrfx_gpiote_init
                0x00000000000284e8       0x6c Output/ble_app_blinky_pca10040_s132 Release/Obj/nrfx_gpiote.o
                0x00000000000284e8                nrfx_gpiote_init
 .text.nrfx_gpiote_is_init
                0x0000000000028554       0x14 Output/ble_app_blinky_pca10040_s132 Release/Obj/nrfx_gpiote.o
                0x0000000000028554                nrfx_gpiote_is_init
 .text.nrfx_gpiote_in_init
                0x0000000000028568       0xf0 Output/ble_app_blinky_pca10040_s132 Release/Obj/nrfx_gpiote.o
                0x0000000000028568                nrfx_gpiote_in_init
 .text.nrfx_gpiote_in_event_enable
                0x0000000000028658       0x8c Output/ble_app_blinky_pca10040_s132 Release/Obj/nrfx_gpiote.o
                0x0000000000028658                nrfx_gpiote_in_event_enable
 .text.nrfx_gpiote_in_event_disable
                0x00000000000286e4       0x44 Output/ble_app_blinky_pca10040_s132 Release/Obj/nrfx_gpiote.o
                0x00000000000286e4                nrfx_gpiote_in_event_disable
 .text.nrfx_gpiote_in_is_set
                0x0000000000028728       0x12 Output/ble_app_blinky_pca10040_s132 Release/Obj/nrfx_gpiote.o
                0x0000000000028728                nrfx_gpiote_in_is_set
 *fill*         0x000000000002873a        0x2 
 .text.GPIOTE_IRQHandler
                0x000000000002873c      0x17c Output/ble_app_blinky_pca10040_s132 Release/Obj/nrfx_gpiote.o
                0x000000000002873c                GPIOTE_IRQHandler
 .text.UARTE0_UART0_IRQHandler
                0x00000000000288b8        0xc Output/ble_app_blinky_pca10040_s132 Release/Obj/nrfx_prs.o
                0x00000000000288b8                UARTE0_UART0_IRQHandler
 .text.nrfx_prs_acquire
                0x00000000000288c4       0x40 Output/ble_app_blinky_pca10040_s132 Release/Obj/nrfx_prs.o
                0x00000000000288c4                nrfx_prs_acquire
 .text.nrfx_prs_release
                0x0000000000028904       0x18 Output/ble_app_blinky_pca10040_s132 Release/Obj/nrfx_prs.o
                0x0000000000028904                nrfx_prs_release
 .text.nrf_uart_event_clear
                0x000000000002891c       0x10 Output/ble_app_blinky_pca10040_s132 Release/Obj/nrfx_uart.o
 .text.tx_byte  0x000000000002892c       0x1e Output/ble_app_blinky_pca10040_s132 Release/Obj/nrfx_uart.o
 .text.rx_byte  0x000000000002894a       0x2c Output/ble_app_blinky_pca10040_s132 Release/Obj/nrfx_uart.o
 *fill*         0x0000000000028976        0x2 
 .text.rx_done_event.constprop.8
                0x0000000000028978       0x20 Output/ble_app_blinky_pca10040_s132 Release/Obj/nrfx_uart.o
 .text.nrfx_uart_0_irq_handler
                0x0000000000028998      0x13c Output/ble_app_blinky_pca10040_s132 Release/Obj/nrfx_uart.o
                0x0000000000028998                nrfx_uart_0_irq_handler
 .text.nrfx_uart_init
                0x0000000000028ad4      0x174 Output/ble_app_blinky_pca10040_s132 Release/Obj/nrfx_uart.o
                0x0000000000028ad4                nrfx_uart_init
 .text.nrfx_uart_uninit
                0x0000000000028c48       0xc8 Output/ble_app_blinky_pca10040_s132 Release/Obj/nrfx_uart.o
                0x0000000000028c48                nrfx_uart_uninit
 .text.nrfx_uart_tx
                0x0000000000028d10       0x94 Output/ble_app_blinky_pca10040_s132 Release/Obj/nrfx_uart.o
                0x0000000000028d10                nrfx_uart_tx
 .text.nrf_uarte_event_clear
                0x0000000000028da4       0x10 Output/ble_app_blinky_pca10040_s132 Release/Obj/nrfx_uarte.o
 .text.rx_done_event.constprop.7
                0x0000000000028db4       0x20 Output/ble_app_blinky_pca10040_s132 Release/Obj/nrfx_uarte.o
 .text.nrfx_uarte_0_irq_handler
                0x0000000000028dd4       0xe8 Output/ble_app_blinky_pca10040_s132 Release/Obj/nrfx_uarte.o
                0x0000000000028dd4                nrfx_uarte_0_irq_handler
 .text.nrfx_uarte_init
                0x0000000000028ebc      0x184 Output/ble_app_blinky_pca10040_s132 Release/Obj/nrfx_uarte.o
                0x0000000000028ebc                nrfx_uarte_init
 .text.nrfx_uarte_uninit
                0x0000000000029040       0xc8 Output/ble_app_blinky_pca10040_s132 Release/Obj/nrfx_uarte.o
                0x0000000000029040                nrfx_uarte_uninit
 .text.nrfx_uarte_tx
                0x0000000000029108       0x88 Output/ble_app_blinky_pca10040_s132 Release/Obj/nrfx_uarte.o
                0x0000000000029108                nrfx_uarte_tx
 .text.sd_ble_gap_adv_set_configure
                0x0000000000029190        0x4 Output/ble_app_blinky_pca10040_s132 Release/Obj/main.o
 .text.sd_ble_gap_adv_start
                0x0000000000029194        0x4 Output/ble_app_blinky_pca10040_s132 Release/Obj/main.o
 .text.sd_ble_gap_disconnect
                0x0000000000029198        0x4 Output/ble_app_blinky_pca10040_s132 Release/Obj/main.o
 .text.sd_ble_gap_ppcp_set
                0x000000000002919c        0x4 Output/ble_app_blinky_pca10040_s132 Release/Obj/main.o
 .text.sd_ble_gap_device_name_set
                0x00000000000291a0        0x4 Output/ble_app_blinky_pca10040_s132 Release/Obj/main.o
 .text.sd_ble_gap_sec_params_reply
                0x00000000000291a4        0x4 Output/ble_app_blinky_pca10040_s132 Release/Obj/main.o
 .text.sd_ble_gap_phy_update
                0x00000000000291a8        0x4 Output/ble_app_blinky_pca10040_s132 Release/Obj/main.o
 .text.sd_ble_gatts_sys_attr_set
                0x00000000000291ac        0x4 Output/ble_app_blinky_pca10040_s132 Release/Obj/main.o
 .text.nrf_qwr_error_handler
                0x00000000000291b0        0x4 Output/ble_app_blinky_pca10040_s132 Release/Obj/main.o
 .text.advertising_start
                0x00000000000291b4       0x20 Output/ble_app_blinky_pca10040_s132 Release/Obj/main.o
 .text.ble_evt_handler
                0x00000000000291d4       0xe8 Output/ble_app_blinky_pca10040_s132 Release/Obj/main.o
 .text.button_event_handler
                0x00000000000292bc       0x44 Output/ble_app_blinky_pca10040_s132 Release/Obj/main.o
 .text.on_conn_params_evt
                0x0000000000029300       0x20 Output/ble_app_blinky_pca10040_s132 Release/Obj/main.o
 .text.led_write_handler
                0x0000000000029320       0x3c Output/ble_app_blinky_pca10040_s132 Release/Obj/main.o
 .text.conn_params_error_handler
                0x000000000002935c        0x4 Output/ble_app_blinky_pca10040_s132 Release/Obj/main.o
 .text.startup.main
                0x0000000000029360      0x258 Output/ble_app_blinky_pca10040_s132 Release/Obj/main.o
                0x0000000000029360                main
 .text._GetAvailWriteSpace
                0x00000000000295b8       0x1c Output/ble_app_blinky_pca10040_s132 Release/Obj/SEGGER_RTT.o
 .text._WriteNoCheck
                0x00000000000295d4       0x3a Output/ble_app_blinky_pca10040_s132 Release/Obj/SEGGER_RTT.o
 .text._WriteBlocking
                0x000000000002960e       0x52 Output/ble_app_blinky_pca10040_s132 Release/Obj/SEGGER_RTT.o
 .text._DoInit  0x0000000000029660       0x60 Output/ble_app_blinky_pca10040_s132 Release/Obj/SEGGER_RTT.o
 .text.SEGGER_RTT_WriteNoLock
                0x00000000000296c0       0x68 Output/ble_app_blinky_pca10040_s132 Release/Obj/SEGGER_RTT.o
                0x00000000000296c0                SEGGER_RTT_WriteNoLock
 .text.SEGGER_RTT_Init
                0x0000000000029728        0x4 Output/ble_app_blinky_pca10040_s132 Release/Obj/SEGGER_RTT.o
                0x0000000000029728                SEGGER_RTT_Init
 .text.sd_ble_gap_addr_get
                0x000000000002972c        0x4 Output/ble_app_blinky_pca10040_s132 Release/Obj/ble_advdata.o
 .text.sd_ble_gap_appearance_get
                0x0000000000029730        0x4 Output/ble_app_blinky_pca10040_s132 Release/Obj/ble_advdata.o
 .text.sd_ble_gap_device_name_get
                0x0000000000029734        0x4 Output/ble_app_blinky_pca10040_s132 Release/Obj/ble_advdata.o
 .text.sd_ble_uuid_encode
                0x0000000000029738        0x4 Output/ble_app_blinky_pca10040_s132 Release/Obj/ble_advdata.o
 .text.uuid_list_sized_encode
                0x000000000002973c       0xa4 Output/ble_app_blinky_pca10040_s132 Release/Obj/ble_advdata.o
 .text.uuid_list_encode
                0x00000000000297e0       0x34 Output/ble_app_blinky_pca10040_s132 Release/Obj/ble_advdata.o
 .text.ble_advdata_encode
                0x0000000000029814      0x392 Output/ble_app_blinky_pca10040_s132 Release/Obj/ble_advdata.o
                0x0000000000029814                ble_advdata_encode
 .text.sd_ble_gap_conn_param_update
                0x0000000000029ba6        0x4 Output/ble_app_blinky_pca10040_s132 Release/Obj/ble_conn_params.o
 .text.sd_ble_gap_disconnect
                0x0000000000029baa        0x4 Output/ble_app_blinky_pca10040_s132 Release/Obj/ble_conn_params.o
 .text.sd_ble_gap_ppcp_set
                0x0000000000029bae        0x4 Output/ble_app_blinky_pca10040_s132 Release/Obj/ble_conn_params.o
 .text.sd_ble_gap_ppcp_get
                0x0000000000029bb2        0x4 Output/ble_app_blinky_pca10040_s132 Release/Obj/ble_conn_params.o
 *fill*         0x0000000000029bb6        0x2 
 .text.instance_get
                0x0000000000029bb8       0x14 Output/ble_app_blinky_pca10040_s132 Release/Obj/ble_conn_params.o
 .text.send_error_evt
                0x0000000000029bcc       0x10 Output/ble_app_blinky_pca10040_s132 Release/Obj/ble_conn_params.o
 .text.update_timeout_handler
                0x0000000000029bdc       0x6c Output/ble_app_blinky_pca10040_s132 Release/Obj/ble_conn_params.o
 .text.conn_params_negotiation
                0x0000000000029c48       0x48 Output/ble_app_blinky_pca10040_s132 Release/Obj/ble_conn_params.o
 .text.is_conn_params_ok.constprop.3
                0x0000000000029c90       0x3c Output/ble_app_blinky_pca10040_s132 Release/Obj/ble_conn_params.o
 .text.ble_evt_handler
                0x0000000000029ccc       0xe0 Output/ble_app_blinky_pca10040_s132 Release/Obj/ble_conn_params.o
 .text.ble_conn_params_init
                0x0000000000029dac       0x74 Output/ble_app_blinky_pca10040_s132 Release/Obj/ble_conn_params.o
                0x0000000000029dac                ble_conn_params_init
 .text.conn_handle_list_get
                0x0000000000029e20       0x2e Output/ble_app_blinky_pca10040_s132 Release/Obj/ble_conn_state.o
                0x0000000000029e20                conn_handle_list_get
 *fill*         0x0000000000029e4e        0x2 
 .text.ble_evt_handler
                0x0000000000029e50       0xd8 Output/ble_app_blinky_pca10040_s132 Release/Obj/ble_conn_state.o
 .text.sd_ble_gatts_characteristic_add
                0x0000000000029f28        0x4 Output/ble_app_blinky_pca10040_s132 Release/Obj/ble_srv_common.o
 .text.set_security_req
                0x0000000000029f2c       0x2a Output/ble_app_blinky_pca10040_s132 Release/Obj/ble_srv_common.o
 .text.ble_srv_is_notification_enabled
                0x0000000000029f56        0x8 Output/ble_app_blinky_pca10040_s132 Release/Obj/ble_srv_common.o
                0x0000000000029f56                ble_srv_is_notification_enabled
 .text.characteristic_add
                0x0000000000029f5e      0x146 Output/ble_app_blinky_pca10040_s132 Release/Obj/ble_srv_common.o
                0x0000000000029f5e                characteristic_add
 .text.sd_ble_gap_data_length_update
                0x000000000002a0a4        0x4 Output/ble_app_blinky_pca10040_s132 Release/Obj/nrf_ble_gatt.o
 .text.sd_ble_gattc_exchange_mtu_request
                0x000000000002a0a8        0x4 Output/ble_app_blinky_pca10040_s132 Release/Obj/nrf_ble_gatt.o
 .text.sd_ble_gatts_exchange_mtu_reply
                0x000000000002a0ac        0x4 Output/ble_app_blinky_pca10040_s132 Release/Obj/nrf_ble_gatt.o
 .text.data_length_update
                0x000000000002a0b0       0x7c Output/ble_app_blinky_pca10040_s132 Release/Obj/nrf_ble_gatt.o
 .text.nrf_ble_gatt_init
                0x000000000002a12c       0x28 Output/ble_app_blinky_pca10040_s132 Release/Obj/nrf_ble_gatt.o
                0x000000000002a12c                nrf_ble_gatt_init
 .text.nrf_ble_gatt_on_ble_evt
                0x000000000002a154      0x1ac Output/ble_app_blinky_pca10040_s132 Release/Obj/nrf_ble_gatt.o
                0x000000000002a154                nrf_ble_gatt_on_ble_evt
 .text.sd_ble_gatts_rw_authorize_reply
                0x000000000002a300        0x4 Output/ble_app_blinky_pca10040_s132 Release/Obj/nrf_ble_qwr.o
 .text.sd_ble_user_mem_reply
                0x000000000002a304        0x4 Output/ble_app_blinky_pca10040_s132 Release/Obj/nrf_ble_qwr.o
 .text.user_mem_reply.part.0
                0x000000000002a308       0x24 Output/ble_app_blinky_pca10040_s132 Release/Obj/nrf_ble_qwr.o
 .text.nrf_ble_qwr_init
                0x000000000002a32c       0x24 Output/ble_app_blinky_pca10040_s132 Release/Obj/nrf_ble_qwr.o
                0x000000000002a32c                nrf_ble_qwr_init
 .text.nrf_ble_qwr_conn_handle_assign
                0x000000000002a350       0x16 Output/ble_app_blinky_pca10040_s132 Release/Obj/nrf_ble_qwr.o
                0x000000000002a350                nrf_ble_qwr_conn_handle_assign
 .text.nrf_ble_qwr_on_ble_evt
                0x000000000002a366       0xa0 Output/ble_app_blinky_pca10040_s132 Release/Obj/nrf_ble_qwr.o
                0x000000000002a366                nrf_ble_qwr_on_ble_evt
 .text.sd_ble_gatts_service_add
                0x000000000002a406        0x4 Output/ble_app_blinky_pca10040_s132 Release/Obj/ble_lbs.o
 .text.sd_ble_gatts_hvx
                0x000000000002a40a        0x4 Output/ble_app_blinky_pca10040_s132 Release/Obj/ble_lbs.o
 .text.sd_ble_uuid_vs_add
                0x000000000002a40e        0x4 Output/ble_app_blinky_pca10040_s132 Release/Obj/ble_lbs.o
 .text.ble_lbs_on_ble_evt
                0x000000000002a412       0x2a Output/ble_app_blinky_pca10040_s132 Release/Obj/ble_lbs.o
                0x000000000002a412                ble_lbs_on_ble_evt
 .text.ble_lbs_init
                0x000000000002a43c       0xd0 Output/ble_app_blinky_pca10040_s132 Release/Obj/ble_lbs.o
                0x000000000002a43c                ble_lbs_init
 .text.ble_lbs_on_button_change
                0x000000000002a50c       0x40 Output/ble_app_blinky_pca10040_s132 Release/Obj/ble_lbs.o
                0x000000000002a50c                ble_lbs_on_button_change
 .text.sd_softdevice_enable
                0x000000000002a54c        0x4 Output/ble_app_blinky_pca10040_s132 Release/Obj/nrf_sdh.o
 .text.sdh_request_observer_notify
                0x000000000002a550       0x30 Output/ble_app_blinky_pca10040_s132 Release/Obj/nrf_sdh.o
 .text.sdh_state_observer_notify
                0x000000000002a580       0x28 Output/ble_app_blinky_pca10040_s132 Release/Obj/nrf_sdh.o
 .text.softdevices_evt_irq_enable
                0x000000000002a5a8       0x38 Output/ble_app_blinky_pca10040_s132 Release/Obj/nrf_sdh.o
 .text.nrf_sdh_enable_request
                0x000000000002a5e0       0x78 Output/ble_app_blinky_pca10040_s132 Release/Obj/nrf_sdh.o
                0x000000000002a5e0                nrf_sdh_enable_request
 .text.nrf_sdh_is_enabled
                0x000000000002a658        0xc Output/ble_app_blinky_pca10040_s132 Release/Obj/nrf_sdh.o
                0x000000000002a658                nrf_sdh_is_enabled
 .text.nrf_sdh_evts_poll
                0x000000000002a664       0x28 Output/ble_app_blinky_pca10040_s132 Release/Obj/nrf_sdh.o
                0x000000000002a664                nrf_sdh_evts_poll
 .text.SWI2_EGU2_IRQHandler
                0x000000000002a68c        0x4 Output/ble_app_blinky_pca10040_s132 Release/Obj/nrf_sdh.o
                0x000000000002a68c                SWI2_EGU2_IRQHandler
 .text.sd_ble_enable
                0x000000000002a690        0x4 Output/ble_app_blinky_pca10040_s132 Release/Obj/nrf_sdh_ble.o
 .text.sd_ble_cfg_set
                0x000000000002a694        0x4 Output/ble_app_blinky_pca10040_s132 Release/Obj/nrf_sdh_ble.o
 .text.sd_ble_evt_get
                0x000000000002a698        0x4 Output/ble_app_blinky_pca10040_s132 Release/Obj/nrf_sdh_ble.o
 .text.nrf_sdh_ble_evts_poll
                0x000000000002a69c       0x50 Output/ble_app_blinky_pca10040_s132 Release/Obj/nrf_sdh_ble.o
 .text.nrf_sdh_ble_default_cfg_set
                0x000000000002a6ec      0x164 Output/ble_app_blinky_pca10040_s132 Release/Obj/nrf_sdh_ble.o
                0x000000000002a6ec                nrf_sdh_ble_default_cfg_set
 .text.nrf_sdh_ble_enable
                0x000000000002a850       0x94 Output/ble_app_blinky_pca10040_s132 Release/Obj/nrf_sdh_ble.o
                0x000000000002a850                nrf_sdh_ble_enable
 .text.sd_evt_get
                0x000000000002a8e4        0x4 Output/ble_app_blinky_pca10040_s132 Release/Obj/nrf_sdh_soc.o
 .text.nrf_sdh_soc_evts_poll
                0x000000000002a8e8       0x3c Output/ble_app_blinky_pca10040_s132 Release/Obj/nrf_sdh_soc.o
 .text.libc.__RAL_ascii_isctype
                0x000000000002a924       0x1c C:/Program Files/SEGGER/SEGGER Embedded Studio for ARM 4.12/lib/libc_v7em_fpv4_sp_d16_hard_t_le_eabi.a(libc2.o)
 .text.libc.__RAL_ascii_toupper
                0x000000000002a940        0xc C:/Program Files/SEGGER/SEGGER Embedded Studio for ARM 4.12/lib/libc_v7em_fpv4_sp_d16_hard_t_le_eabi.a(libc2.o)
 .text.libc.__RAL_ascii_tolower
                0x000000000002a94c        0xc C:/Program Files/SEGGER/SEGGER Embedded Studio for ARM 4.12/lib/libc_v7em_fpv4_sp_d16_hard_t_le_eabi.a(libc2.o)
 .text.libc.__RAL_ascii_iswctype
                0x000000000002a958       0x1c C:/Program Files/SEGGER/SEGGER Embedded Studio for ARM 4.12/lib/libc_v7em_fpv4_sp_d16_hard_t_le_eabi.a(libc2.o)
 .text.libc.__RAL_ascii_towupper
                0x000000000002a974        0xc C:/Program Files/SEGGER/SEGGER Embedded Studio for ARM 4.12/lib/libc_v7em_fpv4_sp_d16_hard_t_le_eabi.a(libc2.o)
 .text.libc.__RAL_ascii_towlower
                0x000000000002a980        0xc C:/Program Files/SEGGER/SEGGER Embedded Studio for ARM 4.12/lib/libc_v7em_fpv4_sp_d16_hard_t_le_eabi.a(libc2.o)
 .text.libc.__RAL_ascii_wctomb
                0x000000000002a98c        0xe C:/Program Files/SEGGER/SEGGER Embedded Studio for ARM 4.12/lib/libc_v7em_fpv4_sp_d16_hard_t_le_eabi.a(libc2.o)
                0x000000000002a98c                __RAL_ascii_wctomb
 .text.libc.__RAL_ascii_mbtowc
                0x000000000002a99a       0x24 C:/Program Files/SEGGER/SEGGER Embedded Studio for ARM 4.12/lib/libc_v7em_fpv4_sp_d16_hard_t_le_eabi.a(libc2.o)
                0x000000000002a99a                __RAL_ascii_mbtowc
 *fill*         0x000000000002a9be        0x2 
 .text.libc.__RAL_isctype
                0x000000000002a9c0       0x14 C:/Program Files/SEGGER/SEGGER Embedded Studio for ARM 4.12/lib/libc_v7em_fpv4_sp_d16_hard_t_le_eabi.a(libc2.o)
                0x000000000002a9c0                __RAL_isctype
 .text.libc.isprint
                0x000000000002a9d4        0xa C:/Program Files/SEGGER/SEGGER Embedded Studio for ARM 4.12/lib/libc_v7em_fpv4_sp_d16_hard_t_le_eabi.a(libc2.o)
                0x000000000002a9d4                isprint
 *fill*         0x000000000002a9de        0x2 
 .text.libc.rand
                0x000000000002a9e0       0x20 C:/Program Files/SEGGER/SEGGER Embedded Studio for ARM 4.12/lib/libc_v7em_fpv4_sp_d16_hard_t_le_eabi.a(libc2.o)
                0x000000000002a9e0                rand
 .text.libc.memcpy
                0x000000000002aa00       0x52 C:/Program Files/SEGGER/SEGGER Embedded Studio for ARM 4.12/lib/libc_v7em_fpv4_sp_d16_hard_t_le_eabi.a(libc2_asm.o)
                0x000000000002aa00                __aeabi_memcpy
                0x000000000002aa00                memcpy
                0x000000000002aa0c                __aeabi_memcpy8
                0x000000000002aa0c                __aeabi_memcpy4
 .text.libc.memset
                0x000000000002aa52       0x66 C:/Program Files/SEGGER/SEGGER Embedded Studio for ARM 4.12/lib/libc_v7em_fpv4_sp_d16_hard_t_le_eabi.a(libc2_asm.o)
                0x000000000002aa52                memset
 .text.libc.strcpy
                0x000000000002aab8       0x44 C:/Program Files/SEGGER/SEGGER Embedded Studio for ARM 4.12/lib/libc_v7em_fpv4_sp_d16_hard_t_le_eabi.a(libc2_asm.o)
                0x000000000002aab8                strcpy
 .text.libc.strlen
                0x000000000002aafc       0x60 C:/Program Files/SEGGER/SEGGER Embedded Studio for ARM 4.12/lib/libc_v7em_fpv4_sp_d16_hard_t_le_eabi.a(libc2_asm.o)
                0x000000000002aafc                strlen
                0x000000000002ab5c                __text_end__ = (__text_start__ + SIZEOF (.text))
                0x0000000000004784                __text_size__ = SIZEOF (.text)
                0x000000000002ab5c                __text_load_end__ = __text_end__

.vfp11_veneer   0x0000000100000000        0x0
 .vfp11_veneer  0x0000000100000000        0x0 linker stubs

.v4_bx          0x0000000100000000        0x0
 .v4_bx         0x0000000100000000        0x0 linker stubs

.iplt           0x0000000100000000        0x0
 .iplt          0x0000000100000000        0x0 Output/ble_app_blinky_pca10040_s132 Release/Obj/thumb_crt0.o
                0x0000000000000001                . = ASSERT (((__text_start__ == __text_end__) || ((__text_end__ >= __FLASH_segment_start__) && (__text_end__ <= __FLASH_segment_end__))), error: .text is too large to fit in FLASH memory segment)
                0x000000000002ab5c                __sdh_soc_observers_load_start__ = ALIGN (__text_end__, 0x4)

.sdh_soc_observers
                0x000000000002ab5c        0x8
                0x000000000002ab5c                __sdh_soc_observers_start__ = .
                0x000000000002ab5c                __start_sdh_soc_observers = __sdh_soc_observers_start__
 *(SORT_BY_NAME(.sdh_soc_observers*))
 .sdh_soc_observers0
                0x000000000002ab5c        0x8 Output/ble_app_blinky_pca10040_s132 Release/Obj/nrf_drv_clock.o
                0x000000000002ab64                __sdh_soc_observers_end__ = (__sdh_soc_observers_start__ + SIZEOF (.sdh_soc_observers))
                0x0000000000000008                __sdh_soc_observers_size__ = SIZEOF (.sdh_soc_observers)
                0x000000000002ab64                __stop_sdh_soc_observers = __sdh_soc_observers_end__
                0x000000000002ab64                __sdh_soc_observers_load_end__ = __sdh_soc_observers_end__
                0x0000000000000001                . = ASSERT (((__sdh_soc_observers_start__ == __sdh_soc_observers_end__) || ((__sdh_soc_observers_end__ >= __FLASH_segment_start__) && (__sdh_soc_observers_end__ <= __FLASH_segment_end__))), error: .sdh_soc_observers is too large to fit in FLASH memory segment)
                0x000000000002ab64                __pwr_mgmt_data_load_start__ = ALIGN (__sdh_soc_observers_end__, 0x4)

.pwr_mgmt_data  0x000000000002ab64        0x0
                0x000000000002ab64                __pwr_mgmt_data_start__ = .
                0x000000000002ab64                __start_pwr_mgmt_data = __pwr_mgmt_data_start__
 *(SORT_BY_NAME(.pwr_mgmt_data*))
                0x000000000002ab64                __pwr_mgmt_data_end__ = (__pwr_mgmt_data_start__ + SIZEOF (.pwr_mgmt_data))
                0x0000000000000000                __pwr_mgmt_data_size__ = SIZEOF (.pwr_mgmt_data)
                0x000000000002ab64                __stop_pwr_mgmt_data = __pwr_mgmt_data_end__
                0x000000000002ab64                __pwr_mgmt_data_load_end__ = __pwr_mgmt_data_end__
                0x0000000000000001                . = ASSERT (((__pwr_mgmt_data_start__ == __pwr_mgmt_data_end__) || ((__pwr_mgmt_data_end__ >= __FLASH_segment_start__) && (__pwr_mgmt_data_end__ <= __FLASH_segment_end__))), error: .pwr_mgmt_data is too large to fit in FLASH memory segment)
                0x000000000002ab64                __sdh_ble_observers_load_start__ = ALIGN (__pwr_mgmt_data_end__, 0x4)

.sdh_ble_observers
                0x000000000002ab64       0x30
                0x000000000002ab64                __sdh_ble_observers_start__ = .
                0x000000000002ab64                __start_sdh_ble_observers = __sdh_ble_observers_start__
 *(SORT_BY_NAME(.sdh_ble_observers*))
 .sdh_ble_observers0
                0x000000000002ab64        0x8 Output/ble_app_blinky_pca10040_s132 Release/Obj/ble_conn_state.o
 .sdh_ble_observers1
                0x000000000002ab6c        0x8 Output/ble_app_blinky_pca10040_s132 Release/Obj/main.o
 .sdh_ble_observers1
                0x000000000002ab74        0x8 Output/ble_app_blinky_pca10040_s132 Release/Obj/ble_conn_params.o
 .sdh_ble_observers2
                0x000000000002ab7c       0x10 Output/ble_app_blinky_pca10040_s132 Release/Obj/main.o
 .sdh_ble_observers3
                0x000000000002ab8c        0x8 Output/ble_app_blinky_pca10040_s132 Release/Obj/main.o
                0x000000000002ab94                __sdh_ble_observers_end__ = (__sdh_ble_observers_start__ + SIZEOF (.sdh_ble_observers))
                0x0000000000000030                __sdh_ble_observers_size__ = SIZEOF (.sdh_ble_observers)
                0x000000000002ab94                __stop_sdh_ble_observers = __sdh_ble_observers_end__
                0x000000000002ab94                __sdh_ble_observers_load_end__ = __sdh_ble_observers_end__
                0x0000000000000001                . = ASSERT (((__sdh_ble_observers_start__ == __sdh_ble_observers_end__) || ((__sdh_ble_observers_end__ >= __FLASH_segment_start__) && (__sdh_ble_observers_end__ <= __FLASH_segment_end__))), error: .sdh_ble_observers is too large to fit in FLASH memory segment)
                0x000000000002ab94                __sdh_req_observers_load_start__ = ALIGN (__sdh_ble_observers_end__, 0x4)

.sdh_req_observers
                0x000000000002ab94        0x0
                0x000000000002ab94                __sdh_req_observers_start__ = .
                0x000000000002ab94                __start_sdh_req_observers = __sdh_req_observers_start__
 *(SORT_BY_NAME(.sdh_req_observers*))
                0x000000000002ab94                __sdh_req_observers_end__ = (__sdh_req_observers_start__ + SIZEOF (.sdh_req_observers))
                0x0000000000000000                __sdh_req_observers_size__ = SIZEOF (.sdh_req_observers)
                0x000000000002ab94                __stop_sdh_req_observers = __sdh_req_observers_end__
                0x000000000002ab94                __sdh_req_observers_load_end__ = __sdh_req_observers_end__
                0x0000000000000001                . = ASSERT (((__sdh_req_observers_start__ == __sdh_req_observers_end__) || ((__sdh_req_observers_end__ >= __FLASH_segment_start__) && (__sdh_req_observers_end__ <= __FLASH_segment_end__))), error: .sdh_req_observers is too large to fit in FLASH memory segment)
                0x000000000002ab94                __sdh_state_observers_load_start__ = ALIGN (__sdh_req_observers_end__, 0x4)

.sdh_state_observers
                0x000000000002ab94        0x8
                0x000000000002ab94                __sdh_state_observers_start__ = .
                0x000000000002ab94                __start_sdh_state_observers = __sdh_state_observers_start__
 *(SORT_BY_NAME(.sdh_state_observers*))
 .sdh_state_observers0
                0x000000000002ab94        0x8 Output/ble_app_blinky_pca10040_s132 Release/Obj/nrf_drv_clock.o
                0x000000000002ab9c                __sdh_state_observers_end__ = (__sdh_state_observers_start__ + SIZEOF (.sdh_state_observers))
                0x0000000000000008                __sdh_state_observers_size__ = SIZEOF (.sdh_state_observers)
                0x000000000002ab9c                __stop_sdh_state_observers = __sdh_state_observers_end__
                0x000000000002ab9c                __sdh_state_observers_load_end__ = __sdh_state_observers_end__
                0x0000000000000001                . = ASSERT (((__sdh_state_observers_start__ == __sdh_state_observers_end__) || ((__sdh_state_observers_end__ >= __FLASH_segment_start__) && (__sdh_state_observers_end__ <= __FLASH_segment_end__))), error: .sdh_state_observers is too large to fit in FLASH memory segment)
                0x000000000002ab9c                __sdh_stack_observers_load_start__ = ALIGN (__sdh_state_observers_end__, 0x4)

.sdh_stack_observers
                0x000000000002ab9c       0x10
                0x000000000002ab9c                __sdh_stack_observers_start__ = .
                0x000000000002ab9c                __start_sdh_stack_observers = __sdh_stack_observers_start__
 *(SORT_BY_NAME(.sdh_stack_observers*))
 .sdh_stack_observers0
                0x000000000002ab9c        0x8 Output/ble_app_blinky_pca10040_s132 Release/Obj/nrf_sdh_ble.o
 .sdh_stack_observers0
                0x000000000002aba4        0x8 Output/ble_app_blinky_pca10040_s132 Release/Obj/nrf_sdh_soc.o
                0x000000000002abac                __sdh_stack_observers_end__ = (__sdh_stack_observers_start__ + SIZEOF (.sdh_stack_observers))
                0x0000000000000010                __sdh_stack_observers_size__ = SIZEOF (.sdh_stack_observers)
                0x000000000002abac                __stop_sdh_stack_observers = __sdh_stack_observers_end__
                0x000000000002abac                __sdh_stack_observers_load_end__ = __sdh_stack_observers_end__
                0x0000000000000001                . = ASSERT (((__sdh_stack_observers_start__ == __sdh_stack_observers_end__) || ((__sdh_stack_observers_end__ >= __FLASH_segment_start__) && (__sdh_stack_observers_end__ <= __FLASH_segment_end__))), error: .sdh_stack_observers is too large to fit in FLASH memory segment)
                0x000000000002abac                __nrf_queue_load_start__ = ALIGN (__sdh_stack_observers_end__, 0x4)

.nrf_queue      0x000000000002abac        0x0
                0x000000000002abac                __nrf_queue_start__ = .
                0x000000000002abac                __start_nrf_queue = __nrf_queue_start__
 *(.nrf_queue*)
                0x000000000002abac                __nrf_queue_end__ = (__nrf_queue_start__ + SIZEOF (.nrf_queue))
                0x0000000000000000                __nrf_queue_size__ = SIZEOF (.nrf_queue)
                0x000000000002abac                __stop_nrf_queue = __nrf_queue_end__
                0x000000000002abac                __nrf_queue_load_end__ = __nrf_queue_end__
                0x0000000000000001                . = ASSERT (((__nrf_queue_start__ == __nrf_queue_end__) || ((__nrf_queue_end__ >= __FLASH_segment_start__) && (__nrf_queue_end__ <= __FLASH_segment_end__))), error: .nrf_queue is too large to fit in FLASH memory segment)
                0x000000000002abac                __nrf_balloc_load_start__ = ALIGN (__nrf_queue_end__, 0x4)

.nrf_balloc     0x000000000002abac       0x14
                0x000000000002abac                __nrf_balloc_start__ = .
                0x000000000002abac                __start_nrf_balloc = __nrf_balloc_start__
 *(.nrf_balloc*)
 .nrf_balloc    0x000000000002abac       0x14 Output/ble_app_blinky_pca10040_s132 Release/Obj/nrf_log_frontend.o
                0x000000000002abac                log_mempool
                0x000000000002abc0                __nrf_balloc_end__ = (__nrf_balloc_start__ + SIZEOF (.nrf_balloc))
                0x0000000000000014                __nrf_balloc_size__ = SIZEOF (.nrf_balloc)
                0x000000000002abc0                __stop_nrf_balloc = __nrf_balloc_end__
                0x000000000002abc0                __nrf_balloc_load_end__ = __nrf_balloc_end__
                0x0000000000000001                . = ASSERT (((__nrf_balloc_start__ == __nrf_balloc_end__) || ((__nrf_balloc_end__ >= __FLASH_segment_start__) && (__nrf_balloc_end__ <= __FLASH_segment_end__))), error: .nrf_balloc is too large to fit in FLASH memory segment)
                0x000000000002abc0                __cli_command_load_start__ = ALIGN (__nrf_balloc_end__, 0x4)

.cli_command    0x000000000002abc0        0x0
                0x000000000002abc0                __cli_command_start__ = .
                0x000000000002abc0                __start_cli_command = __cli_command_start__
 *(.cli_command*)
                0x000000000002abc0                __cli_command_end__ = (__cli_command_start__ + SIZEOF (.cli_command))
                0x0000000000000000                __cli_command_size__ = SIZEOF (.cli_command)
                0x000000000002abc0                __stop_cli_command = __cli_command_end__
                0x000000000002abc0                __cli_command_load_end__ = __cli_command_end__
                0x0000000000000001                . = ASSERT (((__cli_command_start__ == __cli_command_end__) || ((__cli_command_end__ >= __FLASH_segment_start__) && (__cli_command_end__ <= __FLASH_segment_end__))), error: .cli_command is too large to fit in FLASH memory segment)
                0x000000000002abc0                __crypto_data_load_start__ = ALIGN (__cli_command_end__, 0x4)

.crypto_data    0x000000000002abc0        0x0
                0x000000000002abc0                __crypto_data_start__ = .
                0x000000000002abc0                __start_crypto_data = __crypto_data_start__
 *(SORT_BY_NAME(.crypto_data*))
                0x000000000002abc0                __crypto_data_end__ = (__crypto_data_start__ + SIZEOF (.crypto_data))
                0x0000000000000000                __crypto_data_size__ = SIZEOF (.crypto_data)
                0x000000000002abc0                __stop_crypto_data = __crypto_data_end__
                0x000000000002abc0                __crypto_data_load_end__ = __crypto_data_end__
                0x0000000000000001                . = ASSERT (((__crypto_data_start__ == __crypto_data_end__) || ((__crypto_data_end__ >= __FLASH_segment_start__) && (__crypto_data_end__ <= __FLASH_segment_end__))), error: .crypto_data is too large to fit in FLASH memory segment)
                0x000000000002abc0                __log_const_data_load_start__ = ALIGN (__crypto_data_end__, 0x4)

.log_const_data
                0x000000000002abc0       0x60
                0x000000000002abc0                __log_const_data_start__ = .
                0x000000000002abc0                __start_log_const_data = __log_const_data_start__
 *(SORT_BY_NAME(.log_const_data*))
 .log_const_data_CLOCK
                0x000000000002abc0        0x8 Output/ble_app_blinky_pca10040_s132 Release/Obj/nrfx_clock.o
                0x000000000002abc0                m_nrf_log_CLOCK_logs_data_const
 .log_const_data_GPIOTE
                0x000000000002abc8        0x8 Output/ble_app_blinky_pca10040_s132 Release/Obj/nrfx_gpiote.o
                0x000000000002abc8                m_nrf_log_GPIOTE_logs_data_const
 .log_const_data_PRS
                0x000000000002abd0        0x8 Output/ble_app_blinky_pca10040_s132 Release/Obj/nrfx_prs.o
                0x000000000002abd0                m_nrf_log_PRS_logs_data_const
 .log_const_data_UART
                0x000000000002abd8        0x8 Output/ble_app_blinky_pca10040_s132 Release/Obj/nrfx_uart.o
                0x000000000002abd8                m_nrf_log_UART_logs_data_const
 .log_const_data_UARTE
                0x000000000002abe0        0x8 Output/ble_app_blinky_pca10040_s132 Release/Obj/nrfx_uarte.o
                0x000000000002abe0                m_nrf_log_UARTE_logs_data_const
 .log_const_data_app
                0x000000000002abe8        0x8 Output/ble_app_blinky_pca10040_s132 Release/Obj/nrf_log_frontend.o
                0x000000000002abe8                m_nrf_log_app_logs_data_const
 .log_const_data_clock
                0x000000000002abf0        0x8 Output/ble_app_blinky_pca10040_s132 Release/Obj/nrf_drv_clock.o
                0x000000000002abf0                m_nrf_log_clock_logs_data_const
 .log_const_data_nrf_ble_gatt
                0x000000000002abf8        0x8 Output/ble_app_blinky_pca10040_s132 Release/Obj/nrf_ble_gatt.o
                0x000000000002abf8                m_nrf_log_nrf_ble_gatt_logs_data_const
 .log_const_data_nrf_sdh
                0x000000000002ac00        0x8 Output/ble_app_blinky_pca10040_s132 Release/Obj/nrf_sdh.o
                0x000000000002ac00                m_nrf_log_nrf_sdh_logs_data_const
 .log_const_data_nrf_sdh_ble
                0x000000000002ac08        0x8 Output/ble_app_blinky_pca10040_s132 Release/Obj/nrf_sdh_ble.o
                0x000000000002ac08                m_nrf_log_nrf_sdh_ble_logs_data_const
 .log_const_data_nrf_sdh_soc
                0x000000000002ac10        0x8 Output/ble_app_blinky_pca10040_s132 Release/Obj/nrf_sdh_soc.o
                0x000000000002ac10                m_nrf_log_nrf_sdh_soc_logs_data_const
 .log_const_data_pwr_mgmt
                0x000000000002ac18        0x8 Output/ble_app_blinky_pca10040_s132 Release/Obj/nrf_pwr_mgmt.o
                0x000000000002ac18                m_nrf_log_pwr_mgmt_logs_data_const
                0x000000000002ac20                __log_const_data_end__ = (__log_const_data_start__ + SIZEOF (.log_const_data))
                0x0000000000000060                __log_const_data_size__ = SIZEOF (.log_const_data)
                0x000000000002ac20                __stop_log_const_data = __log_const_data_end__
                0x000000000002ac20                __log_const_data_load_end__ = __log_const_data_end__
                0x0000000000000001                . = ASSERT (((__log_const_data_start__ == __log_const_data_end__) || ((__log_const_data_end__ >= __FLASH_segment_start__) && (__log_const_data_end__ <= __FLASH_segment_end__))), error: .log_const_data is too large to fit in FLASH memory segment)
                0x000000000002ac20                __log_backends_load_start__ = ALIGN (__log_const_data_end__, 0x4)

.log_backends   0x000000000002ac20       0x20
                0x000000000002ac20                __log_backends_start__ = .
                0x000000000002ac20                __start_log_backends = __log_backends_start__
 *(SORT_BY_NAME(.log_backends*))
 .log_backends  0x000000000002ac20       0x20 Output/ble_app_blinky_pca10040_s132 Release/Obj/nrf_log_default_backends.o
                0x000000000002ac40                __log_backends_end__ = (__log_backends_start__ + SIZEOF (.log_backends))
                0x0000000000000020                __log_backends_size__ = SIZEOF (.log_backends)
                0x000000000002ac40                __stop_log_backends = __log_backends_end__
                0x000000000002ac40                __log_backends_load_end__ = __log_backends_end__
                0x0000000000000001                . = ASSERT (((__log_backends_start__ == __log_backends_end__) || ((__log_backends_end__ >= __FLASH_segment_start__) && (__log_backends_end__ <= __FLASH_segment_end__))), error: .log_backends is too large to fit in FLASH memory segment)
                0x000000000002ac40                __nrf_sections_load_start__ = ALIGN (__log_backends_end__, 0x4)

.nrf_sections   0x000000000002ac40        0x0
                0x000000000002ac40                __nrf_sections_start__ = .
                0x000000000002ac40                __start_nrf_sections = __nrf_sections_start__
 *(.nrf_sections .nrf_sections.*)
                0x000000000002ac40                __nrf_sections_end__ = (__nrf_sections_start__ + SIZEOF (.nrf_sections))
                0x0000000000000000                __nrf_sections_size__ = SIZEOF (.nrf_sections)
                0x000000000002ac40                __nrf_sections_load_end__ = __nrf_sections_end__
                0x0000000000000001                . = ASSERT (((__nrf_sections_start__ == __nrf_sections_end__) || ((__nrf_sections_end__ >= __FLASH_segment_start__) && (__nrf_sections_end__ <= __FLASH_segment_end__))), error: .nrf_sections is too large to fit in FLASH memory segment)
                0x000000000002ac40                __cli_sorted_cmd_ptrs_load_start__ = ALIGN (__nrf_sections_end__, 0x4)

.cli_sorted_cmd_ptrs
                0x00000000200022b8        0x0 load address 0x000000000002ac40
                0x00000000200022b8                __cli_sorted_cmd_ptrs_start__ = .
 *(.cli_sorted_cmd_ptrs*)
                0x00000000200022b8                __cli_sorted_cmd_ptrs_end__ = (__cli_sorted_cmd_ptrs_start__ + SIZEOF (.cli_sorted_cmd_ptrs))
                0x0000000000000000                __cli_sorted_cmd_ptrs_size__ = SIZEOF (.cli_sorted_cmd_ptrs)
                0x000000000002ac40                __cli_sorted_cmd_ptrs_load_end__ = (__cli_sorted_cmd_ptrs_load_start__ + SIZEOF (.cli_sorted_cmd_ptrs))
                0x0000000000000001                . = ASSERT (((__cli_sorted_cmd_ptrs_load_start__ == __cli_sorted_cmd_ptrs_load_end__) || ((__cli_sorted_cmd_ptrs_load_end__ >= __FLASH_segment_start__) && (__cli_sorted_cmd_ptrs_load_end__ <= __FLASH_segment_end__))), error: .cli_sorted_cmd_ptrs is too large to fit in FLASH memory segment)

.cli_sorted_cmd_ptrs_run
                0x00000000200022b8        0x0
                0x00000000200022b8                __cli_sorted_cmd_ptrs_run_start__ = .
                0x00000000200022b8                __start_cli_sorted_cmd_ptrs = __cli_sorted_cmd_ptrs_run_start__
                0x00000000200022b8                . = MAX ((__cli_sorted_cmd_ptrs_run_start__ + SIZEOF (.cli_sorted_cmd_ptrs)), .)
                0x00000000200022b8                __cli_sorted_cmd_ptrs_run_end__ = (__cli_sorted_cmd_ptrs_run_start__ + SIZEOF (.cli_sorted_cmd_ptrs_run))
                0x0000000000000000                __cli_sorted_cmd_ptrs_run_size__ = SIZEOF (.cli_sorted_cmd_ptrs_run)
                0x00000000200022b8                __stop_cli_sorted_cmd_ptrs = __cli_sorted_cmd_ptrs_run_end__
                0x00000000200022b8                __cli_sorted_cmd_ptrs_run_load_end__ = __cli_sorted_cmd_ptrs_run_end__
                0x0000000000000001                . = ASSERT (((__cli_sorted_cmd_ptrs_run_start__ == __cli_sorted_cmd_ptrs_run_end__) || ((__cli_sorted_cmd_ptrs_run_end__ >= __RAM_segment_start__) && (__cli_sorted_cmd_ptrs_run_end__ <= __RAM_segment_end__))), error: .cli_sorted_cmd_ptrs_run is too large to fit in RAM memory segment)
                0x000000000002ac40                __fs_data_load_start__ = ALIGN ((__cli_sorted_cmd_ptrs_load_start__ + SIZEOF (.cli_sorted_cmd_ptrs)), 0x4)

.fs_data        0x00000000200022b8        0x0 load address 0x000000000002ac40
                0x00000000200022b8                __fs_data_start__ = .
 *(.fs_data*)
                0x00000000200022b8                __fs_data_end__ = (__fs_data_start__ + SIZEOF (.fs_data))
                0x0000000000000000                __fs_data_size__ = SIZEOF (.fs_data)
                0x000000000002ac40                __fs_data_load_end__ = (__fs_data_load_start__ + SIZEOF (.fs_data))
                0x0000000000000001                . = ASSERT (((__fs_data_load_start__ == __fs_data_load_end__) || ((__fs_data_load_end__ >= __FLASH_segment_start__) && (__fs_data_load_end__ <= __FLASH_segment_end__))), error: .fs_data is too large to fit in FLASH memory segment)

.fs_data_run    0x00000000200022b8        0x0
                0x00000000200022b8                __fs_data_run_start__ = .
                0x00000000200022b8                __start_fs_data = __fs_data_run_start__
                0x00000000200022b8                . = MAX ((__fs_data_run_start__ + SIZEOF (.fs_data)), .)
                0x00000000200022b8                __fs_data_run_end__ = (__fs_data_run_start__ + SIZEOF (.fs_data_run))
                0x0000000000000000                __fs_data_run_size__ = SIZEOF (.fs_data_run)
                0x00000000200022b8                __stop_fs_data = __fs_data_run_end__
                0x00000000200022b8                __fs_data_run_load_end__ = __fs_data_run_end__
                0x0000000000000001                . = ASSERT (((__fs_data_run_start__ == __fs_data_run_end__) || ((__fs_data_run_end__ >= __RAM_segment_start__) && (__fs_data_run_end__ <= __RAM_segment_end__))), error: .fs_data_run is too large to fit in RAM memory segment)
                0x000000000002ac40                __log_dynamic_data_load_start__ = ALIGN ((__fs_data_load_start__ + SIZEOF (.fs_data)), 0x4)

.log_dynamic_data
                0x00000000200022b8        0x0 load address 0x000000000002ac40
                0x00000000200022b8                __log_dynamic_data_start__ = .
 *(SORT_BY_NAME(.log_dynamic_data*))
                0x00000000200022b8                __log_dynamic_data_end__ = (__log_dynamic_data_start__ + SIZEOF (.log_dynamic_data))
                0x0000000000000000                __log_dynamic_data_size__ = SIZEOF (.log_dynamic_data)
                0x000000000002ac40                __log_dynamic_data_load_end__ = (__log_dynamic_data_load_start__ + SIZEOF (.log_dynamic_data))
                0x0000000000000001                . = ASSERT (((__log_dynamic_data_load_start__ == __log_dynamic_data_load_end__) || ((__log_dynamic_data_load_end__ >= __FLASH_segment_start__) && (__log_dynamic_data_load_end__ <= __FLASH_segment_end__))), error: .log_dynamic_data is too large to fit in FLASH memory segment)

.log_dynamic_data_run
                0x00000000200022b8        0x0
                0x00000000200022b8                __log_dynamic_data_run_start__ = .
                0x00000000200022b8                __start_log_dynamic_data = __log_dynamic_data_run_start__
                0x00000000200022b8                . = MAX ((__log_dynamic_data_run_start__ + SIZEOF (.log_dynamic_data)), .)
                0x00000000200022b8                __log_dynamic_data_run_end__ = (__log_dynamic_data_run_start__ + SIZEOF (.log_dynamic_data_run))
                0x0000000000000000                __log_dynamic_data_run_size__ = SIZEOF (.log_dynamic_data_run)
                0x00000000200022b8                __stop_log_dynamic_data = __log_dynamic_data_run_end__
                0x00000000200022b8                __log_dynamic_data_run_load_end__ = __log_dynamic_data_run_end__
                0x0000000000000001                . = ASSERT (((__log_dynamic_data_run_start__ == __log_dynamic_data_run_end__) || ((__log_dynamic_data_run_end__ >= __RAM_segment_start__) && (__log_dynamic_data_run_end__ <= __RAM_segment_end__))), error: .log_dynamic_data_run is too large to fit in RAM memory segment)
                0x000000000002ac40                __log_filter_data_load_start__ = ALIGN ((__log_dynamic_data_load_start__ + SIZEOF (.log_dynamic_data)), 0x4)

.log_filter_data
                0x00000000200022b8        0x0 load address 0x000000000002ac40
                0x00000000200022b8                __log_filter_data_start__ = .
 *(SORT_BY_NAME(.log_filter_data*))
                0x00000000200022b8                __log_filter_data_end__ = (__log_filter_data_start__ + SIZEOF (.log_filter_data))
                0x0000000000000000                __log_filter_data_size__ = SIZEOF (.log_filter_data)
                0x000000000002ac40                __log_filter_data_load_end__ = (__log_filter_data_load_start__ + SIZEOF (.log_filter_data))
                0x0000000000000001                . = ASSERT (((__log_filter_data_load_start__ == __log_filter_data_load_end__) || ((__log_filter_data_load_end__ >= __FLASH_segment_start__) && (__log_filter_data_load_end__ <= __FLASH_segment_end__))), error: .log_filter_data is too large to fit in FLASH memory segment)

.log_filter_data_run
                0x00000000200022b8        0x0
                0x00000000200022b8                __log_filter_data_run_start__ = .
                0x00000000200022b8                __start_log_filter_data = __log_filter_data_run_start__
                0x00000000200022b8                . = MAX ((__log_filter_data_run_start__ + SIZEOF (.log_filter_data)), .)
                0x00000000200022b8                __log_filter_data_run_end__ = (__log_filter_data_run_start__ + SIZEOF (.log_filter_data_run))
                0x0000000000000000                __log_filter_data_run_size__ = SIZEOF (.log_filter_data_run)
                0x00000000200022b8                __stop_log_filter_data = __log_filter_data_run_end__
                0x00000000200022b8                __log_filter_data_run_load_end__ = __log_filter_data_run_end__
                0x0000000000000001                . = ASSERT (((__log_filter_data_run_start__ == __log_filter_data_run_end__) || ((__log_filter_data_run_end__ >= __RAM_segment_start__) && (__log_filter_data_run_end__ <= __RAM_segment_end__))), error: .log_filter_data_run is too large to fit in RAM memory segment)
                0x00000000200022b8                __nrf_sections_run_end_load_start__ = ALIGN (__log_filter_data_run_end__, 0x4)

.nrf_sections_run_end
                0x00000000200022b8        0x0
                0x00000000200022b8                __nrf_sections_run_end_start__ = .
                0x00000000200022b8                __end_nrf_sections_run = __nrf_sections_run_end_start__
 *(.nrf_sections_run_end .nrf_sections_run_end.*)
                0x00000000200022b8                __nrf_sections_run_end_end__ = (__nrf_sections_run_end_start__ + SIZEOF (.nrf_sections_run_end))
                0x0000000000000000                __nrf_sections_run_end_size__ = SIZEOF (.nrf_sections_run_end)
                0x00000000200022b8                __nrf_sections_run_end_load_end__ = __nrf_sections_run_end_end__
                0x0000000000000001                . = ASSERT (((__nrf_sections_run_end_start__ == __nrf_sections_run_end_end__) || ((__nrf_sections_run_end_end__ >= __RAM_segment_start__) && (__nrf_sections_run_end_end__ <= __RAM_segment_end__))), error: .nrf_sections_run_end is too large to fit in RAM memory segment)
                0x000000000002ac40                __dtors_load_start__ = ALIGN ((__log_filter_data_load_start__ + SIZEOF (.log_filter_data)), 0x4)

.dtors          0x000000000002ac40        0x0
                0x000000000002ac40                __dtors_start__ = .
 *(SORT_BY_NAME(.dtors.*))
 *(.dtors)
 *(.fini_array)
 *(SORT_BY_NAME(.fini_array.*))
                0x000000000002ac40                __dtors_end__ = (__dtors_start__ + SIZEOF (.dtors))
                0x0000000000000000                __dtors_size__ = SIZEOF (.dtors)
                0x000000000002ac40                __dtors_load_end__ = __dtors_end__
                0x0000000000000001                . = ASSERT (((__dtors_start__ == __dtors_end__) || ((__dtors_end__ >= __FLASH_segment_start__) && (__dtors_end__ <= __FLASH_segment_end__))), error: .dtors is too large to fit in FLASH memory segment)
                0x000000000002ac40                __ctors_load_start__ = ALIGN (__dtors_end__, 0x4)

.ctors          0x000000000002ac40        0x0
                0x000000000002ac40                __ctors_start__ = .
 *(SORT_BY_NAME(.ctors.*))
 *(.ctors)
 *(.init_array)
 *(SORT_BY_NAME(.init_array.*))
                0x000000000002ac40                __ctors_end__ = (__ctors_start__ + SIZEOF (.ctors))
                0x0000000000000000                __ctors_size__ = SIZEOF (.ctors)
                0x000000000002ac40                __ctors_load_end__ = __ctors_end__
                0x0000000000000001                . = ASSERT (((__ctors_start__ == __ctors_end__) || ((__ctors_end__ >= __FLASH_segment_start__) && (__ctors_end__ <= __FLASH_segment_end__))), error: .ctors is too large to fit in FLASH memory segment)
                0x000000000002ac40                __rodata_load_start__ = ALIGN (__ctors_end__, 0x4)

.rodata         0x000000000002ac40      0xd68
                0x000000000002ac40                __rodata_start__ = .
 *(.rodata .rodata.* .gnu.linkonce.r.*)
 .rodata.delay_machine_code.8538
                0x000000000002ac40        0x6 Output/ble_app_blinky_pca10040_s132 Release/Obj/nrf_log_backend_rtt.o
 *fill*         0x000000000002ac46        0x2 
 .rodata.nrf_log_backend_rtt_api
                0x000000000002ac48        0xc Output/ble_app_blinky_pca10040_s132 Release/Obj/nrf_log_backend_rtt.o
                0x000000000002ac48                nrf_log_backend_rtt_api
 .rodata        0x000000000002ac54       0x20 Output/ble_app_blinky_pca10040_s132 Release/Obj/nrf_log_backend_uart.o
 .rodata.nrf_log_backend_uart_api
                0x000000000002ac74        0xc Output/ble_app_blinky_pca10040_s132 Release/Obj/nrf_log_backend_uart.o
                0x000000000002ac74                nrf_log_backend_uart_api
 .rodata.str1.1
                0x000000000002ac80       0x21 Output/ble_app_blinky_pca10040_s132 Release/Obj/nrf_log_default_backends.o
 *fill*         0x000000000002aca1        0x3 
 .rodata.m_log_push_ringbuf
                0x000000000002aca4        0xc Output/ble_app_blinky_pca10040_s132 Release/Obj/nrf_log_frontend.o
 .rodata.nrf_log_frontend_dequeue.str1.1
                0x000000000002acb0       0x11 Output/ble_app_blinky_pca10040_s132 Release/Obj/nrf_log_frontend.o
 .rodata.str1.1
                0x000000000002acc1        0x4 Output/ble_app_blinky_pca10040_s132 Release/Obj/nrf_log_frontend.o
 *fill*         0x000000000002acc5        0x3 
 .rodata.m_colors
                0x000000000002acc8       0x24 Output/ble_app_blinky_pca10040_s132 Release/Obj/nrf_log_str_formatter.o
 .rodata.nrf_log_hexdump_entry_process.str1.1
                0x000000000002acec        0xf Output/ble_app_blinky_pca10040_s132 Release/Obj/nrf_log_str_formatter.o
                                         0x11 (size before relaxing)
 .rodata.postfix_process.str1.1
                0x000000000002acfb        0x8 Output/ble_app_blinky_pca10040_s132 Release/Obj/nrf_log_str_formatter.o
                                          0xb (size before relaxing)
 .rodata.prefix_process.str1.1
                0x000000000002ad03       0x2a Output/ble_app_blinky_pca10040_s132 Release/Obj/nrf_log_str_formatter.o
 *fill*         0x000000000002ad2d        0x3 
 .rodata.severity_names
                0x000000000002ad30       0x14 Output/ble_app_blinky_pca10040_s132 Release/Obj/nrf_log_str_formatter.o
 .rodata.str1.1
                0x000000000002ad44       0x4b Output/ble_app_blinky_pca10040_s132 Release/Obj/nrf_log_str_formatter.o
                                         0x51 (size before relaxing)
 *fill*         0x000000000002ad8f        0x1 
 .rodata.m_detection_delay_timer_id
                0x000000000002ad90        0x4 Output/ble_app_blinky_pca10040_s132 Release/Obj/app_button.o
 .rodata.app_error_fault_handler.str1.1
                0x000000000002ad94       0x19 Output/ble_app_blinky_pca10040_s132 Release/Obj/app_error_weak.o
 *fill*         0x000000000002adad        0x3 
 .rodata.delay_machine_code.8262
                0x000000000002adb0        0x6 Output/ble_app_blinky_pca10040_s132 Release/Obj/app_timer.o
 .rodata._aV2C.7470
                0x000000000002adb6       0x10 Output/ble_app_blinky_pca10040_s132 Release/Obj/nrf_fprintf_format.o
 *fill*         0x000000000002adc6        0x2 
 .rodata.pwr_mgmt_data
                0x000000000002adc8        0xc Output/ble_app_blinky_pca10040_s132 Release/Obj/nrf_pwr_mgmt.o
 .rodata.str1.1
                0x000000000002add4        0x9 Output/ble_app_blinky_pca10040_s132 Release/Obj/nrf_pwr_mgmt.o
 .rodata.m_unknown_str
                0x000000000002addd       0x13 Output/ble_app_blinky_pca10040_s132 Release/Obj/nrf_strerror.o
 .rodata.nrf_strerror_array
                0x000000000002adf0      0x128 Output/ble_app_blinky_pca10040_s132 Release/Obj/nrf_strerror.o
 .rodata.str1.1
                0x000000000002af18      0x3ba Output/ble_app_blinky_pca10040_s132 Release/Obj/nrf_strerror.o
 .rodata.m_board_led_list
                0x000000000002b2d2        0x4 Output/ble_app_blinky_pca10040_s132 Release/Obj/boards.o
 .rodata.str1.1
                0x000000000002b2d6        0x6 Output/ble_app_blinky_pca10040_s132 Release/Obj/nrf_drv_clock.o
 .rodata.str1.1
                0x000000000002b2dc        0x6 Output/ble_app_blinky_pca10040_s132 Release/Obj/nrfx_clock.o
 .rodata.str1.1
                0x000000000002b2e2        0x7 Output/ble_app_blinky_pca10040_s132 Release/Obj/nrfx_gpiote.o
 .rodata.str1.1
                0x000000000002b2e9        0x4 Output/ble_app_blinky_pca10040_s132 Release/Obj/nrfx_prs.o
 .rodata.str1.1
                0x000000000002b2ed        0x5 Output/ble_app_blinky_pca10040_s132 Release/Obj/nrfx_uart.o
 .rodata.str1.1
                0x000000000002b2f2        0x6 Output/ble_app_blinky_pca10040_s132 Release/Obj/nrfx_uarte.o
 .rodata.ble_evt_handler.str1.1
                0x000000000002b2f8       0x17 Output/ble_app_blinky_pca10040_s132 Release/Obj/main.o
 .rodata.button_event_handler.str1.1
                0x000000000002b30f       0x1a Output/ble_app_blinky_pca10040_s132 Release/Obj/main.o
 .rodata.led_write_handler.str1.1
                0x000000000002b329       0x23 Output/ble_app_blinky_pca10040_s132 Release/Obj/main.o
 .rodata.main.str1.1
                0x000000000002b34c       0x1f Output/ble_app_blinky_pca10040_s132 Release/Obj/main.o
 .rodata._DoInit.str1.1
                0x000000000002b36b       0x14 Output/ble_app_blinky_pca10040_s132 Release/Obj/SEGGER_RTT.o
 .rodata.data_length_update.str1.1
                0x000000000002b37f       0xdf Output/ble_app_blinky_pca10040_s132 Release/Obj/nrf_ble_gatt.o
 .rodata.nrf_ble_gatt_on_ble_evt.str1.1
                0x000000000002b45e       0x60 Output/ble_app_blinky_pca10040_s132 Release/Obj/nrf_ble_gatt.o
 .rodata.str1.1
                0x000000000002b4be        0xd Output/ble_app_blinky_pca10040_s132 Release/Obj/nrf_ble_gatt.o
 .rodata        0x000000000002b4cb       0x10 Output/ble_app_blinky_pca10040_s132 Release/Obj/ble_lbs.o
 .rodata        0x000000000002b4db        0x4 Output/ble_app_blinky_pca10040_s132 Release/Obj/nrf_sdh.o
 *fill*         0x000000000002b4df        0x1 
 .rodata.sdh_req_observers
                0x000000000002b4e0        0xc Output/ble_app_blinky_pca10040_s132 Release/Obj/nrf_sdh.o
 .rodata.sdh_stack_observers
                0x000000000002b4ec        0xc Output/ble_app_blinky_pca10040_s132 Release/Obj/nrf_sdh.o
 .rodata.sdh_state_observers
                0x000000000002b4f8        0xc Output/ble_app_blinky_pca10040_s132 Release/Obj/nrf_sdh.o
 .rodata.str1.1
                0x000000000002b504        0x8 Output/ble_app_blinky_pca10040_s132 Release/Obj/nrf_sdh.o
 .rodata.nrf_sdh_ble_default_cfg_set.str1.1
                0x000000000002b50c      0x182 Output/ble_app_blinky_pca10040_s132 Release/Obj/nrf_sdh_ble.o
 .rodata.nrf_sdh_ble_enable.str1.1
                0x000000000002b68e       0xa7 Output/ble_app_blinky_pca10040_s132 Release/Obj/nrf_sdh_ble.o
 *fill*         0x000000000002b735        0x3 
 .rodata.sdh_ble_observers
                0x000000000002b738        0xc Output/ble_app_blinky_pca10040_s132 Release/Obj/nrf_sdh_ble.o
 .rodata.str1.1
                0x000000000002b744        0xc Output/ble_app_blinky_pca10040_s132 Release/Obj/nrf_sdh_ble.o
 .rodata.sdh_soc_observers
                0x000000000002b750        0xc Output/ble_app_blinky_pca10040_s132 Release/Obj/nrf_sdh_soc.o
 .rodata.str1.1
                0x000000000002b75c        0xc Output/ble_app_blinky_pca10040_s132 Release/Obj/nrf_sdh_soc.o
 .rodata.libc.__RAL_ascii_ctype_map
                0x000000000002b768       0x80 C:/Program Files/SEGGER/SEGGER Embedded Studio for ARM 4.12/lib/libc_v7em_fpv4_sp_d16_hard_t_le_eabi.a(libc2.o)
                0x000000000002b768                __RAL_ascii_ctype_map
 .rodata.libc.__RAL_ascii_ctype_mask
                0x000000000002b7e8        0xd C:/Program Files/SEGGER/SEGGER Embedded Studio for ARM 4.12/lib/libc_v7em_fpv4_sp_d16_hard_t_le_eabi.a(libc2.o)
 *fill*         0x000000000002b7f5        0x3 
 .rodata.libc.__RAL_c_locale
                0x000000000002b7f8        0xc C:/Program Files/SEGGER/SEGGER Embedded Studio for ARM 4.12/lib/libc_v7em_fpv4_sp_d16_hard_t_le_eabi.a(libc2.o)
                0x000000000002b7f8                __RAL_c_locale
 .rodata.libc.__RAL_c_locale_abbrev_day_names
                0x000000000002b804       0x1d C:/Program Files/SEGGER/SEGGER Embedded Studio for ARM 4.12/lib/libc_v7em_fpv4_sp_d16_hard_t_le_eabi.a(libc2.o)
                0x000000000002b804                __RAL_c_locale_abbrev_day_names
 *fill*         0x000000000002b821        0x3 
 .rodata.libc.__RAL_c_locale_abbrev_month_names
                0x000000000002b824       0x31 C:/Program Files/SEGGER/SEGGER Embedded Studio for ARM 4.12/lib/libc_v7em_fpv4_sp_d16_hard_t_le_eabi.a(libc2.o)
                0x000000000002b824                __RAL_c_locale_abbrev_month_names
 *fill*         0x000000000002b855        0x3 
 .rodata.libc.__RAL_c_locale_am_pm_indicator
                0x000000000002b858        0x7 C:/Program Files/SEGGER/SEGGER Embedded Studio for ARM 4.12/lib/libc_v7em_fpv4_sp_d16_hard_t_le_eabi.a(libc2.o)
                0x000000000002b858                __RAL_c_locale_am_pm_indicator
 *fill*         0x000000000002b85f        0x1 
 .rodata.libc.__RAL_c_locale_data
                0x000000000002b860       0x58 C:/Program Files/SEGGER/SEGGER Embedded Studio for ARM 4.12/lib/libc_v7em_fpv4_sp_d16_hard_t_le_eabi.a(libc2.o)
                0x000000000002b860                __RAL_c_locale_data
 .rodata.libc.__RAL_c_locale_date_format
                0x000000000002b8b8        0x9 C:/Program Files/SEGGER/SEGGER Embedded Studio for ARM 4.12/lib/libc_v7em_fpv4_sp_d16_hard_t_le_eabi.a(libc2.o)
                0x000000000002b8b8                __RAL_c_locale_date_format
 *fill*         0x000000000002b8c1        0x3 
 .rodata.libc.__RAL_c_locale_date_time_format
                0x000000000002b8c4        0xf C:/Program Files/SEGGER/SEGGER Embedded Studio for ARM 4.12/lib/libc_v7em_fpv4_sp_d16_hard_t_le_eabi.a(libc2.o)
                0x000000000002b8c4                __RAL_c_locale_date_time_format
 *fill*         0x000000000002b8d3        0x1 
 .rodata.libc.__RAL_c_locale_day_names
                0x000000000002b8d4       0x3a C:/Program Files/SEGGER/SEGGER Embedded Studio for ARM 4.12/lib/libc_v7em_fpv4_sp_d16_hard_t_le_eabi.a(libc2.o)
                0x000000000002b8d4                __RAL_c_locale_day_names
 *fill*         0x000000000002b90e        0x2 
 .rodata.libc.__RAL_c_locale_month_names
                0x000000000002b910       0x57 C:/Program Files/SEGGER/SEGGER Embedded Studio for ARM 4.12/lib/libc_v7em_fpv4_sp_d16_hard_t_le_eabi.a(libc2.o)
                0x000000000002b910                __RAL_c_locale_month_names
 *fill*         0x000000000002b967        0x1 
 .rodata.libc.__RAL_c_locale_time_format
                0x000000000002b968        0x9 C:/Program Files/SEGGER/SEGGER Embedded Studio for ARM 4.12/lib/libc_v7em_fpv4_sp_d16_hard_t_le_eabi.a(libc2.o)
                0x000000000002b968                __RAL_c_locale_time_format
 *fill*         0x000000000002b971        0x3 