Archive member included to satisfy reference by file (symbol)

C:/Program Files/SEGGER/SEGGER Embedded Studio for ARM 4.12/lib/libc_v7em_fpv4_sp_d16_hard_t_le_eabi.a(libc2.o)
                              Output/twi_scanner_pca10040 Debug/Obj/nrf_log_str_formatter.o (isprint)
C:/Program Files/SEGGER/SEGGER Embedded Studio for ARM 4.12/lib/libc_v7em_fpv4_sp_d16_hard_t_le_eabi.a(libc2_asm.o)
                              Output/twi_scanner_pca10040 Debug/Obj/nrf_log_frontend.o (memcpy)
C:/Program Files/SEGGER/SEGGER Embedded Studio for ARM 4.12/lib/libc_v7em_fpv4_sp_d16_hard_t_le_eabi.a(libc.o)
                              C:/Program Files/SEGGER/SEGGER Embedded Studio for ARM 4.12/lib/libc_v7em_fpv4_sp_d16_hard_t_le_eabi.a(libc2.o) (__heap_lock)
C:/Program Files/SEGGER/SEGGER Embedded Studio for ARM 4.12/lib/libc_v7em_fpv4_sp_d16_hard_t_le_eabi.a(libc_asm.o)
                              C:/Program Files/SEGGER/SEGGER Embedded Studio for ARM 4.12/lib/libc_v7em_fpv4_sp_d16_hard_t_le_eabi.a(libc2.o) (__aeabi_uldivmod)
C:/Program Files/SEGGER/SEGGER Embedded Studio for ARM 4.12/lib/libdebugio_v7em_fpv4_sp_d16_hard_t_le_eabi.a(libdebugio.o)
                              Output/twi_scanner_pca10040 Debug/Obj/thumb_crt0.o (debug_fopen)
C:/Program Files/SEGGER/SEGGER Embedded Studio for ARM 4.12/lib/libdebugio_mempoll_v7em_fpv4_sp_d16_hard_t_le_eabi.a(mempoll_debug_operations.o)
                              C:/Program Files/SEGGER/SEGGER Embedded Studio for ARM 4.12/lib/libdebugio_v7em_fpv4_sp_d16_hard_t_le_eabi.a(libdebugio.o) (__do_debug_operation)
C:/Program Files/SEGGER/SEGGER Embedded Studio for ARM 4.12/lib/libdebugio_mempoll_v7em_fpv4_sp_d16_hard_t_le_eabi.a(do_nv_debug_operation.o)
                              C:/Program Files/SEGGER/SEGGER Embedded Studio for ARM 4.12/lib/libdebugio_v7em_fpv4_sp_d16_hard_t_le_eabi.a(libdebugio.o) (__do_nvdebug_operation)
C:/Program Files/SEGGER/SEGGER Embedded Studio for ARM 4.12/lib/libm_v7em_fpv4_sp_d16_hard_t_le_eabi.a(libm_asm.o)
                              C:/Program Files/SEGGER/SEGGER Embedded Studio for ARM 4.12/lib/libc_v7em_fpv4_sp_d16_hard_t_le_eabi.a(libc2.o) (__aeabi_i2d)
C:/Program Files/SEGGER/SEGGER Embedded Studio for ARM 4.12/lib/libm_v7em_fpv4_sp_d16_hard_t_le_eabi.a(libm2.o)
                              C:/Program Files/SEGGER/SEGGER Embedded Studio for ARM 4.12/lib/libvfprintf_v7em_fpv4_sp_d16_hard_t_le_eabi.o (frexp)
C:/Program Files/SEGGER/SEGGER Embedded Studio for ARM 4.12/lib/libm_v7em_fpv4_sp_d16_hard_t_le_eabi.a(libm2_asm.o)
                              C:/Program Files/SEGGER/SEGGER Embedded Studio for ARM 4.12/lib/libm_v7em_fpv4_sp_d16_hard_t_le_eabi.a(libm2.o) (fabs)

Discarded input sections

 .text          0x0000000000000000        0x0 Output/twi_scanner_pca10040 Debug/Obj/thumb_crt0.o
 .data          0x0000000000000000        0x0 Output/twi_scanner_pca10040 Debug/Obj/thumb_crt0.o
 .bss           0x0000000000000000        0x0 Output/twi_scanner_pca10040 Debug/Obj/thumb_crt0.o
 .text.__aeabi_read_tp
                0x0000000000000000        0x8 Output/twi_scanner_pca10040 Debug/Obj/thumb_crt0.o
 .text.abort    0x0000000000000000        0x2 Output/twi_scanner_pca10040 Debug/Obj/thumb_crt0.o
 .text.__assert
                0x0000000000000000        0x2 Output/twi_scanner_pca10040 Debug/Obj/thumb_crt0.o
 .text.__aeabi_assert
                0x0000000000000000        0x2 Output/twi_scanner_pca10040 Debug/Obj/thumb_crt0.o
 .text.__sync_synchronize
                0x0000000000000000        0x2 Output/twi_scanner_pca10040 Debug/Obj/thumb_crt0.o
 .text.__getchar
                0x0000000000000000        0x4 Output/twi_scanner_pca10040 Debug/Obj/thumb_crt0.o
 .text.__putchar
                0x0000000000000000        0x4 Output/twi_scanner_pca10040 Debug/Obj/thumb_crt0.o
 .text.__open   0x0000000000000000        0x4 Output/twi_scanner_pca10040 Debug/Obj/thumb_crt0.o
 .text.__close  0x0000000000000000        0x4 Output/twi_scanner_pca10040 Debug/Obj/thumb_crt0.o
 .text.__write  0x0000000000000000        0xa Output/twi_scanner_pca10040 Debug/Obj/thumb_crt0.o
 .text.__read   0x0000000000000000        0xa Output/twi_scanner_pca10040 Debug/Obj/thumb_crt0.o
 .text.__seek   0x0000000000000000       0x1a Output/twi_scanner_pca10040 Debug/Obj/thumb_crt0.o
 .bss.__user_locale_name_buffer
                0x0000000000000000        0x4 Output/twi_scanner_pca10040 Debug/Obj/thumb_crt0.o
 .stack         0x0000000000000000        0x0 Output/twi_scanner_pca10040 Debug/Obj/thumb_crt0.o
 .stack_process
                0x0000000000000000        0x0 Output/twi_scanner_pca10040 Debug/Obj/thumb_crt0.o
 .heap          0x0000000000000000        0x0 Output/twi_scanner_pca10040 Debug/Obj/thumb_crt0.o
 .group         0x0000000000000000        0xc Output/twi_scanner_pca10040 Debug/Obj/nrf_log_backend_rtt.o
 .group         0x0000000000000000        0xc Output/twi_scanner_pca10040 Debug/Obj/nrf_log_backend_rtt.o
[...]
Memory Configuration

Name             Origin             Length             Attributes
UNPLACED_SECTIONS 0x0000000100000000 0x0000000000000000 xw
RAM              0x0000000020000000 0x0000000000010000 xw
FLASH            0x0000000000000000 0x0000000000080000 xw
*default*        0x0000000000000000 0xffffffffffffffff

Linker script and memory map

                0x0000000000000000                __vfprintf = __vfprintf_long
                0x0000000000000000                __vfscanf = __vfscanf_long
                0x0000000020000000                __RAM_segment_start__ = 0x20000000
                0x0000000020010000                __RAM_segment_end__ = 0x20010000
                0x0000000000010000                __RAM_segment_size__ = 0x10000
                0x0000000000000000                __FLASH_segment_start__ = 0x0
                0x0000000000080000                __FLASH_segment_end__ = 0x80000
                0x0000000000080000                __FLASH_segment_size__ = 0x80000
                0x0000000000002000                __HEAPSIZE__ = 0x2000
                0x0000000000000000                __STACKSIZE_PROCESS__ = 0x0
                0x0000000000002000                __STACKSIZE__ = 0x2000
                0x0000000020000000                __vectors_ram_load_start__ = 0x20000000

.vectors_ram    0x0000000020000000        0x0
                0x0000000020000000                __vectors_ram_start__ = .
                0x0000000020000000                __app_ram_start__ = __vectors_ram_start__
 *(.vectors_ram .vectors_ram.*)
                0x0000000020000000                __vectors_ram_end__ = (__vectors_ram_start__ + SIZEOF (.vectors_ram))
                0x0000000000000000                __vectors_ram_size__ = SIZEOF (.vectors_ram)
                0x0000000020000000                __vectors_ram_load_end__ = __vectors_ram_end__
                0x0000000000000001                . = ASSERT (((__vectors_ram_start__ == __vectors_ram_end__) || ((__vectors_ram_end__ >= __RAM_segment_start__) && (__vectors_ram_end__ <= __RAM_segment_end__))), error: .vectors_ram is too large to fit in RAM memory segment)
                0x0000000020000000                __nrf_sections_run_load_start__ = ALIGN (__vectors_ram_end__, 0x4)

.nrf_sections_run
                0x0000000020000000        0x0
                0x0000000020000000                __nrf_sections_run_start__ = .
                0x0000000020000000                __start_nrf_sections_run = __nrf_sections_run_start__
 *(.nrf_sections_run .nrf_sections_run.*)
                0x0000000020000000                __nrf_sections_run_end__ = (__nrf_sections_run_start__ + SIZEOF (.nrf_sections_run))
                0x0000000000000000                __nrf_sections_run_size__ = SIZEOF (.nrf_sections_run)
                0x0000000020000000                __nrf_sections_run_load_end__ = __nrf_sections_run_end__
                0x0000000000000001                . = ASSERT (((__nrf_sections_run_start__ == __nrf_sections_run_end__) || ((__nrf_sections_run_end__ >= __RAM_segment_start__) && (__nrf_sections_run_end__ <= __RAM_segment_end__))), error: .nrf_sections_run is too large to fit in RAM memory segment)
                0x0000000000000000                __vectors_load_start__ = 0x0

.vectors        0x0000000000000000      0x200
                0x0000000000000000                __vectors_start__ = .
 *(.vectors .vectors.*)
 .vectors       0x0000000000000000      0x200 Output/twi_scanner_pca10040 Debug/Obj/ses_startup_nrf52.o
                0x0000000000000000                _vectors
                0x0000000000000200                __vectors_end__ = (__vectors_start__ + SIZEOF (.vectors))
                0x0000000000000200                __vectors_size__ = SIZEOF (.vectors)
                0x0000000000000200                __vectors_load_end__ = __vectors_end__
                0x0000000000000001                . = ASSERT (((__vectors_start__ == __vectors_end__) || ((__vectors_end__ >= __FLASH_segment_start__) && (__vectors_end__ <= __FLASH_segment_end__))), error: .vectors is too large to fit in FLASH memory segment)
                0x0000000000000200                __init_load_start__ = ALIGN (__vectors_end__, 0x4)

.init           0x0000000000000200      0x1d8
                0x0000000000000200                __init_start__ = .
 *(.init .init.*)
 .init          0x0000000000000200      0x160 Output/twi_scanner_pca10040 Debug/Obj/thumb_crt0.o
                0x0000000000000200                _start
                0x00000000000002b6                exit
 .init          0x0000000000000360       0x18 Output/twi_scanner_pca10040 Debug/Obj/ses_startup_nrf52.o
                0x0000000000000360                NMI_Handler
                0x0000000000000362                HardFault_Handler
                0x0000000000000364                MemoryManagement_Handler
                0x0000000000000366                BusFault_Handler
                0x0000000000000368                UsageFault_Handler
                0x000000000000036a                SVC_Handler
                0x000000000000036c                DebugMon_Handler
                0x000000000000036e                PendSV_Handler
                0x0000000000000370                SysTick_Handler
                0x0000000000000372                PWM1_IRQHandler
                0x0000000000000372                SWI0_EGU0_IRQHandler
                0x0000000000000372                POWER_CLOCK_IRQHandler
                0x0000000000000372                RADIO_IRQHandler
                0x0000000000000372                PDM_IRQHandler
                0x0000000000000372                TEMP_IRQHandler
                0x0000000000000372                RTC0_IRQHandler
                0x0000000000000372                TIMER3_IRQHandler
                0x0000000000000372                FPU_IRQHandler
                0x0000000000000372                SWI2_EGU2_IRQHandler
                0x0000000000000372                TIMER4_IRQHandler
                0x0000000000000372                I2S_IRQHandler
                0x0000000000000372                SWI4_EGU4_IRQHandler
                0x0000000000000372                TIMER0_IRQHandler
                0x0000000000000372                Dummy_Handler
                0x0000000000000372                TIMER1_IRQHandler
                0x0000000000000372                PWM2_IRQHandler
                0x0000000000000372                ECB_IRQHandler
                0x0000000000000372                SAADC_IRQHandler
                0x0000000000000372                CCM_AAR_IRQHandler
                0x0000000000000372                WDT_IRQHandler
                0x0000000000000372                QDEC_IRQHandler
                0x0000000000000372                SWI5_EGU5_IRQHandler
                0x0000000000000372                RNG_IRQHandler
                0x0000000000000372                RTC2_IRQHandler
                0x0000000000000372                PWM0_IRQHandler
                0x0000000000000372                SWI3_EGU3_IRQHandler
                0x0000000000000372                RTC1_IRQHandler
                0x0000000000000372                SWI1_EGU1_IRQHandler
                0x0000000000000372                SPIM2_SPIS2_SPI2_IRQHandler
                0x0000000000000372                NFCT_IRQHandler
                0x0000000000000372                TIMER2_IRQHandler
                0x0000000000000372                MWU_IRQHandler
                0x0000000000000372                COMP_LPCOMP_IRQHandler
                0x0000000000000374                nRFInitialize
 .init          0x0000000000000378       0x60 Output/twi_scanner_pca10040 Debug/Obj/ses_startup_nrf_common.o
                0x0000000000000378                Reset_Handler
                0x00000000000003a0                InitializeUserMemorySections
                0x00000000000003d8                __init_end__ = (__init_start__ + SIZEOF (.init))
                0x00000000000001d8                __init_size__ = SIZEOF (.init)
                0x00000000000003d8                __init_load_end__ = __init_end__
                0x0000000000000001                . = ASSERT (((__init_start__ == __init_end__) || ((__init_end__ >= __FLASH_segment_start__) && (__init_end__ <= __FLASH_segment_end__))), error: .init is too large to fit in FLASH memory segment)
                0x00000000000003d8                __init_rodata_load_start__ = ALIGN (__init_end__, 0x4)

.init_rodata    0x00000000000003d8        0x0
                0x00000000000003d8                __init_rodata_start__ = .
 *(.init_rodata .init_rodata.*)
                0x00000000000003d8                __init_rodata_end__ = (__init_rodata_start__ + SIZEOF (.init_rodata))
                0x0000000000000000                __init_rodata_size__ = SIZEOF (.init_rodata)
                0x00000000000003d8                __init_rodata_load_end__ = __init_rodata_end__
                0x0000000000000001                . = ASSERT (((__init_rodata_start__ == __init_rodata_end__) || ((__init_rodata_end__ >= __FLASH_segment_start__) && (__init_rodata_end__ <= __FLASH_segment_end__))), error: .init_rodata is too large to fit in FLASH memory segment)
                0x00000000000003d8                __text_load_start__ = ALIGN (__init_rodata_end__, 0x4)

.text           0x00000000000003d8     0xa3ae
                0x00000000000003d8                __text_start__ = .
 *(.text .text.* .glue_7t .glue_7 .gnu.linkonce.t.* .gcc_except_table .ARM.extab* .gnu.linkonce.armextab.*)
 .glue_7        0x00000000000003d8        0x0 linker stubs
 .glue_7t       0x00000000000003d8        0x0 linker stubs
 .text.nrf_log_backend_serial_put
                0x00000000000003d8      0x124 Output/twi_scanner_pca10040 Debug/Obj/nrf_log_backend_serial.o
                0x00000000000003d8                nrf_log_backend_serial_put
 .text.nrf_drv_uart_uninit
                0x00000000000004fc       0x44 Output/twi_scanner_pca10040 Debug/Obj/nrf_log_backend_uart.o
 .text.nrf_drv_uart_tx
                0x0000000000000540       0x64 Output/twi_scanner_pca10040 Debug/Obj/nrf_log_backend_uart.o
 .text.uart_evt_handler
                0x00000000000005a4       0x18 Output/twi_scanner_pca10040 Debug/Obj/nrf_log_backend_uart.o
 .text.uart_init
                0x00000000000005bc       0x88 Output/twi_scanner_pca10040 Debug/Obj/nrf_log_backend_uart.o
 .text.nrf_log_backend_uart_init
                0x0000000000000644       0x1c Output/twi_scanner_pca10040 Debug/Obj/nrf_log_backend_uart.o
                0x0000000000000644                nrf_log_backend_uart_init
 .text.serial_tx
                0x0000000000000660       0x6c Output/twi_scanner_pca10040 Debug/Obj/nrf_log_backend_uart.o
 .text.nrf_log_backend_uart_put
                0x00000000000006cc       0x28 Output/twi_scanner_pca10040 Debug/Obj/nrf_log_backend_uart.o
 .text.nrf_log_backend_uart_flush
                0x00000000000006f4        0xa Output/twi_scanner_pca10040 Debug/Obj/nrf_log_backend_uart.o
 *fill*         0x00000000000006fe        0x2 
 .text.nrf_log_backend_uart_panic_set
                0x0000000000000700       0x20 Output/twi_scanner_pca10040 Debug/Obj/nrf_log_backend_uart.o
 .text.nrf_log_backend_enable
                0x0000000000000720       0x12 Output/twi_scanner_pca10040 Debug/Obj/nrf_log_default_backends.o
 *fill*         0x0000000000000732        0x2 
 .text.nrf_log_default_backends_init
                0x0000000000000734       0x3c Output/twi_scanner_pca10040 Debug/Obj/nrf_log_default_backends.o
                0x0000000000000734                nrf_log_default_backends_init
 .text.nrf_log_backend_put
                0x0000000000000770       0x1c Output/twi_scanner_pca10040 Debug/Obj/nrf_log_frontend.o
 .text.nrf_log_backend_panic_set
                0x000000000000078c       0x18 Output/twi_scanner_pca10040 Debug/Obj/nrf_log_frontend.o
 .text.nrf_log_backend_flush
                0x00000000000007a4       0x18 Output/twi_scanner_pca10040 Debug/Obj/nrf_log_frontend.o
 .text.nrf_log_backend_id_set
                0x00000000000007bc       0x1a Output/twi_scanner_pca10040 Debug/Obj/nrf_log_frontend.o
 .text.nrf_log_backend_id_get
                0x00000000000007d6       0x10 Output/twi_scanner_pca10040 Debug/Obj/nrf_log_frontend.o
 .text.nrf_log_backend_enable
                0x00000000000007e6       0x12 Output/twi_scanner_pca10040 Debug/Obj/nrf_log_frontend.o
 .text.nrf_log_backend_is_enabled
                0x00000000000007f8       0x10 Output/twi_scanner_pca10040 Debug/Obj/nrf_log_frontend.o
 .text.nrf_log_init
                0x0000000000000808       0x74 Output/twi_scanner_pca10040 Debug/Obj/nrf_log_frontend.o
                0x0000000000000808                nrf_log_init
 .text.nrf_log_module_cnt_get
                0x000000000000087c       0x14 Output/twi_scanner_pca10040 Debug/Obj/nrf_log_frontend.o
                0x000000000000087c                nrf_log_module_cnt_get
 .text.module_idx_get
                0x0000000000000890       0x64 Output/twi_scanner_pca10040 Debug/Obj/nrf_log_frontend.o
 .text.nrf_log_module_name_get
                0x00000000000008f4       0x40 Output/twi_scanner_pca10040 Debug/Obj/nrf_log_frontend.o
                0x00000000000008f4                nrf_log_module_name_get
 .text.nrf_log_color_id_get
                0x0000000000000934       0x70 Output/twi_scanner_pca10040 Debug/Obj/nrf_log_frontend.o
                0x0000000000000934                nrf_log_color_id_get
 .text.invalid_packets_omit
                0x00000000000009a4       0x6e Output/twi_scanner_pca10040 Debug/Obj/nrf_log_frontend.o
 *fill*         0x0000000000000a12        0x2 
 .text.log_skip
                0x0000000000000a14      0x114 Output/twi_scanner_pca10040 Debug/Obj/nrf_log_frontend.o
 .text.dropped_sat16_get
                0x0000000000000b28       0x28 Output/twi_scanner_pca10040 Debug/Obj/nrf_log_frontend.o
 .text.std_header_set
                0x0000000000000b50       0xb4 Output/twi_scanner_pca10040 Debug/Obj/nrf_log_frontend.o
 .text.buf_prealloc
                0x0000000000000c04      0x124 Output/twi_scanner_pca10040 Debug/Obj/nrf_log_frontend.o
 .text.std_n    0x0000000000000d28       0x90 Output/twi_scanner_pca10040 Debug/Obj/nrf_log_frontend.o
 .text.nrf_log_frontend_std_0
                0x0000000000000db8       0x1c Output/twi_scanner_pca10040 Debug/Obj/nrf_log_frontend.o
                0x0000000000000db8                nrf_log_frontend_std_0
 .text.nrf_log_frontend_std_1
                0x0000000000000dd4       0x22 Output/twi_scanner_pca10040 Debug/Obj/nrf_log_frontend.o
                0x0000000000000dd4                nrf_log_frontend_std_1
 .text.nrf_log_frontend_std_2
                0x0000000000000df6       0x28 Output/twi_scanner_pca10040 Debug/Obj/nrf_log_frontend.o
                0x0000000000000df6                nrf_log_frontend_std_2
 .text.nrf_log_frontend_std_4
                0x0000000000000e1e       0x30 Output/twi_scanner_pca10040 Debug/Obj/nrf_log_frontend.o
                0x0000000000000e1e                nrf_log_frontend_std_4
 .text.nrf_log_frontend_std_5
                0x0000000000000e4e       0x34 Output/twi_scanner_pca10040 Debug/Obj/nrf_log_frontend.o
                0x0000000000000e4e                nrf_log_frontend_std_5
 *fill*         0x0000000000000e82        0x2 
 .text.buffer_is_empty
                0x0000000000000e84       0x1c Output/twi_scanner_pca10040 Debug/Obj/nrf_log_frontend.o
                0x0000000000000e84                buffer_is_empty
 .text.nrf_log_frontend_dequeue
                0x0000000000000ea0      0x398 Output/twi_scanner_pca10040 Debug/Obj/nrf_log_frontend.o
                0x0000000000000ea0                nrf_log_frontend_dequeue
 .text.backend_id_assign
                0x0000000000001238       0x68 Output/twi_scanner_pca10040 Debug/Obj/nrf_log_frontend.o
 .text.nrf_log_backend_add
                0x00000000000012a0       0x70 Output/twi_scanner_pca10040 Debug/Obj/nrf_log_frontend.o
                0x00000000000012a0                nrf_log_backend_add
 .text.nrf_log_panic
                0x0000000000001310       0x3c Output/twi_scanner_pca10040 Debug/Obj/nrf_log_frontend.o
                0x0000000000001310                nrf_log_panic
 .text.timestamp_print
                0x000000000000134c        0xc Output/twi_scanner_pca10040 Debug/Obj/nrf_log_str_formatter.o
 .text.prefix_process
                0x0000000000001358       0xb0 Output/twi_scanner_pca10040 Debug/Obj/nrf_log_str_formatter.o
 .text.postfix_process
                0x0000000000001408       0x60 Output/twi_scanner_pca10040 Debug/Obj/nrf_log_str_formatter.o
 .text.nrf_log_std_entry_process
                0x0000000000001468      0x144 Output/twi_scanner_pca10040 Debug/Obj/nrf_log_str_formatter.o
                0x0000000000001468                nrf_log_std_entry_process
 .text.nrf_log_hexdump_entry_process
                0x00000000000015ac       0xf0 Output/twi_scanner_pca10040 Debug/Obj/nrf_log_str_formatter.o
                0x00000000000015ac                nrf_log_hexdump_entry_process
 .text.nrf_gpio_pin_port_decode
                0x000000000000169c       0x28 Output/twi_scanner_pca10040 Debug/Obj/boards.o
 .text.nrf_gpio_cfg
                0x00000000000016c4       0x62 Output/twi_scanner_pca10040 Debug/Obj/boards.o
 .text.nrf_gpio_cfg_output
                0x0000000000001726       0x22 Output/twi_scanner_pca10040 Debug/Obj/boards.o
 .text.nrf_gpio_cfg_input
                0x0000000000001748       0x2c Output/twi_scanner_pca10040 Debug/Obj/boards.o
 .text.nrf_gpio_pin_set
                0x0000000000001774       0x28 Output/twi_scanner_pca10040 Debug/Obj/boards.o
 .text.nrf_gpio_pin_clear
                0x000000000000179c       0x28 Output/twi_scanner_pca10040 Debug/Obj/boards.o
 .text.nrf_gpio_pin_write
                0x00000000000017c4       0x24 Output/twi_scanner_pca10040 Debug/Obj/boards.o
 .text.nrf_gpio_port_out_set
                0x00000000000017e8       0x14 Output/twi_scanner_pca10040 Debug/Obj/boards.o
 .text.nrf_gpio_port_out_clear
                0x00000000000017fc       0x14 Output/twi_scanner_pca10040 Debug/Obj/boards.o
 .text.bsp_board_led_off
                0x0000000000001810       0x34 Output/twi_scanner_pca10040 Debug/Obj/boards.o
                0x0000000000001810                bsp_board_led_off
 .text.bsp_board_leds_off
                0x0000000000001844       0x24 Output/twi_scanner_pca10040 Debug/Obj/boards.o
                0x0000000000001844                bsp_board_leds_off
 .text.bsp_board_leds_init
                0x0000000000001868       0x34 Output/twi_scanner_pca10040 Debug/Obj/boards.o
 .text.bsp_board_buttons_init
                0x000000000000189c       0x34 Output/twi_scanner_pca10040 Debug/Obj/boards.o
 .text.bsp_board_init
                0x00000000000018d0       0x2a Output/twi_scanner_pca10040 Debug/Obj/boards.o
                0x00000000000018d0                bsp_board_init
 *fill*         0x00000000000018fa        0x2 
 .text.app_error_save_and_stop
                0x00000000000018fc       0x94 Output/twi_scanner_pca10040 Debug/Obj/app_error.o
                0x00000000000018fc                app_error_save_and_stop
 .text.app_error_handler
                0x0000000000001990       0x1c Output/twi_scanner_pca10040 Debug/Obj/app_error_handler_gcc.o
                0x0000000000001990                app_error_handler
 .text.app_error_fault_handler
                0x00000000000019ac      0x100 Output/twi_scanner_pca10040 Debug/Obj/app_error_weak.o
                0x00000000000019ac                app_error_fault_handler
 .text.app_util_disable_irq
                0x0000000000001aac       0x14 Output/twi_scanner_pca10040 Debug/Obj/app_util_platform.o
                0x0000000000001aac                app_util_disable_irq
 .text.app_util_enable_irq
                0x0000000000001ac0       0x1c Output/twi_scanner_pca10040 Debug/Obj/app_util_platform.o
                0x0000000000001ac0                app_util_enable_irq
 .text.app_util_critical_region_enter
                0x0000000000001adc       0x28 Output/twi_scanner_pca10040 Debug/Obj/app_util_platform.o
                0x0000000000001adc                app_util_critical_region_enter
 .text.app_util_critical_region_exit
                0x0000000000001b04       0x2c Output/twi_scanner_pca10040 Debug/Obj/app_util_platform.o
                0x0000000000001b04                app_util_critical_region_exit
 .text.privilege_level_get
                0x0000000000001b30       0x3a Output/twi_scanner_pca10040 Debug/Obj/app_util_platform.o
                0x0000000000001b30                privilege_level_get
 .text.assert_nrf_callback
                0x0000000000001b6a       0x2e Output/twi_scanner_pca10040 Debug/Obj/nrf_assert.o
                0x0000000000001b6a                assert_nrf_callback
 .text.nrf_atomic_u32_fetch_store
                0x0000000000001b98       0x2e Output/twi_scanner_pca10040 Debug/Obj/nrf_atomic.o
                0x0000000000001b98                nrf_atomic_u32_fetch_store
 .text.nrf_atomic_u32_or
                0x0000000000001bc6       0x30 Output/twi_scanner_pca10040 Debug/Obj/nrf_atomic.o
                0x0000000000001bc6                nrf_atomic_u32_or
 .text.nrf_atomic_u32_fetch_and
                0x0000000000001bf6       0x30 Output/twi_scanner_pca10040 Debug/Obj/nrf_atomic.o
                0x0000000000001bf6                nrf_atomic_u32_fetch_and
 .text.nrf_atomic_u32_add
                0x0000000000001c26       0x30 Output/twi_scanner_pca10040 Debug/Obj/nrf_atomic.o
                0x0000000000001c26                nrf_atomic_u32_add
 .text.nrf_atomic_u32_sub
                0x0000000000001c56       0x30 Output/twi_scanner_pca10040 Debug/Obj/nrf_atomic.o
                0x0000000000001c56                nrf_atomic_u32_sub
 .text.nrf_atomic_flag_set
                0x0000000000001c86       0x18 Output/twi_scanner_pca10040 Debug/Obj/nrf_atomic.o
                0x0000000000001c86                nrf_atomic_flag_set
 .text.nrf_atomic_flag_clear_fetch
                0x0000000000001c9e       0x18 Output/twi_scanner_pca10040 Debug/Obj/nrf_atomic.o
                0x0000000000001c9e                nrf_atomic_flag_clear_fetch
 *fill*         0x0000000000001cb6        0x2 
 .text.nrf_balloc_idx2block
                0x0000000000001cb8       0x38 Output/twi_scanner_pca10040 Debug/Obj/nrf_balloc.o
 .text.nrf_balloc_block2idx
                0x0000000000001cf0       0x34 Output/twi_scanner_pca10040 Debug/Obj/nrf_balloc.o
 .text.nrf_balloc_init
                0x0000000000001d24       0xb8 Output/twi_scanner_pca10040 Debug/Obj/nrf_balloc.o
                0x0000000000001d24                nrf_balloc_init
 .text.nrf_balloc_alloc
                0x0000000000001ddc       0x84 Output/twi_scanner_pca10040 Debug/Obj/nrf_balloc.o
                0x0000000000001ddc                nrf_balloc_alloc
 .text.nrf_balloc_free
                0x0000000000001e60       0x58 Output/twi_scanner_pca10040 Debug/Obj/nrf_balloc.o
                0x0000000000001e60                nrf_balloc_free
 .text.nrf_fprintf_buffer_flush
                0x0000000000001eb8       0x44 Output/twi_scanner_pca10040 Debug/Obj/nrf_fprintf.o
                0x0000000000001eb8                nrf_fprintf_buffer_flush
 .text.nrf_fprintf
                0x0000000000001efc       0x74 Output/twi_scanner_pca10040 Debug/Obj/nrf_fprintf.o
                0x0000000000001efc                nrf_fprintf
 .text.buffer_add
                0x0000000000001f70       0x4c Output/twi_scanner_pca10040 Debug/Obj/nrf_fprintf_format.o
 .text.string_print
                0x0000000000001fbc       0xc2 Output/twi_scanner_pca10040 Debug/Obj/nrf_fprintf_format.o
 *fill*         0x000000000000207e        0x2 
 .text.unsigned_print
                0x0000000000002080      0x130 Output/twi_scanner_pca10040 Debug/Obj/nrf_fprintf_format.o
 .text.int_print
                0x00000000000021b0      0x11c Output/twi_scanner_pca10040 Debug/Obj/nrf_fprintf_format.o
 .text.nrf_fprintf_fmt
                0x00000000000022cc      0x43c Output/twi_scanner_pca10040 Debug/Obj/nrf_fprintf_format.o
                0x00000000000022cc                nrf_fprintf_fmt
 .text.nrf_memobj_pool_init
                0x0000000000002708       0x16 Output/twi_scanner_pca10040 Debug/Obj/nrf_memobj.o
                0x0000000000002708                nrf_memobj_pool_init
 .text.nrf_memobj_alloc
                0x000000000000271e       0xae Output/twi_scanner_pca10040 Debug/Obj/nrf_memobj.o
                0x000000000000271e                nrf_memobj_alloc
 .text.nrf_memobj_free
                0x00000000000027cc       0x72 Output/twi_scanner_pca10040 Debug/Obj/nrf_memobj.o
                0x00000000000027cc                nrf_memobj_free
 .text.nrf_memobj_get
                0x000000000000283e       0x1e Output/twi_scanner_pca10040 Debug/Obj/nrf_memobj.o
                0x000000000000283e                nrf_memobj_get
 .text.nrf_memobj_put
                0x000000000000285c       0x34 Output/twi_scanner_pca10040 Debug/Obj/nrf_memobj.o
                0x000000000000285c                nrf_memobj_put
 .text.memobj_op
                0x0000000000002890      0x124 Output/twi_scanner_pca10040 Debug/Obj/nrf_memobj.o
 .text.nrf_memobj_write
                0x00000000000029b4       0x3c Output/twi_scanner_pca10040 Debug/Obj/nrf_memobj.o
                0x00000000000029b4                nrf_memobj_write
 .text.nrf_memobj_read
                0x00000000000029f0       0x40 Output/twi_scanner_pca10040 Debug/Obj/nrf_memobj.o
                0x00000000000029f0                nrf_memobj_read
 .text.nrf_ringbuf_init
                0x0000000000002a30       0x3a Output/twi_scanner_pca10040 Debug/Obj/nrf_ringbuf.o
                0x0000000000002a30                nrf_ringbuf_init
 *fill*         0x0000000000002a6a        0x2 
 .text.nrf_strerror_get
                0x0000000000002a6c       0x28 Output/twi_scanner_pca10040 Debug/Obj/nrf_strerror.o
                0x0000000000002a6c                nrf_strerror_get
 .text.nrf_strerror_find
                0x0000000000002a94       0x68 Output/twi_scanner_pca10040 Debug/Obj/nrf_strerror.o
                0x0000000000002a94                nrf_strerror_find
 .text.nrfx_coredep_delay_us
                0x0000000000002afc       0x30 Output/twi_scanner_pca10040 Debug/Obj/nrf_drv_twi.o
 .text.nrf_gpio_pin_port_decode
                0x0000000000002b2c       0x28 Output/twi_scanner_pca10040 Debug/Obj/nrf_drv_twi.o
 .text.nrf_gpio_pin_set
                0x0000000000002b54       0x28 Output/twi_scanner_pca10040 Debug/Obj/nrf_drv_twi.o
 .text.nrf_gpio_pin_clear
                0x0000000000002b7c       0x28 Output/twi_scanner_pca10040 Debug/Obj/nrf_drv_twi.o
 .text.nrf_gpio_pin_read
                0x0000000000002ba4       0x2a Output/twi_scanner_pca10040 Debug/Obj/nrf_drv_twi.o
 .text.nrf_gpio_port_in_read
                0x0000000000002bce       0x10 Output/twi_scanner_pca10040 Debug/Obj/nrf_drv_twi.o
 .text.nrf_gpio_port_out_set
                0x0000000000002bde       0x14 Output/twi_scanner_pca10040 Debug/Obj/nrf_drv_twi.o
 .text.nrf_gpio_port_out_clear
                0x0000000000002bf2       0x14 Output/twi_scanner_pca10040 Debug/Obj/nrf_drv_twi.o
 .text.twi_clear_bus
                0x0000000000002c06       0xde Output/twi_scanner_pca10040 Debug/Obj/nrf_drv_twi.o
 .text.twim_evt_handler
                0x0000000000002ce4       0x6c Output/twi_scanner_pca10040 Debug/Obj/nrf_drv_twi.o
 .text.nrf_drv_twi_init
                0x0000000000002d50       0x68 Output/twi_scanner_pca10040 Debug/Obj/nrf_drv_twi.o
                0x0000000000002d50                nrf_drv_twi_init
 .text.uarte_evt_handler
                0x0000000000002db8       0x50 Output/twi_scanner_pca10040 Debug/Obj/nrf_drv_uart.o
 .text.uart_evt_handler
                0x0000000000002e08       0x50 Output/twi_scanner_pca10040 Debug/Obj/nrf_drv_uart.o
 .text.nrf_drv_uart_init
                0x0000000000002e58       0xc0 Output/twi_scanner_pca10040 Debug/Obj/nrf_drv_uart.o
                0x0000000000002e58                nrf_drv_uart_init
 .text.UARTE0_UART0_IRQHandler
                0x0000000000002f18       0x24 Output/twi_scanner_pca10040 Debug/Obj/nrfx_prs.o
                0x0000000000002f18                UARTE0_UART0_IRQHandler
 .text.prs_box_get
                0x0000000000002f3c       0x20 Output/twi_scanner_pca10040 Debug/Obj/nrfx_prs.o
 .text.nrfx_prs_acquire
                0x0000000000002f5c       0x74 Output/twi_scanner_pca10040 Debug/Obj/nrfx_prs.o
                0x0000000000002f5c                nrfx_prs_acquire
 .text.nrfx_prs_release
                0x0000000000002fd0       0x3c Output/twi_scanner_pca10040 Debug/Obj/nrfx_prs.o
                0x0000000000002fd0                nrfx_prs_release
 .text.NVIC_EnableIRQ
                0x000000000000300c       0x2c Output/twi_scanner_pca10040 Debug/Obj/nrfx_twim.o
 .text.NVIC_SetPriority
                0x0000000000003038       0x50 Output/twi_scanner_pca10040 Debug/Obj/nrfx_twim.o
 .text.nrfx_is_in_ram
                0x0000000000003088       0x1c Output/twi_scanner_pca10040 Debug/Obj/nrfx_twim.o
 .text.nrfx_get_irq_number
                0x00000000000030a4       0x10 Output/twi_scanner_pca10040 Debug/Obj/nrfx_twim.o
 .text._NRFX_IRQ_PRIORITY_SET
                0x00000000000030b4       0x40 Output/twi_scanner_pca10040 Debug/Obj/nrfx_twim.o
 .text._NRFX_IRQ_ENABLE
                0x00000000000030f4       0x1c Output/twi_scanner_pca10040 Debug/Obj/nrfx_twim.o
 .text.nrf_twim_task_trigger
                0x0000000000003110       0x1c Output/twi_scanner_pca10040 Debug/Obj/nrfx_twim.o
 .text.nrf_twim_event_clear
                0x000000000000312c       0x2a Output/twi_scanner_pca10040 Debug/Obj/nrfx_twim.o
 .text.nrf_twim_event_check
                0x0000000000003156       0x24 Output/twi_scanner_pca10040 Debug/Obj/nrfx_twim.o
 .text.nrf_twim_int_enable
                0x000000000000317a       0x14 Output/twi_scanner_pca10040 Debug/Obj/nrfx_twim.o
 .text.nrf_twim_int_disable
                0x000000000000318e       0x14 Output/twi_scanner_pca10040 Debug/Obj/nrfx_twim.o
 .text.nrf_twim_enable
                0x00000000000031a2       0x12 Output/twi_scanner_pca10040 Debug/Obj/nrfx_twim.o
 .text.nrf_twim_pins_set
                0x00000000000031b4       0x1e Output/twi_scanner_pca10040 Debug/Obj/nrfx_twim.o
 .text.nrf_twim_frequency_set
                0x00000000000031d2       0x14 Output/twi_scanner_pca10040 Debug/Obj/nrfx_twim.o
 .text.nrf_twim_errorsrc_get_and_clear
                0x00000000000031e6       0x1c Output/twi_scanner_pca10040 Debug/Obj/nrfx_twim.o
 .text.nrf_twim_address_set
                0x0000000000003202       0x1a Output/twi_scanner_pca10040 Debug/Obj/nrfx_twim.o
 .text.nrf_twim_tx_buffer_set
                0x000000000000321c       0x1e Output/twi_scanner_pca10040 Debug/Obj/nrfx_twim.o
 .text.nrf_twim_rx_buffer_set
                0x000000000000323a       0x1e Output/twi_scanner_pca10040 Debug/Obj/nrfx_twim.o
 .text.nrf_twim_shorts_set
                0x0000000000003258       0x14 Output/twi_scanner_pca10040 Debug/Obj/nrfx_twim.o
 .text.nrf_twim_txd_amount_get
                0x000000000000326c       0x10 Output/twi_scanner_pca10040 Debug/Obj/nrfx_twim.o
 .text.nrf_twim_rxd_amount_get
                0x000000000000327c       0x10 Output/twi_scanner_pca10040 Debug/Obj/nrfx_twim.o
 .text.nrf_twim_tx_list_enable
                0x000000000000328c       0x12 Output/twi_scanner_pca10040 Debug/Obj/nrfx_twim.o
 .text.nrf_twim_tx_list_disable
                0x000000000000329e       0x12 Output/twi_scanner_pca10040 Debug/Obj/nrfx_twim.o
 .text.nrf_twim_rx_list_enable
                0x00000000000032b0       0x12 Output/twi_scanner_pca10040 Debug/Obj/nrfx_twim.o
 .text.nrf_twim_rx_list_disable
                0x00000000000032c2       0x12 Output/twi_scanner_pca10040 Debug/Obj/nrfx_twim.o
 .text.nrf_gpio_pin_port_decode
                0x00000000000032d4       0x28 Output/twi_scanner_pca10040 Debug/Obj/nrfx_twim.o
 .text.nrf_gpio_cfg
                0x00000000000032fc       0x62 Output/twi_scanner_pca10040 Debug/Obj/nrfx_twim.o
 .text.twi_process_error
                0x000000000000335e       0x30 Output/twi_scanner_pca10040 Debug/Obj/nrfx_twim.o
 *fill*         0x000000000000338e        0x2 
 .text.nrfx_twim_init
                0x0000000000003390      0x148 Output/twi_scanner_pca10040 Debug/Obj/nrfx_twim.o
                0x0000000000003390                nrfx_twim_init
 .text.nrfx_twim_enable
                0x00000000000034d8       0x50 Output/twi_scanner_pca10040 Debug/Obj/nrfx_twim.o
                0x00000000000034d8                nrfx_twim_enable
 .text.twim_list_enable_handle
                0x0000000000003528       0x40 Output/twi_scanner_pca10040 Debug/Obj/nrfx_twim.o
 .text.twim_xfer
                0x0000000000003568      0x388 Output/twi_scanner_pca10040 Debug/Obj/nrfx_twim.o
 .text.nrfx_twim_xfer
                0x00000000000038f0       0xb0 Output/twi_scanner_pca10040 Debug/Obj/nrfx_twim.o
                0x00000000000038f0                nrfx_twim_xfer
 .text.nrfx_twim_tx
                0x00000000000039a0       0x50 Output/twi_scanner_pca10040 Debug/Obj/nrfx_twim.o
                0x00000000000039a0                nrfx_twim_tx
 .text.nrfx_twim_rx
                0x00000000000039f0       0x4a Output/twi_scanner_pca10040 Debug/Obj/nrfx_twim.o
                0x00000000000039f0                nrfx_twim_rx
 *fill*         0x0000000000003a3a        0x2 
 .text.twim_irq_handler
                0x0000000000003a3c      0x214 Output/twi_scanner_pca10040 Debug/Obj/nrfx_twim.o
 .text.SPIM0_SPIS0_TWIM0_TWIS0_SPI0_TWI0_IRQHandler
                0x0000000000003c50       0x18 Output/twi_scanner_pca10040 Debug/Obj/nrfx_twim.o
                0x0000000000003c50                SPIM0_SPIS0_TWIM0_TWIS0_SPI0_TWI0_IRQHandler
 .text.SPIM1_SPIS1_TWIM1_TWIS1_SPI1_TWI1_IRQHandler
                0x0000000000003c68       0x14 Output/twi_scanner_pca10040 Debug/Obj/nrfx_twim.o
                0x0000000000003c68                SPIM1_SPIS1_TWIM1_TWIS1_SPI1_TWI1_IRQHandler
 .text.NVIC_EnableIRQ
                0x0000000000003c7c       0x2c Output/twi_scanner_pca10040 Debug/Obj/nrfx_uart.o
 .text.NVIC_DisableIRQ
                0x0000000000003ca8       0x30 Output/twi_scanner_pca10040 Debug/Obj/nrfx_uart.o
 .text.NVIC_SetPriority
                0x0000000000003cd8       0x50 Output/twi_scanner_pca10040 Debug/Obj/nrfx_uart.o
 .text.nrfx_get_irq_number
                0x0000000000003d28       0x10 Output/twi_scanner_pca10040 Debug/Obj/nrfx_uart.o
 .text._NRFX_IRQ_PRIORITY_SET
                0x0000000000003d38       0x40 Output/twi_scanner_pca10040 Debug/Obj/nrfx_uart.o
 .text._NRFX_IRQ_ENABLE
                0x0000000000003d78       0x1c Output/twi_scanner_pca10040 Debug/Obj/nrfx_uart.o
 .text._NRFX_IRQ_DISABLE
                0x0000000000003d94       0x1c Output/twi_scanner_pca10040 Debug/Obj/nrfx_uart.o
 .text.nrf_uart_event_clear
                0x0000000000003db0       0x2a Output/twi_scanner_pca10040 Debug/Obj/nrfx_uart.o
 .text.nrf_uart_event_check
                0x0000000000003dda       0x24 Output/twi_scanner_pca10040 Debug/Obj/nrfx_uart.o
 .text.nrf_uart_int_enable
                0x0000000000003dfe       0x14 Output/twi_scanner_pca10040 Debug/Obj/nrfx_uart.o
 .text.nrf_uart_int_enable_check
                0x0000000000003e12       0x20 Output/twi_scanner_pca10040 Debug/Obj/nrfx_uart.o
 .text.nrf_uart_int_disable
                0x0000000000003e32       0x14 Output/twi_scanner_pca10040 Debug/Obj/nrfx_uart.o
 .text.nrf_uart_errorsrc_get_and_clear
                0x0000000000003e46       0x1c Output/twi_scanner_pca10040 Debug/Obj/nrfx_uart.o
 .text.nrf_uart_enable
                0x0000000000003e62       0x12 Output/twi_scanner_pca10040 Debug/Obj/nrfx_uart.o
 .text.nrf_uart_disable
                0x0000000000003e74       0x12 Output/twi_scanner_pca10040 Debug/Obj/nrfx_uart.o
 .text.nrf_uart_txrx_pins_set
                0x0000000000003e86       0x1e Output/twi_scanner_pca10040 Debug/Obj/nrfx_uart.o
 .text.nrf_uart_txrx_pins_disconnect
                0x0000000000003ea4       0x1c Output/twi_scanner_pca10040 Debug/Obj/nrfx_uart.o
 .text.nrf_uart_tx_pin_get
                0x0000000000003ec0       0x10 Output/twi_scanner_pca10040 Debug/Obj/nrfx_uart.o
 .text.nrf_uart_rx_pin_get
                0x0000000000003ed0       0x10 Output/twi_scanner_pca10040 Debug/Obj/nrfx_uart.o
 .text.nrf_uart_rts_pin_get
                0x0000000000003ee0       0x10 Output/twi_scanner_pca10040 Debug/Obj/nrfx_uart.o
 .text.nrf_uart_cts_pin_get
                0x0000000000003ef0       0x10 Output/twi_scanner_pca10040 Debug/Obj/nrfx_uart.o
 .text.nrf_uart_hwfc_pins_set
                0x0000000000003f00       0x1e Output/twi_scanner_pca10040 Debug/Obj/nrfx_uart.o
 .text.nrf_uart_hwfc_pins_disconnect
                0x0000000000003f1e       0x1c Output/twi_scanner_pca10040 Debug/Obj/nrfx_uart.o
 .text.nrf_uart_rxd_get
                0x0000000000003f3a       0x12 Output/twi_scanner_pca10040 Debug/Obj/nrfx_uart.o
 .text.nrf_uart_txd_set
                0x0000000000003f4c       0x1a Output/twi_scanner_pca10040 Debug/Obj/nrfx_uart.o
 .text.nrf_uart_task_trigger
                0x0000000000003f66       0x1c Output/twi_scanner_pca10040 Debug/Obj/nrfx_uart.o
 .text.nrf_uart_configure
                0x0000000000003f82       0x2a Output/twi_scanner_pca10040 Debug/Obj/nrfx_uart.o
 .text.nrf_uart_baudrate_set
                0x0000000000003fac       0x14 Output/twi_scanner_pca10040 Debug/Obj/nrfx_uart.o
 .text.nrf_gpio_pin_port_decode
                0x0000000000003fc0       0x28 Output/twi_scanner_pca10040 Debug/Obj/nrfx_uart.o
 .text.nrf_gpio_cfg
                0x0000000000003fe8       0x62 Output/twi_scanner_pca10040 Debug/Obj/nrfx_uart.o
 .text.nrf_gpio_cfg_output
                0x000000000000404a       0x22 Output/twi_scanner_pca10040 Debug/Obj/nrfx_uart.o
 .text.nrf_gpio_cfg_input
                0x000000000000406c       0x2c Output/twi_scanner_pca10040 Debug/Obj/nrfx_uart.o
 .text.nrf_gpio_cfg_default
                0x0000000000004098       0x22 Output/twi_scanner_pca10040 Debug/Obj/nrfx_uart.o
 .text.nrf_gpio_pin_set
                0x00000000000040ba       0x28 Output/twi_scanner_pca10040 Debug/Obj/nrfx_uart.o
 .text.nrf_gpio_port_out_set
                0x00000000000040e2       0x14 Output/twi_scanner_pca10040 Debug/Obj/nrfx_uart.o
 .text.apply_config
                0x00000000000040f6       0xc6 Output/twi_scanner_pca10040 Debug/Obj/nrfx_uart.o
 .text.interrupts_enable
                0x00000000000041bc       0x6c Output/twi_scanner_pca10040 Debug/Obj/nrfx_uart.o
 .text.interrupts_disable
                0x0000000000004228       0x30 Output/twi_scanner_pca10040 Debug/Obj/nrfx_uart.o
 .text.pins_to_default
                0x0000000000004258       0x8a Output/twi_scanner_pca10040 Debug/Obj/nrfx_uart.o
 *fill*         0x00000000000042e2        0x2 
 .text.nrfx_uart_init
                0x00000000000042e4       0xd4 Output/twi_scanner_pca10040 Debug/Obj/nrfx_uart.o
                0x00000000000042e4                nrfx_uart_init
 .text.nrfx_uart_uninit
                0x00000000000043b8       0x5c Output/twi_scanner_pca10040 Debug/Obj/nrfx_uart.o
                0x00000000000043b8                nrfx_uart_uninit
 .text.tx_byte  0x0000000000004414       0x40 Output/twi_scanner_pca10040 Debug/Obj/nrfx_uart.o
 .text.tx_blocking
                0x0000000000004454       0x4e Output/twi_scanner_pca10040 Debug/Obj/nrfx_uart.o
 *fill*         0x00000000000044a2        0x2 
 .text.nrfx_uart_tx
                0x00000000000044a4      0x110 Output/twi_scanner_pca10040 Debug/Obj/nrfx_uart.o
                0x00000000000044a4                nrfx_uart_tx
 .text.nrfx_uart_tx_in_progress
                0x00000000000045b4       0x2c Output/twi_scanner_pca10040 Debug/Obj/nrfx_uart.o
                0x00000000000045b4                nrfx_uart_tx_in_progress
 .text.rx_byte  0x00000000000045e0       0x4e Output/twi_scanner_pca10040 Debug/Obj/nrfx_uart.o
 .text.rx_done_event
                0x000000000000462e       0x2e Output/twi_scanner_pca10040 Debug/Obj/nrfx_uart.o
 .text.tx_done_event
                0x000000000000465c       0x34 Output/twi_scanner_pca10040 Debug/Obj/nrfx_uart.o
 .text.uart_irq_handler
                0x0000000000004690      0x1da Output/twi_scanner_pca10040 Debug/Obj/nrfx_uart.o
 *fill*         0x000000000000486a        0x2 
 .text.nrfx_uart_0_irq_handler
                0x000000000000486c       0x18 Output/twi_scanner_pca10040 Debug/Obj/nrfx_uart.o
                0x000000000000486c                nrfx_uart_0_irq_handler
 .text.NVIC_EnableIRQ
                0x0000000000004884       0x2c Output/twi_scanner_pca10040 Debug/Obj/nrfx_uarte.o
 .text.NVIC_DisableIRQ
                0x00000000000048b0       0x30 Output/twi_scanner_pca10040 Debug/Obj/nrfx_uarte.o
 .text.NVIC_SetPriority
                0x00000000000048e0       0x50 Output/twi_scanner_pca10040 Debug/Obj/nrfx_uarte.o
 .text.nrfx_is_in_ram
                0x0000000000004930       0x1c Output/twi_scanner_pca10040 Debug/Obj/nrfx_uarte.o
 .text.nrfx_get_irq_number
                0x000000000000494c       0x10 Output/twi_scanner_pca10040 Debug/Obj/nrfx_uarte.o
 .text._NRFX_IRQ_PRIORITY_SET
                0x000000000000495c       0x40 Output/twi_scanner_pca10040 Debug/Obj/nrfx_uarte.o
 .text._NRFX_IRQ_ENABLE
                0x000000000000499c       0x1c Output/twi_scanner_pca10040 Debug/Obj/nrfx_uarte.o
 .text._NRFX_IRQ_DISABLE
                0x00000000000049b8       0x1c Output/twi_scanner_pca10040 Debug/Obj/nrfx_uarte.o
 .text.nrf_uarte_event_clear
                0x00000000000049d4       0x2a Output/twi_scanner_pca10040 Debug/Obj/nrfx_uarte.o
 .text.nrf_uarte_event_check
                0x00000000000049fe       0x24 Output/twi_scanner_pca10040 Debug/Obj/nrfx_uarte.o
 .text.nrf_uarte_shorts_disable
                0x0000000000004a22       0x1e Output/twi_scanner_pca10040 Debug/Obj/nrfx_uarte.o
 .text.nrf_uarte_int_enable
                0x0000000000004a40       0x14 Output/twi_scanner_pca10040 Debug/Obj/nrfx_uarte.o
 .text.nrf_uarte_int_disable
                0x0000000000004a54       0x14 Output/twi_scanner_pca10040 Debug/Obj/nrfx_uarte.o
 .text.nrf_uarte_errorsrc_get_and_clear
                0x0000000000004a68       0x1c Output/twi_scanner_pca10040 Debug/Obj/nrfx_uarte.o
 .text.nrf_uarte_enable
                0x0000000000004a84       0x12 Output/twi_scanner_pca10040 Debug/Obj/nrfx_uarte.o
 .text.nrf_uarte_disable
                0x0000000000004a96       0x12 Output/twi_scanner_pca10040 Debug/Obj/nrfx_uarte.o
 .text.nrf_uarte_txrx_pins_set
                0x0000000000004aa8       0x1e Output/twi_scanner_pca10040 Debug/Obj/nrfx_uarte.o
 .text.nrf_uarte_txrx_pins_disconnect
                0x0000000000004ac6       0x1c Output/twi_scanner_pca10040 Debug/Obj/nrfx_uarte.o
 .text.nrf_uarte_tx_pin_get
                0x0000000000004ae2       0x10 Output/twi_scanner_pca10040 Debug/Obj/nrfx_uarte.o
 .text.nrf_uarte_rx_pin_get
                0x0000000000004af2       0x10 Output/twi_scanner_pca10040 Debug/Obj/nrfx_uarte.o
 .text.nrf_uarte_rts_pin_get
                0x0000000000004b02       0x10 Output/twi_scanner_pca10040 Debug/Obj/nrfx_uarte.o
 .text.nrf_uarte_cts_pin_get
                0x0000000000004b12       0x10 Output/twi_scanner_pca10040 Debug/Obj/nrfx_uarte.o
 .text.nrf_uarte_hwfc_pins_set
                0x0000000000004b22       0x1e Output/twi_scanner_pca10040 Debug/Obj/nrfx_uarte.o
 .text.nrf_uarte_hwfc_pins_disconnect
                0x0000000000004b40       0x1c Output/twi_scanner_pca10040 Debug/Obj/nrfx_uarte.o
 .text.nrf_uarte_task_trigger
                0x0000000000004b5c       0x1c Output/twi_scanner_pca10040 Debug/Obj/nrfx_uarte.o
 .text.nrf_uarte_configure
                0x0000000000004b78       0x2a Output/twi_scanner_pca10040 Debug/Obj/nrfx_uarte.o
 .text.nrf_uarte_baudrate_set
                0x0000000000004ba2       0x14 Output/twi_scanner_pca10040 Debug/Obj/nrfx_uarte.o
 .text.nrf_uarte_tx_buffer_set
                0x0000000000004bb6       0x1e Output/twi_scanner_pca10040 Debug/Obj/nrfx_uarte.o
 .text.nrf_uarte_tx_amount_get
                0x0000000000004bd4       0x10 Output/twi_scanner_pca10040 Debug/Obj/nrfx_uarte.o
 .text.nrf_uarte_rx_amount_get
                0x0000000000004be4       0x10 Output/twi_scanner_pca10040 Debug/Obj/nrfx_uarte.o
 .text.nrf_gpio_pin_port_decode
                0x0000000000004bf4       0x28 Output/twi_scanner_pca10040 Debug/Obj/nrfx_uarte.o
 .text.nrf_gpio_cfg
                0x0000000000004c1c       0x62 Output/twi_scanner_pca10040 Debug/Obj/nrfx_uarte.o
 .text.nrf_gpio_cfg_output
                0x0000000000004c7e       0x22 Output/twi_scanner_pca10040 Debug/Obj/nrfx_uarte.o
 .text.nrf_gpio_cfg_input
                0x0000000000004ca0       0x2c Output/twi_scanner_pca10040 Debug/Obj/nrfx_uarte.o
 .text.nrf_gpio_cfg_default
                0x0000000000004ccc       0x22 Output/twi_scanner_pca10040 Debug/Obj/nrfx_uarte.o
 .text.nrf_gpio_pin_set
                0x0000000000004cee       0x28 Output/twi_scanner_pca10040 Debug/Obj/nrfx_uarte.o
 .text.nrf_gpio_port_out_set
                0x0000000000004d16       0x14 Output/twi_scanner_pca10040 Debug/Obj/nrfx_uarte.o
 .text.apply_config
                0x0000000000004d2a       0xc6 Output/twi_scanner_pca10040 Debug/Obj/nrfx_uarte.o
 .text.interrupts_enable
                0x0000000000004df0       0x88 Output/twi_scanner_pca10040 Debug/Obj/nrfx_uarte.o
 .text.interrupts_disable
                0x0000000000004e78       0x30 Output/twi_scanner_pca10040 Debug/Obj/nrfx_uarte.o
 .text.pins_to_default
                0x0000000000004ea8       0x8a Output/twi_scanner_pca10040 Debug/Obj/nrfx_uarte.o
 *fill*         0x0000000000004f32        0x2 
 .text.nrfx_uarte_init
                0x0000000000004f34       0xcc Output/twi_scanner_pca10040 Debug/Obj/nrfx_uarte.o
                0x0000000000004f34                nrfx_uarte_init
 .text.nrfx_uarte_uninit
                0x0000000000005000       0x5c Output/twi_scanner_pca10040 Debug/Obj/nrfx_uarte.o
                0x0000000000005000                nrfx_uarte_uninit
 .text.nrfx_uarte_tx
                0x000000000000505c      0x154 Output/twi_scanner_pca10040 Debug/Obj/nrfx_uarte.o
                0x000000000000505c                nrfx_uarte_tx
 .text.nrfx_uarte_tx_in_progress
                0x00000000000051b0       0x30 Output/twi_scanner_pca10040 Debug/Obj/nrfx_uarte.o
                0x00000000000051b0                nrfx_uarte_tx_in_progress
 .text.rx_done_event
                0x00000000000051e0       0x2e Output/twi_scanner_pca10040 Debug/Obj/nrfx_uarte.o
 .text.tx_done_event
                0x000000000000520e       0x34 Output/twi_scanner_pca10040 Debug/Obj/nrfx_uarte.o
 .text.uarte_irq_handler
                0x0000000000005242      0x152 Output/twi_scanner_pca10040 Debug/Obj/nrfx_uarte.o
 .text.nrfx_uarte_0_irq_handler
                0x0000000000005394       0x18 Output/twi_scanner_pca10040 Debug/Obj/nrfx_uarte.o
                0x0000000000005394                nrfx_uarte_0_irq_handler
 .text.NVIC_EnableIRQ
                0x00000000000053ac       0x2c Output/twi_scanner_pca10040 Debug/Obj/nrfx_gpiote.o
 .text.NVIC_SetPriority
                0x00000000000053d8       0x50 Output/twi_scanner_pca10040 Debug/Obj/nrfx_gpiote.o
 .text._NRFX_IRQ_PRIORITY_SET
                0x0000000000005428       0x40 Output/twi_scanner_pca10040 Debug/Obj/nrfx_gpiote.o
 .text._NRFX_IRQ_ENABLE
                0x0000000000005468       0x1c Output/twi_scanner_pca10040 Debug/Obj/nrfx_gpiote.o
 .text.nrf_gpiote_event_is_set
                0x0000000000005484       0x2a Output/twi_scanner_pca10040 Debug/Obj/nrfx_gpiote.o
 .text.nrf_gpiote_event_clear
                0x00000000000054ae       0x36 Output/twi_scanner_pca10040 Debug/Obj/nrfx_gpiote.o
 .text.nrf_gpiote_event_addr_get
                0x00000000000054e4       0x1a Output/twi_scanner_pca10040 Debug/Obj/nrfx_gpiote.o
 *fill*         0x00000000000054fe        0x2 
 .text.nrf_gpiote_int_enable
                0x0000000000005500       0x18 Output/twi_scanner_pca10040 Debug/Obj/nrfx_gpiote.o
 .text.nrf_gpiote_int_is_enabled
                0x0000000000005518       0x18 Output/twi_scanner_pca10040 Debug/Obj/nrfx_gpiote.o
 .text.nrf_gpiote_event_enable
                0x0000000000005530       0x2c Output/twi_scanner_pca10040 Debug/Obj/nrfx_gpiote.o
 .text.nrf_gpiote_event_configure
                0x000000000000555c       0x64 Output/twi_scanner_pca10040 Debug/Obj/nrfx_gpiote.o
 .text.nrf_gpiote_event_pin_get
                0x00000000000055c0       0x20 Output/twi_scanner_pca10040 Debug/Obj/nrfx_gpiote.o
 .text.nrf_gpiote_event_polarity_get
                0x00000000000055e0       0x24 Output/twi_scanner_pca10040 Debug/Obj/nrfx_gpiote.o
 .text.nrf_gpio_pin_port_decode
                0x0000000000005604       0x28 Output/twi_scanner_pca10040 Debug/Obj/nrfx_gpiote.o
 .text.nrf_gpio_cfg
                0x000000000000562c       0x62 Output/twi_scanner_pca10040 Debug/Obj/nrfx_gpiote.o
 .text.nrf_gpio_cfg_input
                0x000000000000568e       0x2c Output/twi_scanner_pca10040 Debug/Obj/nrfx_gpiote.o
 .text.nrf_gpio_cfg_watcher
                0x00000000000056ba       0x38 Output/twi_scanner_pca10040 Debug/Obj/nrfx_gpiote.o
 .text.nrf_gpio_cfg_sense_set
                0x00000000000056f2       0x5c Output/twi_scanner_pca10040 Debug/Obj/nrfx_gpiote.o
 .text.nrf_gpio_pin_read
                0x000000000000574e       0x2a Output/twi_scanner_pca10040 Debug/Obj/nrfx_gpiote.o
 .text.nrf_gpio_pin_sense_get
                0x0000000000005778       0x2c Output/twi_scanner_pca10040 Debug/Obj/nrfx_gpiote.o
 .text.nrf_gpio_port_in_read
                0x00000000000057a4       0x10 Output/twi_scanner_pca10040 Debug/Obj/nrfx_gpiote.o
 .text.nrf_gpio_ports_read
                0x00000000000057b4       0x68 Output/twi_scanner_pca10040 Debug/Obj/nrfx_gpiote.o
 .text.nrf_bitmask_bit_is_set
                0x000000000000581c       0x30 Output/twi_scanner_pca10040 Debug/Obj/nrfx_gpiote.o
 .text.nrf_bitmask_bit_set
                0x000000000000584c       0x40 Output/twi_scanner_pca10040 Debug/Obj/nrfx_gpiote.o
 .text.pin_in_use_by_te
                0x000000000000588c       0x3c Output/twi_scanner_pca10040 Debug/Obj/nrfx_gpiote.o
 .text.pin_in_use_by_port
                0x00000000000058c8       0x24 Output/twi_scanner_pca10040 Debug/Obj/nrfx_gpiote.o
 .text.pin_in_use_by_gpiote
                0x00000000000058ec       0x24 Output/twi_scanner_pca10040 Debug/Obj/nrfx_gpiote.o
 .text.pin_in_use_by_te_set
                0x0000000000005910       0x50 Output/twi_scanner_pca10040 Debug/Obj/nrfx_gpiote.o
 .text.pin_in_use_clear
                0x0000000000005960       0x1c Output/twi_scanner_pca10040 Debug/Obj/nrfx_gpiote.o
 .text.pin_configured_set
                0x000000000000597c       0x1c Output/twi_scanner_pca10040 Debug/Obj/nrfx_gpiote.o
 .text.channel_port_get
                0x0000000000005998       0x1c Output/twi_scanner_pca10040 Debug/Obj/nrfx_gpiote.o
 .text.channel_handler_get
                0x00000000000059b4       0x18 Output/twi_scanner_pca10040 Debug/Obj/nrfx_gpiote.o
 .text.channel_port_alloc
                0x00000000000059cc       0x7c Output/twi_scanner_pca10040 Debug/Obj/nrfx_gpiote.o
 .text.channel_free
                0x0000000000005a48       0x38 Output/twi_scanner_pca10040 Debug/Obj/nrfx_gpiote.o
 .text.nrfx_gpiote_init
                0x0000000000005a80       0xa4 Output/twi_scanner_pca10040 Debug/Obj/nrfx_gpiote.o
                0x0000000000005a80                nrfx_gpiote_init
 .text.nrfx_gpiote_in_init
                0x0000000000005b24       0xf4 Output/twi_scanner_pca10040 Debug/Obj/nrfx_gpiote.o
                0x0000000000005b24                nrfx_gpiote_in_init
 .text.nrfx_gpiote_in_event_enable
                0x0000000000005c18      0x110 Output/twi_scanner_pca10040 Debug/Obj/nrfx_gpiote.o
                0x0000000000005c18                nrfx_gpiote_in_event_enable
 .text.GPIOTE_IRQHandler
                0x0000000000005d28      0x2e0 Output/twi_scanner_pca10040 Debug/Obj/nrfx_gpiote.o
                0x0000000000005d28                GPIOTE_IRQHandler
 .text.nrfx_coredep_delay_us
                0x0000000000006008       0x30 Output/twi_scanner_pca10040 Debug/Obj/main.o
 .text.nrf_drv_twi_enable
                0x0000000000006038       0x18 Output/twi_scanner_pca10040 Debug/Obj/main.o
 .text.nrf_drv_twi_tx
                0x0000000000006050       0x40 Output/twi_scanner_pca10040 Debug/Obj/main.o
 .text.nrf_drv_twi_rx
                0x0000000000006090       0x38 Output/twi_scanner_pca10040 Debug/Obj/main.o
 .text.nrf_delay_ms
                0x00000000000060c8       0x2a Output/twi_scanner_pca10040 Debug/Obj/main.o
 *fill*         0x00000000000060f2        0x2 
 .text.twi_init
                0x00000000000060f4       0x4c Output/twi_scanner_pca10040 Debug/Obj/main.o
                0x00000000000060f4                twi_init
 .text.user_spi_read
                0x0000000000006140       0xac Output/twi_scanner_pca10040 Debug/Obj/main.o
                0x0000000000006140                user_spi_read
 .text.user_spi_write
                0x00000000000061ec       0xe0 Output/twi_scanner_pca10040 Debug/Obj/main.o
                0x00000000000061ec                user_spi_write
 .text.sensor_init
                0x00000000000062cc       0x48 Output/twi_scanner_pca10040 Debug/Obj/main.o
                0x00000000000062cc                sensor_init
 .text.sensor_config
                0x0000000000006314       0x44 Output/twi_scanner_pca10040 Debug/Obj/main.o
                0x0000000000006314                sensor_config
 .text.sensor_config_interrupt
                0x0000000000006358       0x9c Output/twi_scanner_pca10040 Debug/Obj/main.o
                0x0000000000006358                sensor_config_interrupt
 .text.in_pin_handler
                0x00000000000063f4       0x38 Output/twi_scanner_pca10040 Debug/Obj/main.o
                0x00000000000063f4                in_pin_handler
 .text.gpio_init
                0x000000000000642c       0x6c Output/twi_scanner_pca10040 Debug/Obj/main.o
                0x000000000000642c                gpio_init
 .text.fifo_gyro_header_time_data
                0x0000000000006498      0x290 Output/twi_scanner_pca10040 Debug/Obj/main.o
                0x0000000000006498                fifo_gyro_header_time_data
 .text.main     0x0000000000006728      0x1d8 Output/twi_scanner_pca10040 Debug/Obj/main.o
                0x0000000000006728                main
 .text.bmi160_get_regs
                0x0000000000006900       0x76 Output/twi_scanner_pca10040 Debug/Obj/bmi160.o
                0x0000000000006900                bmi160_get_regs
 .text.bmi160_set_regs
                0x0000000000006976       0xde Output/twi_scanner_pca10040 Debug/Obj/bmi160.o
                0x0000000000006976                bmi160_set_regs
 .text.bmi160_init
                0x0000000000006a54       0xaa Output/twi_scanner_pca10040 Debug/Obj/bmi160.o
                0x0000000000006a54                bmi160_init
 .text.bmi160_soft_reset
                0x0000000000006afe       0x7c Output/twi_scanner_pca10040 Debug/Obj/bmi160.o
                0x0000000000006afe                bmi160_soft_reset
 .text.bmi160_set_sens_conf
                0x0000000000006b7a       0x76 Output/twi_scanner_pca10040 Debug/Obj/bmi160.o
                0x0000000000006b7a                bmi160_set_sens_conf
 .text.bmi160_set_power_mode
                0x0000000000006bf0       0x4e Output/twi_scanner_pca10040 Debug/Obj/bmi160.o
                0x0000000000006bf0                bmi160_set_power_mode
 *fill*         0x0000000000006c3e        0x2 
 .text.bmi160_set_int_config
                0x0000000000006c40      0x138 Output/twi_scanner_pca10040 Debug/Obj/bmi160.o
                0x0000000000006c40                bmi160_set_int_config
 .text.bmi160_get_fifo_data
                0x0000000000006d78       0xe0 Output/twi_scanner_pca10040 Debug/Obj/bmi160.o
                0x0000000000006d78                bmi160_get_fifo_data
 .text.bmi160_set_fifo_flush
                0x0000000000006e58       0x48 Output/twi_scanner_pca10040 Debug/Obj/bmi160.o
                0x0000000000006e58                bmi160_set_fifo_flush
 .text.bmi160_set_fifo_config
                0x0000000000006ea0      0x108 Output/twi_scanner_pca10040 Debug/Obj/bmi160.o
                0x0000000000006ea0                bmi160_set_fifo_config
 .text.bmi160_set_fifo_down
                0x0000000000006fa8       0x7c Output/twi_scanner_pca10040 Debug/Obj/bmi160.o
                0x0000000000006fa8                bmi160_set_fifo_down
 .text.bmi160_extract_gyro
                0x0000000000007024       0xba Output/twi_scanner_pca10040 Debug/Obj/bmi160.o
                0x0000000000007024                bmi160_extract_gyro
 .text.set_accel_any_motion_int
                0x00000000000070de       0x62 Output/twi_scanner_pca10040 Debug/Obj/bmi160.o
 .text.set_accel_tap_int
                0x0000000000007140       0x7a Output/twi_scanner_pca10040 Debug/Obj/bmi160.o
 .text.set_accel_gyro_data_ready_int
                0x00000000000071ba       0x6e Output/twi_scanner_pca10040 Debug/Obj/bmi160.o
 .text.set_accel_sig_motion_int
                0x0000000000007228       0x62 Output/twi_scanner_pca10040 Debug/Obj/bmi160.o
 .text.set_accel_no_motion_int
                0x000000000000728a       0x62 Output/twi_scanner_pca10040 Debug/Obj/bmi160.o
 .text.set_accel_step_detect_int
                0x00000000000072ec       0x8c Output/twi_scanner_pca10040 Debug/Obj/bmi160.o
 .text.set_accel_orientation_int
                0x0000000000007378       0x8c Output/twi_scanner_pca10040 Debug/Obj/bmi160.o
 .text.set_accel_flat_detect_int
                0x0000000000007404       0x8c Output/twi_scanner_pca10040 Debug/Obj/bmi160.o
 .text.set_accel_low_g_int
                0x0000000000007490       0xa2 Output/twi_scanner_pca10040 Debug/Obj/bmi160.o
 .text.set_accel_high_g_int
                0x0000000000007532       0xa2 Output/twi_scanner_pca10040 Debug/Obj/bmi160.o
 .text.set_intr_pin_config
                0x00000000000075d4       0x38 Output/twi_scanner_pca10040 Debug/Obj/bmi160.o
 .text.null_ptr_check
                0x000000000000760c       0x3a Output/twi_scanner_pca10040 Debug/Obj/bmi160.o
 .text.default_param_settg
                0x0000000000007646       0x4a Output/twi_scanner_pca10040 Debug/Obj/bmi160.o
 .text.set_accel_conf
                0x0000000000007690       0x7e Output/twi_scanner_pca10040 Debug/Obj/bmi160.o
 .text.check_accel_config
                0x000000000000770e       0x6c Output/twi_scanner_pca10040 Debug/Obj/bmi160.o
 .text.process_accel_odr
                0x000000000000777a       0x68 Output/twi_scanner_pca10040 Debug/Obj/bmi160.o
 .text.process_accel_bw
                0x00000000000077e2       0x5a Output/twi_scanner_pca10040 Debug/Obj/bmi160.o
 .text.process_accel_range
                0x000000000000783c       0x68 Output/twi_scanner_pca10040 Debug/Obj/bmi160.o
 .text.check_invalid_settg
                0x00000000000078a4       0x84 Output/twi_scanner_pca10040 Debug/Obj/bmi160.o
 .text.set_gyro_conf
                0x0000000000007928       0x7e Output/twi_scanner_pca10040 Debug/Obj/bmi160.o
 .text.check_gyro_config
                0x00000000000079a6       0x6c Output/twi_scanner_pca10040 Debug/Obj/bmi160.o
 .text.process_gyro_odr
                0x0000000000007a12       0x68 Output/twi_scanner_pca10040 Debug/Obj/bmi160.o
 .text.process_gyro_bw
                0x0000000000007a7a       0x60 Output/twi_scanner_pca10040 Debug/Obj/bmi160.o
 .text.process_gyro_range
                0x0000000000007ada       0x68 Output/twi_scanner_pca10040 Debug/Obj/bmi160.o
 .text.set_accel_pwr
                0x0000000000007b42       0x8c Output/twi_scanner_pca10040 Debug/Obj/bmi160.o
 .text.process_under_sampling
                0x0000000000007bce       0xbc Output/twi_scanner_pca10040 Debug/Obj/bmi160.o
 .text.set_gyro_pwr
                0x0000000000007c8a       0x8c Output/twi_scanner_pca10040 Debug/Obj/bmi160.o
 .text.enable_accel_any_motion_int
                0x0000000000007d16       0xf6 Output/twi_scanner_pca10040 Debug/Obj/bmi160.o
 .text.disable_sig_motion_int
                0x0000000000007e0c       0x76 Output/twi_scanner_pca10040 Debug/Obj/bmi160.o
 *fill*         0x0000000000007e82        0x2 
 .text.map_feature_interrupt
                0x0000000000007e84      0x154 Output/twi_scanner_pca10040 Debug/Obj/bmi160.o
 .text.map_hardware_interrupt
                0x0000000000007fd8      0x130 Output/twi_scanner_pca10040 Debug/Obj/bmi160.o
 .text.config_any_motion_src
                0x0000000000008108       0x76 Output/twi_scanner_pca10040 Debug/Obj/bmi160.o
 .text.config_any_dur_threshold
                0x000000000000817e       0x92 Output/twi_scanner_pca10040 Debug/Obj/bmi160.o
 .text.config_any_motion_int_settg
                0x0000000000008210       0x7a Output/twi_scanner_pca10040 Debug/Obj/bmi160.o
 .text.enable_data_ready_int
                0x000000000000828a       0x68 Output/twi_scanner_pca10040 Debug/Obj/bmi160.o
 .text.enable_no_motion_int
                0x00000000000082f2       0xc8 Output/twi_scanner_pca10040 Debug/Obj/bmi160.o
 .text.config_no_motion_int_settg
                0x00000000000083ba       0x66 Output/twi_scanner_pca10040 Debug/Obj/bmi160.o
 .text.config_no_motion_data_src
                0x0000000000008420       0x76 Output/twi_scanner_pca10040 Debug/Obj/bmi160.o
 .text.config_no_motion_dur_thr
                0x0000000000008496      0x10c Output/twi_scanner_pca10040 Debug/Obj/bmi160.o
 .text.enable_sig_motion_int
                0x00000000000085a2       0x94 Output/twi_scanner_pca10040 Debug/Obj/bmi160.o
 .text.config_sig_motion_int_settg
                0x0000000000008636       0x66 Output/twi_scanner_pca10040 Debug/Obj/bmi160.o
 .text.config_sig_motion_data_src
                0x000000000000869c       0x76 Output/twi_scanner_pca10040 Debug/Obj/bmi160.o
 .text.config_sig_dur_threshold
                0x0000000000008712       0xf2 Output/twi_scanner_pca10040 Debug/Obj/bmi160.o
 .text.enable_step_detect_int
                0x0000000000008804       0x7c Output/twi_scanner_pca10040 Debug/Obj/bmi160.o
 .text.config_step_detect
                0x0000000000008880      0x122 Output/twi_scanner_pca10040 Debug/Obj/bmi160.o
 .text.enable_tap_int
                0x00000000000089a2       0xb4 Output/twi_scanner_pca10040 Debug/Obj/bmi160.o
 .text.config_tap_int_settg
                0x0000000000008a56       0x68 Output/twi_scanner_pca10040 Debug/Obj/bmi160.o
 .text.config_tap_data_src
                0x0000000000008abe       0x7c Output/twi_scanner_pca10040 Debug/Obj/bmi160.o
 .text.config_tap_param
                0x0000000000008b3a      0x16e Output/twi_scanner_pca10040 Debug/Obj/bmi160.o
 .text.enable_orient_int
                0x0000000000008ca8       0x7c Output/twi_scanner_pca10040 Debug/Obj/bmi160.o
 .text.config_orient_int_settg
                0x0000000000008d24      0x15a Output/twi_scanner_pca10040 Debug/Obj/bmi160.o
 .text.enable_flat_int
                0x0000000000008e7e       0x76 Output/twi_scanner_pca10040 Debug/Obj/bmi160.o
 .text.config_flat_int_settg
                0x0000000000008ef4       0xe6 Output/twi_scanner_pca10040 Debug/Obj/bmi160.o
 .text.enable_low_g_int
                0x0000000000008fda       0x7c Output/twi_scanner_pca10040 Debug/Obj/bmi160.o
 .text.config_low_g_data_src
                0x0000000000009056       0x76 Output/twi_scanner_pca10040 Debug/Obj/bmi160.o
 .text.config_low_g_int_settg
                0x00000000000090cc       0xba Output/twi_scanner_pca10040 Debug/Obj/bmi160.o
 .text.enable_high_g_int
                0x0000000000009186       0xcc Output/twi_scanner_pca10040 Debug/Obj/bmi160.o
 .text.config_high_g_data_src
                0x0000000000009252       0x76 Output/twi_scanner_pca10040 Debug/Obj/bmi160.o
 .text.config_high_g_int_settg
                0x00000000000092c8       0x8e Output/twi_scanner_pca10040 Debug/Obj/bmi160.o
 .text.config_int_out_ctrl
                0x0000000000009356      0x1b4 Output/twi_scanner_pca10040 Debug/Obj/bmi160.o
 .text.config_int_latch
                0x000000000000950a       0xdc Output/twi_scanner_pca10040 Debug/Obj/bmi160.o
 .text.set_fifo_full_int
                0x00000000000095e6       0x6a Output/twi_scanner_pca10040 Debug/Obj/bmi160.o
 .text.enable_fifo_full_int
                0x0000000000009650       0x70 Output/twi_scanner_pca10040 Debug/Obj/bmi160.o
 .text.set_fifo_watermark_int
                0x00000000000096c0       0x6a Output/twi_scanner_pca10040 Debug/Obj/bmi160.o
 .text.enable_fifo_wtm_int
                0x000000000000972a       0x70 Output/twi_scanner_pca10040 Debug/Obj/bmi160.o
 .text.reset_fifo_data_structure
                0x000000000000979a       0x32 Output/twi_scanner_pca10040 Debug/Obj/bmi160.o
 .text.get_fifo_byte_counter
                0x00000000000097cc       0x62 Output/twi_scanner_pca10040 Debug/Obj/bmi160.o
 .text.get_gyro_len_to_parse
                0x000000000000982e       0xbc Output/twi_scanner_pca10040 Debug/Obj/bmi160.o
 .text.unpack_gyro_frame
                0x00000000000098ea      0x200 Output/twi_scanner_pca10040 Debug/Obj/bmi160.o
 .text.unpack_gyro_data
                0x0000000000009aea       0xde Output/twi_scanner_pca10040 Debug/Obj/bmi160.o
 .text.extract_gyro_header_mode
                0x0000000000009bc8      0x27c Output/twi_scanner_pca10040 Debug/Obj/bmi160.o
 .text.check_frame_validity
                0x0000000000009e44       0x4c Output/twi_scanner_pca10040 Debug/Obj/bmi160.o
 .text.move_next_frame
                0x0000000000009e90       0x46 Output/twi_scanner_pca10040 Debug/Obj/bmi160.o
 .text.unpack_sensortime_frame
                0x0000000000009ed6       0x98 Output/twi_scanner_pca10040 Debug/Obj/bmi160.o
 .text.unpack_skipped_frame
                0x0000000000009f6e       0x46 Output/twi_scanner_pca10040 Debug/Obj/bmi160.o
 .text.NVIC_SystemReset
                0x0000000000009fb4       0x24 Output/twi_scanner_pca10040 Debug/Obj/system_nrf52.o
 .text.SystemCoreClockUpdate
                0x0000000000009fd8       0x14 Output/twi_scanner_pca10040 Debug/Obj/system_nrf52.o
                0x0000000000009fd8                SystemCoreClockUpdate
 .text.SystemInit
                0x0000000000009fec      0x2d4 Output/twi_scanner_pca10040 Debug/Obj/system_nrf52.o
                0x0000000000009fec                SystemInit
 .text.errata_12
                0x000000000000a2c0       0x58 Output/twi_scanner_pca10040 Debug/Obj/system_nrf52.o
 .text.errata_16
                0x000000000000a318       0x38 Output/twi_scanner_pca10040 Debug/Obj/system_nrf52.o
 .text.errata_31
                0x000000000000a350       0x58 Output/twi_scanner_pca10040 Debug/Obj/system_nrf52.o
 .text.errata_32
                0x000000000000a3a8       0x38 Output/twi_scanner_pca10040 Debug/Obj/system_nrf52.o
 .text.errata_36
                0x000000000000a3e0       0x58 Output/twi_scanner_pca10040 Debug/Obj/system_nrf52.o
 .text.errata_37
                0x000000000000a438       0x38 Output/twi_scanner_pca10040 Debug/Obj/system_nrf52.o
 .text.errata_57
                0x000000000000a470       0x38 Output/twi_scanner_pca10040 Debug/Obj/system_nrf52.o
 .text.errata_66
                0x000000000000a4a8       0x38 Output/twi_scanner_pca10040 Debug/Obj/system_nrf52.o
 .text.errata_108
                0x000000000000a4e0       0x58 Output/twi_scanner_pca10040 Debug/Obj/system_nrf52.o
 .text.errata_136
                0x000000000000a538       0x58 Output/twi_scanner_pca10040 Debug/Obj/system_nrf52.o
 .text.errata_182
                0x000000000000a590       0x24 Output/twi_scanner_pca10040 Debug/Obj/system_nrf52.o
 .text.libc.__RAL_ascii_isctype
                0x000000000000a5b4       0x1c C:/Program Files/SEGGER/SEGGER Embedded Studio for ARM 4.12/lib/libc_v7em_fpv4_sp_d16_hard_t_le_eabi.a(libc2.o)
 .text.libc.__RAL_ascii_toupper
                0x000000000000a5d0        0xc C:/Program Files/SEGGER/SEGGER Embedded Studio for ARM 4.12/lib/libc_v7em_fpv4_sp_d16_hard_t_le_eabi.a(libc2.o)
 .text.libc.__RAL_ascii_tolower
                0x000000000000a5dc        0xc C:/Program Files/SEGGER/SEGGER Embedded Studio for ARM 4.12/lib/libc_v7em_fpv4_sp_d16_hard_t_le_eabi.a(libc2.o)
 .text.libc.__RAL_ascii_iswctype
                0x000000000000a5e8       0x1c C:/Program Files/SEGGER/SEGGER Embedded Studio for ARM 4.12/lib/libc_v7em_fpv4_sp_d16_hard_t_le_eabi.a(libc2.o)
 .text.libc.__RAL_ascii_towupper
                0x000000000000a604        0xc C:/Program Files/SEGGER/SEGGER Embedded Studio for ARM 4.12/lib/libc_v7em_fpv4_sp_d16_hard_t_le_eabi.a(libc2.o)
 .text.libc.__RAL_ascii_towlower
                0x000000000000a610        0xc C:/Program Files/SEGGER/SEGGER Embedded Studio for ARM 4.12/lib/libc_v7em_fpv4_sp_d16_hard_t_le_eabi.a(libc2.o)
 .text.libc.__RAL_ascii_wctomb
                0x000000000000a61c        0xe C:/Program Files/SEGGER/SEGGER Embedded Studio for ARM 4.12/lib/libc_v7em_fpv4_sp_d16_hard_t_le_eabi.a(libc2.o)
                0x000000000000a61c                __RAL_ascii_wctomb
 .text.libc.__RAL_ascii_mbtowc
                0x000000000000a62a       0x24 C:/Program Files/SEGGER/SEGGER Embedded Studio for ARM 4.12/lib/libc_v7em_fpv4_sp_d16_hard_t_le_eabi.a(libc2.o)
                0x000000000000a62a                __RAL_ascii_mbtowc
 *fill*         0x000000000000a64e        0x2 
 .text.libc.__RAL_isctype
                0x000000000000a650       0x14 C:/Program Files/SEGGER/SEGGER Embedded Studio for ARM 4.12/lib/libc_v7em_fpv4_sp_d16_hard_t_le_eabi.a(libc2.o)
                0x000000000000a650                __RAL_isctype
 .text.libc.isprint
                0x000000000000a664        0xa C:/Program Files/SEGGER/SEGGER Embedded Studio for ARM 4.12/lib/libc_v7em_fpv4_sp_d16_hard_t_le_eabi.a(libc2.o)
                0x000000000000a664                isprint
 .text.libc.memcpy
                0x000000000000a66e       0x52 C:/Program Files/SEGGER/SEGGER Embedded Studio for ARM 4.12/lib/libc_v7em_fpv4_sp_d16_hard_t_le_eabi.a(libc2_asm.o)
                0x000000000000a66e                __aeabi_memcpy
                0x000000000000a66e                memcpy
                0x000000000000a67a                __aeabi_memcpy8
                0x000000000000a67a                __aeabi_memcpy4
 .text.libc.memset
                0x000000000000a6c0       0x66 C:/Program Files/SEGGER/SEGGER Embedded Studio for ARM 4.12/lib/libc_v7em_fpv4_sp_d16_hard_t_le_eabi.a(libc2_asm.o)
                0x000000000000a6c0                memset
 .text.libc.strlen
                0x000000000000a726       0x60 C:/Program Files/SEGGER/SEGGER Embedded Studio for ARM 4.12/lib/libc_v7em_fpv4_sp_d16_hard_t_le_eabi.a(libc2_asm.o)
                0x000000000000a726                strlen
                0x000000000000a786                __text_end__ = (__text_start__ + SIZEOF (.text))
                0x000000000000a3ae                __text_size__ = SIZEOF (.text)
                0x000000000000a786                __text_load_end__ = __text_end__

.vfp11_veneer   0x0000000100000000        0x0
 .vfp11_veneer  0x0000000100000000        0x0 linker stubs

.v4_bx          0x0000000100000000        0x0
 .v4_bx         0x0000000100000000        0x0 linker stubs

.iplt           0x0000000100000000        0x0
 .iplt          0x0000000100000000        0x0 Output/twi_scanner_pca10040 Debug/Obj/thumb_crt0.o
                0x0000000000000001                . = ASSERT (((__text_start__ == __text_end__) || ((__text_end__ >= __FLASH_segment_start__) && (__text_end__ <= __FLASH_segment_end__))), error: .text is too large to fit in FLASH memory segment)
                0x000000000000a788                __log_const_data_load_start__ = ALIGN (__text_end__, 0x4)

.log_const_data
                0x000000000000a788       0x30
                0x000000000000a788                __log_const_data_start__ = .
                0x000000000000a788                __start_log_const_data = __log_const_data_start__
 *(SORT_BY_NAME(.log_const_data*))
 .log_const_data_GPIOTE
                0x000000000000a788        0x8 Output/twi_scanner_pca10040 Debug/Obj/nrfx_gpiote.o
                0x000000000000a788                m_nrf_log_GPIOTE_logs_data_const
 .log_const_data_PRS
                0x000000000000a790        0x8 Output/twi_scanner_pca10040 Debug/Obj/nrfx_prs.o
                0x000000000000a790                m_nrf_log_PRS_logs_data_const
 .log_const_data_TWIM
                0x000000000000a798        0x8 Output/twi_scanner_pca10040 Debug/Obj/nrfx_twim.o
                0x000000000000a798                m_nrf_log_TWIM_logs_data_const
 .log_const_data_UART
                0x000000000000a7a0        0x8 Output/twi_scanner_pca10040 Debug/Obj/nrfx_uart.o
                0x000000000000a7a0                m_nrf_log_UART_logs_data_const
 .log_const_data_UARTE
                0x000000000000a7a8        0x8 Output/twi_scanner_pca10040 Debug/Obj/nrfx_uarte.o
                0x000000000000a7a8                m_nrf_log_UARTE_logs_data_const
 .log_const_data_app
                0x000000000000a7b0        0x8 Output/twi_scanner_pca10040 Debug/Obj/nrf_log_frontend.o
                0x000000000000a7b0                m_nrf_log_app_logs_data_const
                0x000000000000a7b8                __log_const_data_end__ = (__log_const_data_start__ + SIZEOF (.log_const_data))
                0x0000000000000030                __log_const_data_size__ = SIZEOF (.log_const_data)
                0x000000000000a7b8                __stop_log_const_data = __log_const_data_end__
                0x000000000000a7b8                __log_const_data_load_end__ = __log_const_data_end__
                0x0000000000000001                . = ASSERT (((__log_const_data_start__ == __log_const_data_end__) || ((__log_const_data_end__ >= __FLASH_segment_start__) && (__log_const_data_end__ <= __FLASH_segment_end__))), error: .log_const_data is too large to fit in FLASH memory segment)
                0x000000000000a7b8                __log_backends_load_start__ = ALIGN (__log_const_data_end__, 0x4)

.log_backends   0x000000000000a7b8       0x10
                0x000000000000a7b8                __log_backends_start__ = .
                0x000000000000a7b8                __start_log_backends = __log_backends_start__
 *(SORT_BY_NAME(.log_backends*))
 .log_backends  0x000000000000a7b8       0x10 Output/twi_scanner_pca10040 Debug/Obj/nrf_log_default_backends.o
                0x000000000000a7c8                __log_backends_end__ = (__log_backends_start__ + SIZEOF (.log_backends))
                0x0000000000000010                __log_backends_size__ = SIZEOF (.log_backends)
                0x000000000000a7c8                __stop_log_backends = __log_backends_end__
                0x000000000000a7c8                __log_backends_load_end__ = __log_backends_end__
                0x0000000000000001                . = ASSERT (((__log_backends_start__ == __log_backends_end__) || ((__log_backends_end__ >= __FLASH_segment_start__) && (__log_backends_end__ <= __FLASH_segment_end__))), error: .log_backends is too large to fit in FLASH memory segment)
                0x000000000000a7c8                __nrf_balloc_load_start__ = ALIGN (__log_backends_end__, 0x4)

.nrf_balloc     0x000000000000a7c8       0x14
                0x000000000000a7c8                __nrf_balloc_start__ = .
                0x000000000000a7c8                __start_nrf_balloc = __nrf_balloc_start__
 *(.nrf_balloc*)
 .nrf_balloc    0x000000000000a7c8       0x14 Output/twi_scanner_pca10040 Debug/Obj/nrf_log_frontend.o
                0x000000000000a7c8                log_mempool
                0x000000000000a7dc                __nrf_balloc_end__ = (__nrf_balloc_start__ + SIZEOF (.nrf_balloc))
                0x0000000000000014                __nrf_balloc_size__ = SIZEOF (.nrf_balloc)
                0x000000000000a7dc                __stop_nrf_balloc = __nrf_balloc_end__
                0x000000000000a7dc                __nrf_balloc_load_end__ = __nrf_balloc_end__
                0x0000000000000001                . = ASSERT (((__nrf_balloc_start__ == __nrf_balloc_end__) || ((__nrf_balloc_end__ >= __FLASH_segment_start__) && (__nrf_balloc_end__ <= __FLASH_segment_end__))), error: .nrf_balloc is too large to fit in FLASH memory segment)
                0x000000000000a7dc                __nrf_sections_load_start__ = ALIGN (__nrf_balloc_end__, 0x4)

.nrf_sections   0x000000000000a7dc        0x0
                0x000000000000a7dc                __nrf_sections_start__ = .
                0x000000000000a7dc                __start_nrf_sections = __nrf_sections_start__
 *(.nrf_sections .nrf_sections.*)
                0x000000000000a7dc                __nrf_sections_end__ = (__nrf_sections_start__ + SIZEOF (.nrf_sections))
                0x0000000000000000                __nrf_sections_size__ = SIZEOF (.nrf_sections)
                0x000000000000a7dc                __nrf_sections_load_end__ = __nrf_sections_end__
                0x0000000000000001                . = ASSERT (((__nrf_sections_start__ == __nrf_sections_end__) || ((__nrf_sections_end__ >= __FLASH_segment_start__) && (__nrf_sections_end__ <= __FLASH_segment_end__))), error: .nrf_sections is too large to fit in FLASH memory segment)
                0x000000000000a7dc                __log_dynamic_data_load_start__ = ALIGN (__nrf_sections_end__, 0x4)

.log_dynamic_data
                0x0000000020000000        0x0 load address 0x000000000000a7dc
                0x0000000020000000                __log_dynamic_data_start__ = .
 *(SORT_BY_NAME(.log_dynamic_data*))
                0x0000000020000000                __log_dynamic_data_end__ = (__log_dynamic_data_start__ + SIZEOF (.log_dynamic_data))
                0x0000000000000000                __log_dynamic_data_size__ = SIZEOF (.log_dynamic_data)
                0x000000000000a7dc                __log_dynamic_data_load_end__ = (__log_dynamic_data_load_start__ + SIZEOF (.log_dynamic_data))
                0x0000000000000001                . = ASSERT (((__log_dynamic_data_load_start__ == __log_dynamic_data_load_end__) || ((__log_dynamic_data_load_end__ >= __FLASH_segment_start__) && (__log_dynamic_data_load_end__ <= __FLASH_segment_end__))), error: .log_dynamic_data is too large to fit in FLASH memory segment)

.log_dynamic_data_run
                0x0000000020000000        0x0
                0x0000000020000000                __log_dynamic_data_run_start__ = .
                0x0000000020000000                __start_log_dynamic_data = __log_dynamic_data_run_start__
                0x0000000020000000                . = MAX ((__log_dynamic_data_run_start__ + SIZEOF (.log_dynamic_data)), .)
                0x0000000020000000                __log_dynamic_data_run_end__ = (__log_dynamic_data_run_start__ + SIZEOF (.log_dynamic_data_run))
                0x0000000000000000                __log_dynamic_data_run_size__ = SIZEOF (.log_dynamic_data_run)
                0x0000000020000000                __stop_log_dynamic_data = __log_dynamic_data_run_end__
                0x0000000020000000                __log_dynamic_data_run_load_end__ = __log_dynamic_data_run_end__
                0x0000000000000001                . = ASSERT (((__log_dynamic_data_run_start__ == __log_dynamic_data_run_end__) || ((__log_dynamic_data_run_end__ >= __RAM_segment_start__) && (__log_dynamic_data_run_end__ <= __RAM_segment_end__))), error: .log_dynamic_data_run is too large to fit in RAM memory segment)
                0x000000000000a7dc                __log_filter_data_load_start__ = ALIGN ((__log_dynamic_data_load_start__ + SIZEOF (.log_dynamic_data)), 0x4)

.log_filter_data
                0x0000000020000000        0x0 load address 0x000000000000a7dc
                0x0000000020000000                __log_filter_data_start__ = .
 *(SORT_BY_NAME(.log_filter_data*))
                0x0000000020000000                __log_filter_data_end__ = (__log_filter_data_start__ + SIZEOF (.log_filter_data))
                0x0000000000000000                __log_filter_data_size__ = SIZEOF (.log_filter_data)
                0x000000000000a7dc                __log_filter_data_load_end__ = (__log_filter_data_load_start__ + SIZEOF (.log_filter_data))
                0x0000000000000001                . = ASSERT (((__log_filter_data_load_start__ == __log_filter_data_load_end__) || ((__log_filter_data_load_end__ >= __FLASH_segment_start__) && (__log_filter_data_load_end__ <= __FLASH_segment_end__))), error: .log_filter_data is too large to fit in FLASH memory segment)

.log_filter_data_run
                0x0000000020000000        0x0
                0x0000000020000000                __log_filter_data_run_start__ = .
                0x0000000020000000                __start_log_filter_data = __log_filter_data_run_start__
                0x0000000020000000                . = MAX ((__log_filter_data_run_start__ + SIZEOF (.log_filter_data)), .)
                0x0000000020000000                __log_filter_data_run_end__ = (__log_filter_data_run_start__ + SIZEOF (.log_filter_data_run))
                0x0000000000000000                __log_filter_data_run_size__ = SIZEOF (.log_filter_data_run)
                0x0000000020000000                __stop_log_filter_data = __log_filter_data_run_end__
                0x0000000020000000                __log_filter_data_run_load_end__ = __log_filter_data_run_end__
                0x0000000000000001                . = ASSERT (((__log_filter_data_run_start__ == __log_filter_data_run_end__) || ((__log_filter_data_run_end__ >= __RAM_segment_start__) && (__log_filter_data_run_end__ <= __RAM_segment_end__))), error: .log_filter_data_run is too large to fit in RAM memory segment)
                0x0000000020000000                __nrf_sections_run_end_load_start__ = ALIGN (__log_filter_data_run_end__, 0x4)

.nrf_sections_run_end
                0x0000000020000000        0x0
                0x0000000020000000                __nrf_sections_run_end_start__ = .
                0x0000000020000000                __end_nrf_sections_run = __nrf_sections_run_end_start__
 *(.nrf_sections_run_end .nrf_sections_run_end.*)
                0x0000000020000000                __nrf_sections_run_end_end__ = (__nrf_sections_run_end_start__ + SIZEOF (.nrf_sections_run_end))
                0x0000000000000000                __nrf_sections_run_end_size__ = SIZEOF (.nrf_sections_run_end)
                0x0000000020000000                __nrf_sections_run_end_load_end__ = __nrf_sections_run_end_end__
                0x0000000000000001                . = ASSERT (((__nrf_sections_run_end_start__ == __nrf_sections_run_end_end__) || ((__nrf_sections_run_end_end__ >= __RAM_segment_start__) && (__nrf_sections_run_end_end__ <= __RAM_segment_end__))), error: .nrf_sections_run_end is too large to fit in RAM memory segment)
                0x000000000000a7dc                __dtors_load_start__ = ALIGN ((__log_filter_data_load_start__ + SIZEOF (.log_filter_data)), 0x4)

.dtors          0x000000000000a7dc        0x0
                0x000000000000a7dc                __dtors_start__ = .
 *(SORT_BY_NAME(.dtors.*))
 *(.dtors)
 *(.fini_array)
 *(SORT_BY_NAME(.fini_array.*))
                0x000000000000a7dc                __dtors_end__ = (__dtors_start__ + SIZEOF (.dtors))
                0x0000000000000000                __dtors_size__ = SIZEOF (.dtors)
                0x000000000000a7dc                __dtors_load_end__ = __dtors_end__
                0x0000000000000001                . = ASSERT (((__dtors_start__ == __dtors_end__) || ((__dtors_end__ >= __FLASH_segment_start__) && (__dtors_end__ <= __FLASH_segment_end__))), error: .dtors is too large to fit in FLASH memory segment)
                0x000000000000a7dc                __ctors_load_start__ = ALIGN (__dtors_end__, 0x4)

.ctors          0x000000000000a7dc        0x0
                0x000000000000a7dc                __ctors_start__ = .
 *(SORT_BY_NAME(.ctors.*))
 *(.ctors)
 *(.init_array)
 *(SORT_BY_NAME(.init_array.*))
                0x000000000000a7dc                __ctors_end__ = (__ctors_start__ + SIZEOF (.ctors))
                0x0000000000000000                __ctors_size__ = SIZEOF (.ctors)
                0x000000000000a7dc                __ctors_load_end__ = __ctors_end__
                0x0000000000000001                . = ASSERT (((__ctors_start__ == __ctors_end__) || ((__ctors_end__ >= __FLASH_segment_start__) && (__ctors_end__ <= __FLASH_segment_end__))), error: .ctors is too large to fit in FLASH memory segment)
                0x000000000000a7dc                __rodata_load_start__ = ALIGN (__ctors_end__, 0x4)

.rodata         0x000000000000a7dc      0xfdc
                0x000000000000a7dc                __rodata_start__ = .
 *(.rodata .rodata.* .gnu.linkonce.r.*)
 .rodata        0x000000000000a7dc       0x64 Output/twi_scanner_pca10040 Debug/Obj/nrf_log_backend_uart.o
 .rodata.nrf_log_backend_uart_api
                0x000000000000a840        0xc Output/twi_scanner_pca10040 Debug/Obj/nrf_log_backend_uart.o
                0x000000000000a840                nrf_log_backend_uart_api
 .rodata        0x000000000000a84c       0x59 Output/twi_scanner_pca10040 Debug/Obj/nrf_log_default_backends.o
 *fill*         0x000000000000a8a5        0x3 
 .rodata.m_log_push_ringbuf
                0x000000000000a8a8        0xc Output/twi_scanner_pca10040 Debug/Obj/nrf_log_frontend.o
 .rodata        0x000000000000a8b4       0x55 Output/twi_scanner_pca10040 Debug/Obj/nrf_log_frontend.o
 *fill*         0x000000000000a909        0x3 
 .rodata        0x000000000000a90c       0xaa Output/twi_scanner_pca10040 Debug/Obj/nrf_log_str_formatter.o
 *fill*         0x000000000000a9b6        0x2 
 .rodata        0x000000000000a9b8       0x54 Output/twi_scanner_pca10040 Debug/Obj/boards.o
 .rodata.m_board_led_list
                0x000000000000aa0c        0x4 Output/twi_scanner_pca10040 Debug/Obj/boards.o
 .rodata.m_board_btn_list
                0x000000000000aa10        0x4 Output/twi_scanner_pca10040 Debug/Obj/boards.o
 .rodata        0x000000000000aa14       0x70 Output/twi_scanner_pca10040 Debug/Obj/app_error_weak.o
 .rodata        0x000000000000aa84       0x3b Output/twi_scanner_pca10040 Debug/Obj/app_util_platform.o
 *fill*         0x000000000000aabf        0x1 
 .rodata        0x000000000000aac0       0x36 Output/twi_scanner_pca10040 Debug/Obj/nrf_balloc.o
 *fill*         0x000000000000aaf6        0x2 
 .rodata        0x000000000000aaf8       0x2c Output/twi_scanner_pca10040 Debug/Obj/nrf_fprintf.o
 .rodata        0x000000000000ab24       0x33 Output/twi_scanner_pca10040 Debug/Obj/nrf_fprintf_format.o
 *fill*         0x000000000000ab57        0x1 
 .rodata._aV2C.7427
                0x000000000000ab58       0x10 Output/twi_scanner_pca10040 Debug/Obj/nrf_fprintf_format.o
 .rodata        0x000000000000ab68       0x36 Output/twi_scanner_pca10040 Debug/Obj/nrf_memobj.o
 *fill*         0x000000000000ab9e        0x2 
 .rodata.m_unknown_str
                0x000000000000aba0       0x13 Output/twi_scanner_pca10040 Debug/Obj/nrf_strerror.o
 *fill*         0x000000000000abb3        0x1 
 .rodata        0x000000000000abb4      0x3bd Output/twi_scanner_pca10040 Debug/Obj/nrf_strerror.o
 *fill*         0x000000000000af71        0x3 
 .rodata.nrf_strerror_array
                0x000000000000af74      0x118 Output/twi_scanner_pca10040 Debug/Obj/nrf_strerror.o
 .rodata        0x000000000000b08c       0x29 Output/twi_scanner_pca10040 Debug/Obj/nrf_drv_twi.o
 *fill*         0x000000000000b0b5        0xb 
 .rodata.delay_machine_code.7498
                0x000000000000b0c0        0x6 Output/twi_scanner_pca10040 Debug/Obj/nrf_drv_twi.o
 *fill*         0x000000000000b0c6        0x2 
 .rodata        0x000000000000b0c8       0x39 Output/twi_scanner_pca10040 Debug/Obj/nrfx_prs.o
 *fill*         0x000000000000b101        0x3 
 .rodata        0x000000000000b104       0x92 Output/twi_scanner_pca10040 Debug/Obj/nrfx_twim.o
 *fill*         0x000000000000b196        0x2 
 .rodata.irq_handlers.8430
                0x000000000000b198        0x8 Output/twi_scanner_pca10040 Debug/Obj/nrfx_twim.o
 .rodata        0x000000000000b1a0       0x92 Output/twi_scanner_pca10040 Debug/Obj/nrfx_uart.o
 *fill*         0x000000000000b232        0x2 
 .rodata.irq_handlers.8443
                0x000000000000b234        0x4 Output/twi_scanner_pca10040 Debug/Obj/nrfx_uart.o
 .rodata        0x000000000000b238       0x93 Output/twi_scanner_pca10040 Debug/Obj/nrfx_uarte.o
 *fill*         0x000000000000b2cb        0x1 
 .rodata.irq_handlers.8485
                0x000000000000b2cc        0x4 Output/twi_scanner_pca10040 Debug/Obj/nrfx_uarte.o
 .rodata        0x000000000000b2d0       0x94 Output/twi_scanner_pca10040 Debug/Obj/nrfx_gpiote.o
 .rodata.m_twi  0x000000000000b364       0x10 Output/twi_scanner_pca10040 Debug/Obj/main.o
 .rodata        0x000000000000b374      0x1ea Output/twi_scanner_pca10040 Debug/Obj/main.o
 *fill*         0x000000000000b55e        0x2 
 .rodata.delay_machine_code.7498
                0x000000000000b560        0x6 Output/twi_scanner_pca10040 Debug/Obj/main.o
 *fill*         0x000000000000b566        0x2 
 .rodata.int_mask_lookup_table
                0x000000000000b568        0xd Output/twi_scanner_pca10040 Debug/Obj/bmi160.o
                0x000000000000b568                int_mask_lookup_table
 *fill*         0x000000000000b575        0x3 
 .rodata.libc.__RAL_ascii_ctype_map
                0x000000000000b578       0x80 C:/Program Files/SEGGER/SEGGER Embedded Studio for ARM 4.12/lib/libc_v7em_fpv4_sp_d16_hard_t_le_eabi.a(libc2.o)
                0x000000000000b578                __RAL_ascii_ctype_map
 .rodata.libc.__RAL_ascii_ctype_mask
                0x000000000000b5f8        0xd C:/Program Files/SEGGER/SEGGER Embedded Studio for ARM 4.12/lib/libc_v7em_fpv4_sp_d16_hard_t_le_eabi.a(libc2.o)
 *fill*         0x000000000000b605        0x3 
 .rodata.libc.__RAL_c_locale
                0x000000000000b608        0xc C:/Program Files/SEGGER/SEGGER Embedded Studio for ARM 4.12/lib/libc_v7em_fpv4_sp_d16_hard_t_le_eabi.a(libc2.o)
                0x000000000000b608                __RAL_c_locale
 .rodata.libc.__RAL_c_locale_abbrev_day_names
                0x000000000000b614       0x1d C:/Program Files/SEGGER/SEGGER Embedded Studio for ARM 4.12/lib/libc_v7em_fpv4_sp_d16_hard_t_le_eabi.a(libc2.o)
                0x000000000000b614                __RAL_c_locale_abbrev_day_names
 *fill*         0x000000000000b631        0x3 
 .rodata.libc.__RAL_c_locale_abbrev_month_names
                0x000000000000b634       0x31 C:/Program Files/SEGGER/SEGGER Embedded Studio for ARM 4.12/lib/libc_v7em_fpv4_sp_d16_hard_t_le_eabi.a(libc2.o)
                0x000000000000b634                __RAL_c_locale_abbrev_month_names
 *fill*         0x000000000000b665        0x3 
 .rodata.libc.__RAL_c_locale_am_pm_indicator
                0x000000000000b668        0x7 C:/Program Files/SEGGER/SEGGER Embedded Studio for ARM 4.12/lib/libc_v7em_fpv4_sp_d16_hard_t_le_eabi.a(libc2.o)
                0x000000000000b668                __RAL_c_locale_am_pm_indicator
 *fill*         0x000000000000b66f        0x1 
 .rodata.libc.__RAL_c_locale_data
                0x000000000000b670       0x58 C:/Program Files/SEGGER/SEGGER Embedded Studio for ARM 4.12/lib/libc_v7em_fpv4_sp_d16_hard_t_le_eabi.a(libc2.o)
                0x000000000000b670                __RAL_c_locale_data
 .rodata.libc.__RAL_c_locale_date_format
                0x000000000000b6c8        0x9 C:/Program Files/SEGGER/SEGGER Embedded Studio for ARM 4.12/lib/libc_v7em_fpv4_sp_d16_hard_t_le_eabi.a(libc2.o)
                0x000000000000b6c8                __RAL_c_locale_date_format
 *fill*         0x000000000000b6d1        0x3 
 .rodata.libc.__RAL_c_locale_date_time_format
                0x000000000000b6d4        0xf C:/Program Files/SEGGER/SEGGER Embedded Studio for ARM 4.12/lib/libc_v7em_fpv4_sp_d16_hard_t_le_eabi.a(libc2.o)
                0x000000000000b6d4                __RAL_c_locale_date_time_format
 *fill*         0x000000000000b6e3        0x1 
 .rodata.libc.__RAL_c_locale_day_names
                0x000000000000b6e4       0x3a C:/Program Files/SEGGER/SEGGER Embedded Studio for ARM 4.12/lib/libc_v7em_fpv4_sp_d16_hard_t_le_eabi.a(libc2.o)
                0x000000000000b6e4                __RAL_c_locale_day_names
 *fill*         0x000000000000b71e        0x2 
 .rodata.libc.__RAL_c_locale_month_names
                0x000000000000b720       0x57 C:/Program Files/SEGGER/SEGGER Embedded Studio for ARM 4.12/lib/libc_v7em_fpv4_sp_d16_hard_t_le_eabi.a(libc2.o)
                0x000000000000b720                __RAL_c_locale_month_names
 *fill*         0x000000000000b777        0x1 
 .rodata.libc.__RAL_c_locale_time_format
                0x000000000000b778        0x9 C:/Program Files/SEGGER/SEGGER Embedded Studio for ARM 4.12/lib/libc_v7em_fpv4_sp_d16_hard_t_le_eabi.a(libc2.o)
                0x000000000000b778                __RAL_c_locale_time_format
 *fill*         0x000000000000b781        0x3 
 .rodata.libc.__RAL_codeset_ascii
                0x000000000000b784       0x20 C:/Program Files/SEGGER/SEGGER Embedded Studio for ARM 4.12/lib/libc_v7em_fpv4_sp_d16_hard_t_le_eabi.a(libc2.o)
                0x000000000000b784                __RAL_codeset_ascii
 .rodata.libc.__RAL_data_empty_string
                0x000000000000b7a4        0x1 C:/Program Files/SEGGER/SEGGER Embedded Studio for ARM 4.12/lib/libc_v7em_fpv4_sp_d16_hard_t_le_eabi.a(libc2.o)
                0x000000000000b7a4                __RAL_data_empty_string
 *fill*         0x000000000000b7a5        0x3 
 .rodata.libc.__RAL_data_utf8_period
                0x000000000000b7a8        0x2 C:/Program Files/SEGGER/SEGGER Embedded Studio for ARM 4.12/lib/libc_v7em_fpv4_sp_d16_hard_t_le_eabi.a(libc2.o)
                0x000000000000b7a8                __RAL_data_utf8_period
 *fill*         0x000000000000b7aa        0x2 
 .rodata.libc.__RAL_find_locale.str1.4
                0x000000000000b7ac        0xc C:/Program Files/SEGGER/SEGGER Embedded Studio for ARM 4.12/lib/libc_v7em_fpv4_sp_d16_hard_t_le_eabi.a(libc2.o)
                                          0xa (size before relaxing)
                0x000000000000b7b8                __rodata_end__ = (__rodata_start__ + SIZEOF (.rodata))
                0x0000000000000fdc                __rodata_size__ = SIZEOF (.rodata)
                0x000000000000b7b8                __rodata_load_end__ = __rodata_end__

.rel.dyn        0x000000000000b7b8        0x0
 .rel.iplt      0x000000000000b7b8        0x0 Output/twi_scanner_pca10040 Debug/Obj/thumb_crt0.o